{
  "sizing_scheme": "Fill",
  "axes_range": [
    -4.5,
    -2.5,
    1.5,
    2.5
  ],
  "padding": [
    0.05
  ],
  "drawables": [
    {
      "drawable": {
        "SegmentSequence": {
          "completion": "Closed",
          "segments": [
            {
              "Polyline": [
                [
                  -4.5,
                  -2.5
                ],
                [
                  -4.5,
                  2.5
                ],
                [
                  1.5,
                  2.5
                ],
                [
                  1.5,
                  -2.5
                ]
              ]
            }
          ]
        }
      }
    },
    {
      "drawable": {
        "Lines": {
          "path": {
            "coords": [
              [
                [
                  -4.5,
                  0.0
                ],
                [
                  1.5,
                  0.0
                ]
              ]
            ],
            "offsets": [
              [
                0.0,
                0.0
              ],
              [
                -0.0,
                -1.0
              ],
              [
                -0.0,
                -2.0
              ],
              [
                0.0,
                1.0
              ],
              [
                0.0,
                2.0
              ]
            ]
          },
          "path_choices": {
            "line_choice": "Light"
          }
        }
      }
    },
    {
      "drawable": {
        "Lines": {
          "path": {
            "coords": [
              [
                [
                  0.0,
                  -2.5
                ],
                [
                  0.0,
                  2.5
                ]
              ]
            ],
            "offsets": [
              [
                0.0,
                0.0
              ],
              [
                -1.0,
                -0.0
              ],
              [
                -2.0,
                -0.0
              ],
              [
                -3.0,
                -0.0
              ],
              [
                -4.0,
                -0.0
              ],
              [
                1.0,
                0.0
              ]
            ]
          },
          "path_choices": {
            "line_choice": "Light"
          }
        }
      }
    },
    {
      "drawable": {
        "Text": {
          "size_choice": "Small",
          "offset_choice": "Diagram",
          "anchor_choice": {
            "ThreeByThree": [
              "Center",
              "Top"
            ]
          },
          "texts": [
            {
              "content": "-4.0",
              "location": [
                -4.0,
                -2.5
              ]
            },
            {
              "content": "0.0",
              "location": [
                0.0,
                -2.5
              ]
            },
            {
              "content": "1.0",
              "location": [
                1.0,
                -2.5
              ]
            }
          ]
        }
      }
    },
    {
      "drawable": {
        "Text": {
          "size_choice": "Small",
          "offset_choice": "Diagram",
          "anchor_choice": {
            "ThreeByThree": [
              "Right",
              "Middle"
            ]
          },
          "texts": [
            {
              "content": "-2.0",
              "location": [
                -4.5,
                -2.0
              ]
            },
            {
              "content": "0.0",
              "location": [
                -4.5,
                0.0
              ]
            },
            {
              "content": "2.0",
              "location": [
                -4.5,
                2.0
              ]
            }
          ]
        }
      }
    },
    {
      "layer": 20,
      "drawable": {
        "Points": {
          "color_choice": "Blue",
          "centers": [
            [
              -2.0615595959595963,
              1.2121212121212122
            ],
            [
              -1.839403110618951,
              1.3022649201555454
            ],
            [
              -1.5228769472013008,
              1.389818956883139
            ],
            [
              -1.0653527891330783,
              1.4320055052027012
            ],
            [
              -0.4426222847799641,
              1.2935624476900913
            ],
            [
              0.132579567859922,
              0.6568490418741022
            ],
            [
              -0.12898755628279623,
              -0.6132675517306243
            ],
            [
              -1.3863995418754707,
              -1.549641027223734
            ],
            [
              -2.4582512442631486,
              -1.6343680640471006
            ],
            [
              -3.0023844537427946,
              -1.381753488648064
            ],
            [
              -3.241176393198164,
              -1.1062065901626394
            ],
            [
              -3.3410802159694,
              -0.8790920180083739
            ],
            [
              -3.379098746867168,
              -0.7017543859649121
            ]
          ]
        }
      }
    },
    {
      "layer": 30,
      "drawable": {
        "Polyline": {
          "path": [
            [
              -2.0615595959595963,
              1.2121212121212122
            ],
            [
              -2.0148397104835065,
              1.2331256901326197
            ],
            [
              -1.964267514810803,
              1.2546147177062594
            ],
            [
              -1.9094219104821768,
              1.2764818310395536
            ],
            [
              -1.8498320177589564,
              1.298574727172742
            ],
            [
              -1.784973501410739,
              1.3206802890197975
            ],
            [
              -1.7142663162540506,
              1.3425048404216156
            ],
            [
              -1.6370751477864998,
              1.3636481495794415
            ],
            [
              -1.552714564833536,
              1.3835693045417283
            ],
            [
              -1.4604620189421265,
              1.4015421588441168
            ],
            [
              -1.3595834800972646,
              1.4165976725490252
            ],
            [
              -1.2493788861801456,
              1.4274503442906263
            ],
            [
              -1.1292578969968996,
              1.4324064336472881
            ],
            [
              -0.9988607545723481,
              1.4292535515678604
            ],
            [
              -0.8582440263106069,
              1.4151357623647325
            ],
            [
              -0.7081553055403892,
              1.386427726913234
            ],
            [
              -0.5504210995974134,
              1.3386386590207116
            ],
            [
              -0.3884608428155601,
              1.266405252218382
            ],
            [
              -0.22790434209683152,
              1.1636731531181619
            ],
            [
              -0.07721229636982406,
              1.0242108476332306
            ],
            [
              0.051933018711089254,
              0.8426188754953506
            ],
            [
              0.14486700699727056,
              0.6159293378587528
            ],
            [
              0.18531314221931658,
              0.3456529742494818
            ],
            [
              0.15821519943330645,
              0.03969711189480027
            ],
            [
              0.05372020992274863,
              -0.28687287711678994
            ],
            [
              -0.1289875562827963,
              -0.6132675517306244
            ],
            [
              -0.37992730485068993,
              -0.9167952563674376
            ],
            [
              -0.6799520627314016,
              -1.1778362487394478
            ],
            [
              -1.005294270294135,
              -1.3838398246099033
            ],
            [
              -1.332941071418675,
              -1.5307551215643718
            ],
            [
              -1.6446350662023768,
              -1.6218393957984598
            ],
            [
              -1.9285120968469383,
              -1.6650128543221876
            ],
            [
              -2.1787259479769583,
              -1.6701173001987604
            ],
            [
              -2.3940148278085145,
              -1.6468902121922016
            ],
            [
              -2.5760615122244186,
              -1.6038346280565094
            ],
            [
              -2.7281201039042426,
              -1.5478010843661232
            ],
            [
              -2.8540532635421627,
              -1.4840043466340604
            ],
            [
              -2.9577432410493185,
              -1.4162462484221823
            ],
            [
              -3.042778491665252,
              -1.3472000547430691
            ],
            [
              -3.1123186630779114,
              -1.278681748446529
            ],
            [
              -3.169063686023342,
              -1.2118783078089361
            ],
            [
              -3.215277397329565,
              -1.1475269367713905
            ],
            [
              -3.2528355110706713,
              -1.0860499022628578
            ],
            [
              -3.283280940512966,
              -1.0276531593470755
            ],
            [
              -3.307877691086461,
              -0.9723970894552236
            ],
            [
              -3.327659340648783,
              -0.9202465033240225
            ],
            [
              -3.3434707579595715,
              -0.871105570567874
            ],
            [
              -3.356003057832975,
              -0.8248419563097789
            ],
            [
              -3.3658224087163617,
              -0.7813033109734149
            ],
            [
              -3.373393531063705,
              -0.740328384536862
            ],
            [
              -3.379098746867168,
              -0.7017543859649121
            ]
          ],
          "path_choices": {
            "color": "Red"
          }
        }
      }
    }
  ]
}
