{
  "drawables": [
    {
      "drawable": {
        "SegmentSequence": {
          "completion": "Closed",
          "segments": [
            {
              "Polyline": [
                [
                  -4.5,
                  -3.5
                ],
                [
                  -4.5,
                  3.5
                ],
                [
                  4.5,
                  3.5
                ],
                [
                  4.5,
                  -3.5
                ]
              ]
            }
          ]
        }
      }
    },
    {
      "drawable": {
        "Lines": {
          "path": {
            "coords": [
              [
                [
                  -4.5,
                  0.0
                ],
                [
                  4.5,
                  0.0
                ]
              ]
            ],
            "offsets": [
              [
                0.0,
                0.0
              ],
              [
                -0.0,
                -1.0
              ],
              [
                -0.0,
                -2.0
              ],
              [
                -0.0,
                -3.0
              ],
              [
                0.0,
                1.0
              ],
              [
                0.0,
                2.0
              ],
              [
                0.0,
                3.0
              ]
            ]
          },
          "path_choices": {
            "line_choice": "Light"
          }
        }
      }
    },
    {
      "drawable": {
        "Lines": {
          "path": {
            "coords": [
              [
                [
                  0.0,
                  -3.5
                ],
                [
                  0.0,
                  3.5
                ]
              ]
            ],
            "offsets": [
              [
                0.0,
                0.0
              ],
              [
                -1.0,
                -0.0
              ],
              [
                -2.0,
                -0.0
              ],
              [
                -3.0,
                -0.0
              ],
              [
                -4.0,
                -0.0
              ],
              [
                1.0,
                0.0
              ],
              [
                2.0,
                0.0
              ],
              [
                3.0,
                0.0
              ],
              [
                4.0,
                0.0
              ]
            ]
          },
          "path_choices": {
            "line_choice": "Light"
          }
        }
      }
    },
    {
      "layer": 30,
      "drawable": {
        "Polyline": {
          "path": [
            [
              -0.9999999999999999,
              -1.446997209922967e-16
            ],
            [
              -1.0028312179819758,
              0.11894567715818224
            ],
            [
              -1.0115314190414904,
              0.239841867867856
            ],
            [
              -1.0263913737955814,
              0.3622987225579038
            ],
            [
              -1.0476713606670747,
              0.4858850118160915
            ],
            [
              -1.0755947771091634,
              0.6101305722709138
            ],
            [
              -1.1103418847325641,
              0.7345298442789695
            ],
            [
              -1.152043895012424,
              0.8585465211923998
            ],
            [
              -1.2007776149710243,
              0.9816192867816268
            ],
            [
              -1.2565608750115682,
              1.1031685693814612
            ],
            [
              -1.3193489522432071,
              1.2226041910271703
            ],
            [
              -1.3890321812120898,
              1.3393337403507064
            ],
            [
              -1.465434909872312,
              1.452771452787297
            ],
            [
              -1.5483159128791255,
              1.5623473442481217
            ],
            [
              -1.63737031893498,
              1.6675163181257397
            ],
            [
              -1.732233047033631,
              1.7677669529663687
            ],
            [
              -1.83248368187426,
              1.8626296810650194
            ],
            [
              -1.9376526557518776,
              1.9516840871208738
            ],
            [
              -2.0472285472127023,
              2.0345650901276877
            ],
            [
              -2.160666259649293,
              2.1109678187879095
            ],
            [
              -2.2773958089728286,
              2.180651047756792
            ],
            [
              -2.396831430618538,
              2.2434391249884316
            ],
            [
              -2.518380713218373,
              2.2992223850289752
            ],
            [
              -2.6414534788075996,
              2.3479561049875755
            ],
            [
              -2.76547015572103,
              2.3896581152674354
            ],
            [
              -2.8898694277290855,
              2.424405222890836
            ],
            [
              -3.014114988183908,
              2.4523286393329253
            ],
            [
              -3.1377012774420954,
              2.473608626204418
            ],
            [
              -3.2601581321321436,
              2.4884685809585094
            ],
            [
              -3.381054322841817,
              2.497168782018024
            ],
            [
              -3.5,
              2.5
            ]
          ],
          "path_choices": {
            "color": "Green"
          }
        }
      }
    },
    {
      "layer": 20,
      "drawable": {
        "Points": {
          "color_choice": "Blue",
          "centers": [
            [
              -1.4999999999999998,
              -1.4999999999999998
            ],
            [
              -1.3339987654930958,
              -1.2483744038206515
            ],
            [
              -1.1943974783247822,
              -0.9665386759177707
            ],
            [
              -1.0882813335323303,
              -0.6584930324698998
            ],
            [
              -1.0219166471782635,
              -0.3303072758323389
            ],
            [
              -1.0000204483285844,
              0.010111440292475182
            ],
            [
              -1.0251262658470837,
              0.353553390593274
            ],
            [
              -1.0971884271135481,
              0.6902872917872209
            ],
            [
              -1.2135260185241878,
              1.0109583235891322
            ],
            [
              -1.369128129282609,
              1.3074345377820515
            ],
            [
              -1.557252408448767,
              1.5734458349501215
            ],
            [
              -1.770183647943154,
              1.8049197733297584
            ],
            [
              -2.0,
              2.0
            ]
          ]
        }
      }
    },
    {
      "layer": 20,
      "drawable": {
        "Points": {
          "point_choice": "Dot",
          "color_choice": "Blue",
          "centers": [
            [
              0.5000000000000002,
              -2.500000000000001
            ],
            [
              0.9508196721311479,
              -2.4590163934426235
            ],
            [
              1.461538461538462,
              -2.307692307692308
            ],
            [
              2.0000000000000004,
              -2.0
            ],
            [
              2.500000000000001,
              -1.5000000000000002
            ],
            [
              2.8648648648648654,
              -0.8108108108108105
            ],
            [
              3.000000000000001,
              0.0
            ],
            [
              2.8648648648648654,
              0.8108108108108112
            ],
            [
              2.500000000000001,
              1.5000000000000007
            ],
            [
              2.0000000000000004,
              2.0
            ],
            [
              1.4615384615384615,
              2.3076923076923084
            ],
            [
              0.9508196721311477,
              2.459016393442623
            ],
            [
              0.5000000000000001,
              2.500000000000001
            ]
          ]
        }
      }
    },
    {
      "layer": 30,
      "drawable": {
        "Polyline": {
          "path": [
            [
              0.5000000000000002,
              -2.500000000000001
            ],
            [
              0.6722090261282664,
              -2.4940617577197157
            ],
            [
              0.8553299492385787,
              -2.4746192893401022
            ],
            [
              1.0487804878048783,
              -2.439024390243903
            ],
            [
              1.2514450867052025,
              -2.3843930635838153
            ],
            [
              1.4615384615384617,
              -2.307692307692308
            ],
            [
              1.6764705882352944,
              -2.205882352941177
            ],
            [
              1.8927335640138414,
              -2.076124567474049
            ],
            [
              2.1058394160583944,
              -1.9160583941605844
            ],
            [
              2.3103448275862077,
              -1.724137931034483
            ],
            [
              2.500000000000001,
              -1.5000000000000004
            ],
            [
              2.6680497925311206,
              -1.244813278008299
            ],
            [
              2.8076923076923084,
              -0.9615384615384618
            ],
            [
              2.912663755458516,
              -0.6550218340611358
            ],
            [
              2.9778761061946906,
              -0.3318584070796462
            ],
            [
              3.000000000000001,
              -4.0927261579781765e-16
            ],
            [
              2.9778761061946906,
              0.3318584070796456
            ],
            [
              2.912663755458516,
              0.6550218340611353
            ],
            [
              2.807692307692309,
              0.9615384615384612
            ],
            [
              2.6680497925311215,
              1.2448132780082988
            ],
            [
              2.500000000000001,
              1.4999999999999996
            ],
            [
              2.3103448275862077,
              1.7241379310344824
            ],
            [
              2.105839416058395,
              1.9160583941605842
            ],
            [
              1.8927335640138414,
              2.0761245674740483
            ],
            [
              1.6764705882352948,
              2.2058823529411766
            ],
            [
              1.461538461538462,
              2.307692307692308
            ],
            [
              1.251445086705203,
              2.3843930635838153
            ],
            [
              1.048780487804879,
              2.4390243902439033
            ],
            [
              0.8553299492385793,
              2.474619289340102
            ],
            [
              0.6722090261282665,
              2.4940617577197153
            ],
            [
              0.5000000000000007,
              2.5000000000000004
            ]
          ],
          "path_choices": {
            "color": "Green"
          }
        }
      }
    }
  ]
}
