{
  "sizing_scheme": "SquareCenter",
  "base_height": 350.0,
  "axes_range": [
    -4.5,
    -3.5,
    2.5,
    3.5
  ],
  "padding": [
    0.05
  ],
  "drawables": [
    {
      "drawable": {
        "Polyline": {
          "segment_choices": {
            "closure": "Closes"
          },
          "locations": [
            [
              -4.5,
              -3.5
            ],
            [
              -4.5,
              3.5
            ],
            [
              2.5,
              3.5
            ],
            [
              2.5,
              -3.5
            ]
          ]
        }
      }
    },
    {
      "drawable": {
        "Lines": {
          "line_choice": "Light",
          "coords": [
            [
              [
                -4.5,
                0.0
              ],
              [
                2.5,
                0.0
              ]
            ]
          ],
          "offsets": [
            [
              0.0,
              0.0
            ],
            [
              -0.0,
              -1.0
            ],
            [
              -0.0,
              -2.0
            ],
            [
              -0.0,
              -3.0
            ],
            [
              0.0,
              1.0
            ],
            [
              0.0,
              2.0
            ],
            [
              0.0,
              3.0
            ]
          ]
        }
      }
    },
    {
      "drawable": {
        "Lines": {
          "line_choice": "Light",
          "coords": [
            [
              [
                0.0,
                -3.5
              ],
              [
                0.0,
                3.5
              ]
            ]
          ],
          "offsets": [
            [
              0.0,
              0.0
            ],
            [
              -1.0,
              -0.0
            ],
            [
              -2.0,
              -0.0
            ],
            [
              -3.0,
              -0.0
            ],
            [
              -4.0,
              -0.0
            ],
            [
              1.0,
              0.0
            ],
            [
              2.0,
              0.0
            ]
          ]
        }
      }
    },
    {
      "layer": 20,
      "drawable": {
        "Points": {
          "point_choice": "Dot",
          "color_choice": "Blue",
          "centers": [
            [
              0.0,
              2.0
            ],
            [
              0.1909722222222222,
              1.5393518518518519
            ],
            [
              0.2777777777777778,
              1.1481481481481481
            ],
            [
              0.28125,
              0.8125
            ],
            [
              0.2222222222222222,
              0.5185185185185185
            ],
            [
              0.12152777777777778,
              0.2523148148148148
            ],
            [
              0.0,
              0.0
            ],
            [
              -0.12152777777777778,
              -0.2523148148148148
            ],
            [
              -0.2222222222222222,
              -0.5185185185185185
            ],
            [
              -0.28125,
              -0.8125
            ],
            [
              -0.2777777777777778,
              -1.1481481481481481
            ],
            [
              -0.1909722222222222,
              -1.5393518518518519
            ],
            [
              0.0,
              -2.0
            ]
          ]
        }
      }
    },
    {
      "layer": 30,
      "drawable": {
        "Cubic": {
          "segment_choices": {
            "color": "Green"
          },
          "c": [
            [
              0.0,
              2.0
            ],
            [
              1.0,
              0.0
            ],
            [
              -1.0,
              0.0
            ],
            [
              0.0,
              -2.0
            ]
          ]
        }
      }
    }
  ]
}
