{
  "sizing_scheme": "SquareCenter",
  "base_width": 600.0,
  "base_height": 350.0,
  "axes_range": [
    -3.2,
    -3.5,
    9.8,
    3.5
  ],
  "padding": [
    0.05
  ],
  "drawables": [
    {
      "drawable": {
        "SegmentSequence": {
          "completion": "Closed",
          "segments": [
            {
              "Polyline": [
                [
                  -3.2,
                  -3.5
                ],
                [
                  -3.2,
                  3.5
                ],
                [
                  9.8,
                  3.5
                ],
                [
                  9.8,
                  -3.5
                ]
              ]
            }
          ]
        }
      }
    },
    {
      "drawable": {
        "Lines": {
          "path": {
            "coords": [
              [
                [
                  -3.2,
                  0.0
                ],
                [
                  9.8,
                  0.0
                ]
              ]
            ],
            "offsets": [
              [
                0.0,
                0.0
              ]
            ]
          },
          "path_choices": {
            "line_choice": "Light"
          }
        }
      }
    },
    {
      "drawable": {
        "Lines": {
          "path": {
            "coords": [
              [
                [
                  0.0,
                  -3.5
                ],
                [
                  0.0,
                  3.5
                ]
              ]
            ],
            "offsets": [
              [
                0.0,
                0.0
              ],
              [
                6.0,
                0.0
              ]
            ]
          },
          "path_choices": {
            "line_choice": "Light"
          }
        }
      }
    },
    {
      "layer": 10,
      "drawable": {
        "Points": {
          "color_choice": "YellowBrown",
          "centers": [
            [
              -2.2,
              1.0
            ],
            [
              0.8,
              -2.4
            ]
          ]
        }
      }
    },
    {
      "layer": 10,
      "drawable": {
        "Points": {
          "point_choice": "Plus",
          "color_choice": "YellowBrown",
          "centers": [
            [
              -1.8,
              -1.0
            ],
            [
              3.2,
              2.4
            ]
          ]
        }
      }
    },
    {
      "layer": 10,
      "drawable": {
        "Lines": {
          "path": {
            "coords": [
              [
                [
                  -2.2,
                  1.0
                ],
                [
                  -1.8,
                  -1.0
                ]
              ],
              [
                [
                  0.8,
                  -2.4
                ],
                [
                  3.2,
                  2.4
                ]
              ]
            ]
          },
          "path_choices": {
            "line_choice": "Light",
            "color": "YellowBrown"
          }
        }
      }
    },
    {
      "layer": 20,
      "drawable": {
        "Points": {
          "color_choice": "Blue",
          "centers": [
            [
              0.3499999999999998,
              0.35000000000000003
            ]
          ]
        }
      }
    },
    {
      "layer": 30,
      "drawable": {
        "Cubic": {
          "path": {
            "r": [
              -3.0,
              3.0
            ],
            "p": [
              [
                -2.2,
                1.0
              ],
              [
                -1.8,
                -1.0
              ],
              [
                3.2,
                2.4
              ],
              [
                0.8,
                -2.4
              ]
            ]
          },
          "path_choices": {
            "color": "Green"
          }
        }
      }
    },
    {
      "drawable": {
        "Lines": {
          "path": {
            "coords": [
              [
                [
                  -0.7,
                  -0.7
                ],
                [
                  0.7,
                  0.7
                ]
              ]
            ],
            "offsets": [
              [
                0.0,
                0.0
              ]
            ]
          },
          "path_choices": {
            "color": "Red"
          }
        }
      }
    },
    {
      "drawable": {
        "Lines": {
          "path": {
            "coords": [
              [
                [
                  -2.2,
                  1.0
                ],
                [
                  0.8,
                  -2.4
                ]
              ],
              [
                [
                  -1.8,
                  -1.0
                ],
                [
                  3.2,
                  2.4
                ]
              ]
            ],
            "offsets": [
              [
                0.0,
                0.0
              ]
            ]
          },
          "path_choices": {
            "line_choice": "Light"
          }
        }
      }
    },
    {
      "drawable": {
        "Lines": {
          "path": {
            "coords": [
              [
                [
                  -2.0,
                  0.0
                ],
                [
                  2.0,
                  0.0
                ]
              ]
            ],
            "offsets": [
              [
                0.0,
                0.0
              ],
              [
                0.35,
                0.35
              ]
            ]
          },
          "path_choices": {
            "color": "Blue"
          }
        }
      }
    },
    {
      "layer": 10,
      "drawable": {
        "Points": {
          "color_choice": "YellowBrown",
          "centers": [
            [
              4.0,
              0.0
            ],
            [
              8.0,
              0.0
            ]
          ]
        }
      }
    },
    {
      "layer": 10,
      "drawable": {
        "Points": {
          "point_choice": "Plus",
          "color_choice": "YellowBrown",
          "centers": [
            [
              6.0,
              -1.5
            ],
            [
              6.0,
              1.5
            ]
          ]
        }
      }
    },
    {
      "layer": 10,
      "drawable": {
        "Lines": {
          "path": {
            "coords": [
              [
                [
                  4.0,
                  0.0
                ],
                [
                  6.0,
                  -1.5
                ]
              ],
              [
                [
                  8.0,
                  0.0
                ],
                [
                  6.0,
                  1.5
                ]
              ]
            ]
          },
          "path_choices": {
            "line_choice": "Light",
            "color": "YellowBrown"
          }
        }
      }
    },
    {
      "layer": 20,
      "drawable": {
        "Points": {
          "color_choice": "Blue",
          "centers": [
            [
              6.0,
              0.0
            ]
          ]
        }
      }
    },
    {
      "layer": 30,
      "drawable": {
        "Cubic": {
          "path": {
            "r": [
              -3.0,
              3.0
            ],
            "p": [
              [
                4.0,
                0.0
              ],
              [
                6.0,
                -1.5
              ],
              [
                6.0,
                1.5
              ],
              [
                8.0,
                0.0
              ]
            ]
          },
          "path_choices": {
            "color": "Green"
          }
        }
      }
    },
    {
      "drawable": {
        "Lines": {
          "path": {
            "coords": [
              [
                [
                  0.0,
                  0.0
                ],
                [
                  -0.0,
                  -0.0
                ]
              ]
            ],
            "offsets": [
              [
                6.0,
                0.0
              ]
            ]
          },
          "path_choices": {
            "color": "Red"
          }
        }
      }
    }
  ]
}
