{
  "drawables": [
    {
      "drawable": {
        "SegmentSequence": {
          "completion": "Closed",
          "segments": [
            {
              "Polyline": [
                [
                  -4.5,
                  -2.5
                ],
                [
                  -4.5,
                  2.5
                ],
                [
                  1.5,
                  2.5
                ],
                [
                  1.5,
                  -2.5
                ]
              ]
            }
          ]
        }
      }
    },
    {
      "drawable": {
        "Lines": {
          "path": {
            "coords": [
              [
                [
                  -4.5,
                  0.0
                ],
                [
                  1.5,
                  0.0
                ]
              ]
            ],
            "offsets": [
              [
                0.0,
                0.0
              ],
              [
                -0.0,
                -1.0
              ],
              [
                -0.0,
                -2.0
              ],
              [
                0.0,
                1.0
              ],
              [
                0.0,
                2.0
              ]
            ]
          },
          "path_choices": {
            "line_choice": "Light"
          }
        }
      }
    },
    {
      "drawable": {
        "Lines": {
          "path": {
            "coords": [
              [
                [
                  0.0,
                  -2.5
                ],
                [
                  0.0,
                  2.5
                ]
              ]
            ],
            "offsets": [
              [
                0.0,
                0.0
              ],
              [
                -1.0,
                -0.0
              ],
              [
                -2.0,
                -0.0
              ],
              [
                -3.0,
                -0.0
              ],
              [
                -4.0,
                -0.0
              ],
              [
                1.0,
                0.0
              ]
            ]
          },
          "path_choices": {
            "line_choice": "Light"
          }
        }
      }
    },
    {
      "drawable": {
        "Text": {
          "size_choice": "Small",
          "offset_choice": "Diagram",
          "anchor_choice": {
            "ThreeByThree": [
              "Center",
              "Top"
            ]
          },
          "texts": [
            {
              "content": "-4.0",
              "location": [
                -4.0,
                -2.5
              ]
            },
            {
              "content": "0.0",
              "location": [
                0.0,
                -2.5
              ]
            },
            {
              "content": "1.0",
              "location": [
                1.0,
                -2.5
              ]
            }
          ]
        }
      }
    },
    {
      "drawable": {
        "Text": {
          "size_choice": "Small",
          "offset_choice": "Diagram",
          "anchor_choice": {
            "ThreeByThree": [
              "Right",
              "Middle"
            ]
          },
          "texts": [
            {
              "content": "-2.0",
              "location": [
                -4.5,
                -2.0
              ]
            },
            {
              "content": "0.0",
              "location": [
                -4.5,
                0.0
              ]
            },
            {
              "content": "2.0",
              "location": [
                -4.5,
                2.0
              ]
            }
          ]
        }
      }
    },
    {
      "layer": 20,
      "drawable": {
        "Points": {
          "color_choice": "Blue",
          "centers": [
            [
              -2.061559595959596,
              1.212121212121212
            ],
            [
              -1.8384928511434808,
              1.3025845312087543
            ],
            [
              -1.5204902321747493,
              1.3903008655035032
            ],
            [
              -1.0607287773128775,
              1.4318921431892142
            ],
            [
              -0.4358064516129027,
              1.2903225806451608
            ],
            [
              0.1361028765626899,
              0.6457094307561587
            ],
            [
              -0.13941151832460769,
              -0.6282722513089019
            ],
            [
              -1.4010149921790416,
              -1.5545662375165452
            ],
            [
              -2.466069387755104,
              -1.6326530612244905
            ],
            [
              -3.0053747126436794,
              -1.3793103448275865
            ],
            [
              -3.2421215616922883,
              -1.1046116174670115
            ],
            [
              -3.341290276224693,
              -0.8783992767243226
            ],
            [
              -3.3790987468671694,
              -0.7017543859649125
            ]
          ]
        }
      }
    },
    {
      "layer": 30,
      "drawable": {
        "Polyline": {
          "path": [
            [
              -2.061559595959596,
              1.212121212121212
            ],
            [
              -2.0146597038408243,
              1.2332044631124814
            ],
            [
              -1.9638853845111426,
              1.2547722185617691
            ],
            [
              -1.9088126259627254,
              1.2767164529098287
            ],
            [
              -1.848967318435754,
              1.2988826815642456
            ],
            [
              -1.783821605828618,
              1.321054772735678
            ],
            [
              -1.712791703509212,
              1.3429349190107533
            ],
            [
              -1.635238488220917,
              1.3641172662211312
            ],
            [
              -1.5504729237665404,
              1.3840532989469156
            ],
            [
              -1.4577695280550764,
              1.4020066551748087
            ],
            [
              -1.3563927761055798,
              1.4169946746932158
            ],
            [
              -1.2456437673540597,
              1.4277138748183174
            ],
            [
              -1.1249378549466447,
              1.4324470971242536
            ],
            [
              -0.9939283003846018,
              1.4289520454125149
            ],
            [
              -0.8526960125991272,
              1.4143356887012026
            ],
            [
              -0.7020296382504118,
              1.3849287169042768
            ],
            [
              -0.5438200705442972,
              1.3361919911473819
            ],
            [
              -0.3815812720558848,
              1.2627159851909622
            ],
            [
              -0.2210719493139831,
              1.1584152058049182
            ],
            [
              -0.07091224420897957,
              1.0170635931271796
            ],
            [
              0.05704583333333368,
              0.8333333333333327
            ],
            [
              0.14800285918715805,
              0.6044247975686983
            ],
            [
              0.185652957815019,
              0.33212688950393765
            ],
            [
              0.15509169253475127,
              0.02470502362217224
            ],
            [
              0.04683347924127851,
              -0.30242737763629274
            ],
            [
              -0.1394115183246084,
              -0.6282722513089024
            ],
            [
              -0.39313154047170173,
              -0.9301710165062362
            ],
            [
              -0.6948226133742063,
              -1.1887827190650688
            ],
            [
              -1.020635766070567,
              -1.3919768003866617
            ],
            [
              -1.3477278177003225,
              -1.5361164380193753
            ],
            [
              -1.6581506125080616,
              -1.6247582205029028
            ],
            [
              -1.9403678666658875,
              -1.6659731948733891
            ],
            [
              -2.1888017610701898,
              -1.6696300059266798
            ],
            [
              -2.402372401254577,
              -1.6454159944029596
            ],
            [
              -2.5828648903624973,
              -1.6017500982721204
            ],
            [
              -2.7335767999233074,
              -1.5453935384910373
            ],
            [
              -2.8583768959435645,
              -1.481481481481482
            ],
            [
              -2.961132995899341,
              -1.4137513134199755
            ],
            [
              -3.04540985923367,
              -1.344827200661904
            ],
            [
              -3.1143409086658647,
              -1.276489275397482
            ],
            [
              -3.1706009165902858,
              -1.2098991750687447
            ],
            [
              -3.2164312736107554,
              -1.145776683148615
            ],
            [
              -3.253688492615483,
              -1.084532415114132
            ],
            [
              -3.2838994832719526,
              -1.0263647755891623
            ],
            [
              -3.308315131109071,
              -0.9713294561779412
            ],
            [
              -3.3279583709080263,
              -0.9193885406356537
            ],
            [
              -3.3436654943176616,
              -0.8704447966419832
            ],
            [
              -3.3561207310409866,
              -0.8243653654517245
            ],
            [
              -3.365884734197401,
              -0.7809979418145409
            ],
            [
              -3.373417809881363,
              -0.7401816754755336
            ],
            [
              -3.379098746867169,
              -0.7017543859649124
            ]
          ],
          "path_choices": {
            "color": "Red"
          }
        }
      }
    }
  ]
}
