{
  "drawables": [
    {
      "drawable": {
        "SegmentSequence": {
          "completion": "Closed",
          "segments": [
            {
              "Polyline": [
                [
                  -4.5,
                  -3.5
                ],
                [
                  -4.5,
                  3.5
                ],
                [
                  2.5,
                  3.5
                ],
                [
                  2.5,
                  -3.5
                ]
              ]
            }
          ]
        }
      }
    },
    {
      "drawable": {
        "Lines": {
          "path": {
            "coords": [
              [
                [
                  -4.5,
                  0.0
                ],
                [
                  2.5,
                  0.0
                ]
              ]
            ],
            "offsets": [
              [
                0.0,
                0.0
              ],
              [
                -0.0,
                -1.0
              ],
              [
                -0.0,
                -2.0
              ],
              [
                -0.0,
                -3.0
              ],
              [
                0.0,
                1.0
              ],
              [
                0.0,
                2.0
              ],
              [
                0.0,
                3.0
              ]
            ]
          },
          "path_choices": {
            "line_choice": "Light"
          }
        }
      }
    },
    {
      "drawable": {
        "Lines": {
          "path": {
            "coords": [
              [
                [
                  0.0,
                  -3.5
                ],
                [
                  0.0,
                  3.5
                ]
              ]
            ],
            "offsets": [
              [
                0.0,
                0.0
              ],
              [
                -1.0,
                -0.0
              ],
              [
                -2.0,
                -0.0
              ],
              [
                -3.0,
                -0.0
              ],
              [
                -4.0,
                -0.0
              ],
              [
                1.0,
                0.0
              ],
              [
                2.0,
                0.0
              ]
            ]
          },
          "path_choices": {
            "line_choice": "Light"
          }
        }
      }
    },
    {
      "layer": 10,
      "drawable": {
        "Points": {
          "color_choice": "YellowBrown",
          "centers": [
            [
              2.0,
              0.75
            ],
            [
              0.9000000000000001,
              1.7500000000000002
            ]
          ]
        }
      }
    },
    {
      "layer": 10,
      "drawable": {
        "Points": {
          "point_choice": "Times",
          "color_choice": "YellowBrown",
          "centers": [
            [
              2.0625,
              1.5625
            ]
          ]
        }
      }
    },
    {
      "layer": 10,
      "drawable": {
        "Lines": {
          "path": {
            "coords": [
              [
                [
                  2.0,
                  0.75
                ],
                [
                  2.0625,
                  1.5625
                ]
              ],
              [
                [
                  0.9000000000000001,
                  1.7500000000000002
                ],
                [
                  2.0625,
                  1.5625
                ]
              ]
            ]
          },
          "path_choices": {
            "line_choice": "Light",
            "color": "YellowBrown"
          }
        }
      }
    },
    {
      "layer": 20,
      "drawable": {
        "Points": {
          "point_choice": "Dot",
          "color_choice": "Blue",
          "centers": [
            [
              2.0009164297853617,
              0.8699054066118777
            ],
            [
              1.984518692877093,
              0.9865830070280757
            ],
            [
              1.9502432784669816,
              1.0988309327984043
            ],
            [
              1.8978289859958621,
              1.2054699253892596
            ],
            [
              1.8273413533168767,
              1.305381012770593
            ],
            [
              1.7391832724372418,
              1.3975424859373682
            ],
            [
              1.634090356509579,
              1.481063737140864
            ],
            [
              1.5131108647826563,
              1.5552136719467193
            ],
            [
              1.3775713077478182,
              1.6194418152703711
            ],
            [
              1.2290300660716869,
              1.6733908495784446
            ],
            [
              1.0692223016097475,
              1.7169000685897087
            ]
          ]
        }
      }
    },
    {
      "layer": 30,
      "drawable": {
        "Arc": {
          "path": {
            "angle_range": [
              -0.46364760900080615,
              0.46364760900080615
            ],
            "center": [
              -0.9999999999999997,
              3.3306690738754696e-16
            ],
            "transform": [
              2.7391832724372414,
              1.3975424859373682,
              -1.2298373876248836,
              1.1180339887498942
            ]
          },
          "path_choices": {
            "color": "Green"
          }
        }
      }
    },
    {
      "layer": 10,
      "drawable": {
        "Points": {
          "color_choice": "YellowBrown",
          "centers": [
            [
              0.9000000000000001,
              1.7500000000000002
            ],
            [
              -4.0,
              -0.75
            ]
          ]
        }
      }
    },
    {
      "layer": 10,
      "drawable": {
        "Points": {
          "point_choice": "Times",
          "color_choice": "YellowBrown",
          "centers": [
            [
              -3.75,
              2.5
            ]
          ]
        }
      }
    },
    {
      "layer": 10,
      "drawable": {
        "Lines": {
          "path": {
            "coords": [
              [
                [
                  0.9000000000000001,
                  1.7500000000000002
                ],
                [
                  -3.75,
                  2.5
                ]
              ],
              [
                [
                  -4.0,
                  -0.75
                ],
                [
                  -3.75,
                  2.5
                ]
              ]
            ]
          },
          "path_choices": {
            "line_choice": "Light",
            "color": "YellowBrown"
          }
        }
      }
    },
    {
      "layer": 20,
      "drawable": {
        "Points": {
          "point_choice": "Dot",
          "color_choice": "Blue",
          "centers": [
            [
              0.5158187909542119,
              1.7870075278277104
            ],
            [
              0.056756446981781734,
              1.7780289497103523
            ],
            [
              -0.4700917396205766,
              1.7115605143318697
            ],
            [
              -1.0470402710870144,
              1.5793733893348145
            ],
            [
              -1.6456355189936276,
              1.3794449063233216
            ],
            [
              -2.229837387624885,
              1.1180339887498953
            ],
            [
              -2.7623921208273345,
              0.8096711298775526
            ],
            [
              -3.2123540593715316,
              0.47462145653659116
            ],
            [
              -3.560774523439649,
              0.1346815429956079
            ],
            [
              -3.802506985475612,
              -0.19098300562505272
            ],
            [
              -3.9441766732724552,
              -0.4885003620838542
            ]
          ]
        }
      }
    },
    {
      "layer": 30,
      "drawable": {
        "Arc": {
          "path": {
            "angle_range": [
              -1.1071487177940904,
              1.1071487177940904
            ],
            "center": [
              -1.0,
              -3.3306690738754696e-16
            ],
            "transform": [
              -1.229837387624885,
              1.1180339887498953,
              -2.7391832724372427,
              -1.397542485937369
            ]
          },
          "path_choices": {
            "color": "Green"
          }
        }
      }
    },
    {
      "layer": 30,
      "drawable": {
        "Arc": {
          "path": {
            "angle_range": [
              -1.5707963267948966,
              1.5707963267948966
            ],
            "center": [
              -1.0000000000000002,
              2.220446049250313e-16
            ],
            "transform": [
              -0.12500000000000017,
              -1.6250000000000002,
              -3.0,
              -0.75
            ]
          },
          "path_choices": {
            "color": "RedRedBlue"
          }
        }
      }
    }
  ]
}
