{
  "sizing_scheme": "Fill",
  "axes_range": [
    -12.0,
    -5.0,
    12.0,
    1.0
  ],
  "padding": [
    0.05
  ],
  "drawables": [
    {
      "drawable": {
        "SegmentSequence": {
          "completion": "Closed",
          "segments": [
            {
              "Polyline": [
                [
                  -12.0,
                  -5.0
                ],
                [
                  -12.0,
                  1.0
                ],
                [
                  12.0,
                  1.0
                ],
                [
                  12.0,
                  -5.0
                ]
              ]
            }
          ]
        }
      }
    },
    {
      "drawable": {
        "Lines": {
          "path": {
            "coords": [
              [
                [
                  -12.0,
                  0.0
                ],
                [
                  12.0,
                  0.0
                ]
              ]
            ],
            "offsets": [
              [
                0.0,
                0.0
              ],
              [
                -0.0,
                -1.0
              ],
              [
                -0.0,
                -2.0
              ],
              [
                -0.0,
                -3.0
              ],
              [
                -0.0,
                -4.0
              ]
            ]
          },
          "path_choices": {
            "line_choice": "Light"
          }
        }
      }
    },
    {
      "drawable": {
        "Lines": {
          "path": {
            "coords": [
              [
                [
                  0.0,
                  -5.0
                ],
                [
                  0.0,
                  1.0
                ]
              ]
            ],
            "offsets": [
              [
                0.0,
                0.0
              ],
              [
                -2.0,
                -0.0
              ],
              [
                -4.0,
                -0.0
              ],
              [
                -6.0,
                -0.0
              ],
              [
                -8.0,
                -0.0
              ],
              [
                -10.0,
                -0.0
              ],
              [
                2.0,
                0.0
              ],
              [
                4.0,
                0.0
              ],
              [
                6.0,
                0.0
              ],
              [
                8.0,
                0.0
              ],
              [
                10.0,
                0.0
              ]
            ]
          },
          "path_choices": {
            "line_choice": "Light"
          }
        }
      }
    },
    {
      "drawable": {
        "Text": {
          "size_choice": "Small",
          "offset_choice": "Diagram",
          "anchor_choice": {
            "ThreeByThree": [
              "Center",
              "Top"
            ]
          },
          "texts": [
            {
              "content": "-12.0",
              "location": [
                -12.0,
                -5.0
              ]
            },
            {
              "content": "0.0",
              "location": [
                0.0,
                -5.0
              ]
            },
            {
              "content": "12.0",
              "location": [
                12.0,
                -5.0
              ]
            }
          ]
        }
      }
    },
    {
      "drawable": {
        "Text": {
          "size_choice": "Small",
          "offset_choice": "Diagram",
          "anchor_choice": {
            "ThreeByThree": [
              "Right",
              "Middle"
            ]
          },
          "texts": [
            {
              "content": "-5.0",
              "location": [
                -12.0,
                -5.0
              ]
            },
            {
              "content": "0.0",
              "location": [
                -12.0,
                0.0
              ]
            },
            {
              "content": "1.0",
              "location": [
                -12.0,
                1.0
              ]
            }
          ]
        }
      }
    },
    {
      "layer": 20,
      "drawable": {
        "Points": {
          "color_choice": "Blue",
          "centers": [
            [
              -10.0,
              -2.6163965367965365
            ],
            [
              -8.333333333333334,
              -2.4498149933949804
            ],
            [
              -6.666666666666666,
              -2.1984951382268827
            ],
            [
              -5.0,
              -1.7998434210526308
            ],
            [
              -3.333333333333333,
              -1.1542587112171838
            ],
            [
              -1.6666666666666663,
              -0.2513618110236218
            ],
            [
              4.440892098500626e-16,
              0.14959047619047608
            ],
            [
              1.6666666666666672,
              -0.9253522321428576
            ],
            [
              3.333333333333334,
              -2.146240668523677
            ],
            [
              5.000000000000001,
              -2.796956060606061
            ],
            [
              6.666666666666668,
              -3.1000574811625405
            ],
            [
              8.333333333333334,
              -3.245003592375367
            ],
            [
              10.0,
              -3.317581042654028
            ]
          ]
        }
      }
    },
    {
      "layer": 30,
      "drawable": {
        "Polyline": {
          "path": [
            [
              -10.0,
              -2.6163965367965365
            ],
            [
              -9.6,
              -2.58199043364973
            ],
            [
              -9.2,
              -2.5443766593142167
            ],
            [
              -8.8,
              -2.503141737058696
            ],
            [
              -8.4,
              -2.4578070842129955
            ],
            [
              -8.0,
              -2.4078178343949044
            ],
            [
              -7.6,
              -2.3525300027754645
            ],
            [
              -7.2,
              -2.291196057021535
            ],
            [
              -6.8,
              -2.2229492517459257
            ],
            [
              -6.3999999999999995,
              -2.1467876326381266
            ],
            [
              -6.0,
              -2.061559595959596
            ],
            [
              -5.6,
              -1.9659545902373483
            ],
            [
              -5.199999999999999,
              -1.858505430991529
            ],
            [
              -4.8,
              -1.7376134668892596
            ],
            [
              -4.3999999999999995,
              -1.6016154709918897
            ],
            [
              -3.9999999999999996,
              -1.4489228070175435
            ],
            [
              -3.5999999999999996,
              -1.2782799683293742
            ],
            [
              -3.1999999999999997,
              -1.089209847806625
            ],
            [
              -2.8,
              -0.8827298885511652
            ],
            [
              -2.3999999999999995,
              -0.6624153493699881
            ],
            [
              -1.9999999999999996,
              -0.4358064516129029
            ],
            [
              -1.5999999999999996,
              -0.2159287157287155
            ],
            [
              -1.1999999999999995,
              -0.022255821371610616
            ],
            [
              -0.7999999999999995,
              0.12010849220104
            ],
            [
              -0.39999999999999947,
              0.1844058931860037
            ],
            [
              5.551115123125783e-16,
              0.14959047619047605
            ],
            [
              0.4000000000000006,
              0.008624091778202387
            ],
            [
              0.8000000000000006,
              -0.22707895716946042
            ],
            [
              1.2000000000000006,
              -0.5305474426807764
            ],
            [
              1.6000000000000005,
              -0.8680694942903756
            ],
            [
              2.000000000000001,
              -1.2086814814814821
            ],
            [
              2.400000000000001,
              -1.5299078353253661
            ],
            [
              2.8000000000000007,
              -1.818900118063755
            ],
            [
              3.2000000000000006,
              -2.0706618599791016
            ],
            [
              3.6000000000000005,
              -2.285379132040628
            ],
            [
              4.000000000000001,
              -2.4660693877551028
            ],
            [
              4.4,
              -2.61694258857556
            ],
            [
              4.800000000000001,
              -2.7424247912652535
            ],
            [
              5.200000000000001,
              -2.846655065827133
            ],
            [
              5.6000000000000005,
              -2.9332742447516647
            ],
            [
              6.000000000000001,
              -3.005374712643679
            ],
            [
              6.400000000000001,
              -3.0655294653957736
            ],
            [
              6.800000000000001,
              -3.115853918260218
            ],
            [
              7.200000000000001,
              -3.1580760640108956
            ],
            [
              7.600000000000001,
              -3.193603350915297
            ],
            [
              8.000000000000002,
              -3.2235815602836886
            ],
            [
              8.4,
              -3.2489444704657826
            ],
            [
              8.8,
              -3.2704547282738816
            ],
            [
              9.200000000000001,
              -3.2887370002208978
            ],
            [
              9.600000000000001,
              -3.304304639280605
            ],
            [
              10.000000000000002,
              -3.3175810426540284
            ]
          ],
          "path_choices": {
            "color": "Red"
          }
        }
      }
    }
  ]
}
