{
  "sizing_scheme": "Fill",
  "axes_range": [
    -4.5,
    -2.5,
    1.5,
    2.5
  ],
  "padding": [
    0.05
  ],
  "drawables": [
    {
      "drawable": {
        "SegmentSequence": {
          "completion": "Closed",
          "segments": [
            {
              "Polyline": [
                [
                  -4.5,
                  -2.5
                ],
                [
                  -4.5,
                  2.5
                ],
                [
                  1.5,
                  2.5
                ],
                [
                  1.5,
                  -2.5
                ]
              ]
            }
          ]
        }
      }
    },
    {
      "drawable": {
        "Lines": {
          "path": {
            "coords": [
              [
                [
                  -4.5,
                  0.0
                ],
                [
                  1.5,
                  0.0
                ]
              ]
            ],
            "offsets": [
              [
                0.0,
                0.0
              ],
              [
                -0.0,
                -1.0
              ],
              [
                -0.0,
                -2.0
              ],
              [
                0.0,
                1.0
              ],
              [
                0.0,
                2.0
              ]
            ]
          },
          "path_choices": {
            "line_choice": "Light"
          }
        }
      }
    },
    {
      "drawable": {
        "Lines": {
          "path": {
            "coords": [
              [
                [
                  0.0,
                  -2.5
                ],
                [
                  0.0,
                  2.5
                ]
              ]
            ],
            "offsets": [
              [
                0.0,
                0.0
              ],
              [
                -1.0,
                -0.0
              ],
              [
                -2.0,
                -0.0
              ],
              [
                -3.0,
                -0.0
              ],
              [
                -4.0,
                -0.0
              ],
              [
                1.0,
                0.0
              ]
            ]
          },
          "path_choices": {
            "line_choice": "Light"
          }
        }
      }
    },
    {
      "drawable": {
        "Text": {
          "size_choice": "Small",
          "offset_choice": "Diagram",
          "anchor_choice": {
            "ThreeByThree": [
              "Center",
              "Top"
            ]
          },
          "texts": [
            {
              "content": "-4.0",
              "location": [
                -4.0,
                -2.5
              ]
            },
            {
              "content": "0.0",
              "location": [
                0.0,
                -2.5
              ]
            },
            {
              "content": "1.0",
              "location": [
                1.0,
                -2.5
              ]
            }
          ]
        }
      }
    },
    {
      "drawable": {
        "Text": {
          "size_choice": "Small",
          "offset_choice": "Diagram",
          "anchor_choice": {
            "ThreeByThree": [
              "Right",
              "Middle"
            ]
          },
          "texts": [
            {
              "content": "-2.0",
              "location": [
                -4.5,
                -2.0
              ]
            },
            {
              "content": "0.0",
              "location": [
                -4.5,
                0.0
              ]
            },
            {
              "content": "2.0",
              "location": [
                -4.5,
                2.0
              ]
            }
          ]
        }
      }
    },
    {
      "layer": 20,
      "drawable": {
        "Points": {
          "color_choice": "Blue",
          "centers": [
            [
              -2.061559595959596,
              1.2121212121212122
            ],
            [
              -1.8384928511434808,
              1.3025845312087543
            ],
            [
              -1.520490232174749,
              1.3903008655035032
            ],
            [
              -1.0607287773128775,
              1.4318921431892144
            ],
            [
              -0.435806451612903,
              1.2903225806451613
            ],
            [
              0.13610287656268966,
              0.6457094307561594
            ],
            [
              -0.1394115183246079,
              -0.6282722513089003
            ],
            [
              -1.4010149921790414,
              -1.5545662375165443
            ],
            [
              -2.466069387755103,
              -1.6326530612244896
            ],
            [
              -3.0053747126436785,
              -1.3793103448275859
            ],
            [
              -3.242121561692288,
              -1.104611617467011
            ],
            [
              -3.341290276224692,
              -0.878399276724322
            ],
            [
              -3.3790987468671694,
              -0.7017543859649124
            ]
          ]
        }
      }
    },
    {
      "layer": 30,
      "drawable": {
        "Polyline": {
          "path": [
            [
              -2.061559595959596,
              1.2121212121212122
            ],
            [
              -2.0146597038408243,
              1.2332044631124814
            ],
            [
              -1.9638853845111424,
              1.2547722185617691
            ],
            [
              -1.908812625962725,
              1.2767164529098287
            ],
            [
              -1.848967318435754,
              1.2988826815642458
            ],
            [
              -1.7838216058286178,
              1.321054772735678
            ],
            [
              -1.712791703509212,
              1.3429349190107538
            ],
            [
              -1.635238488220917,
              1.3641172662211314
            ],
            [
              -1.5504729237665404,
              1.384053298946916
            ],
            [
              -1.4577695280550766,
              1.402006655174809
            ],
            [
              -1.3563927761055796,
              1.416994674693216
            ],
            [
              -1.2456437673540595,
              1.4277138748183174
            ],
            [
              -1.1249378549466447,
              1.4324470971242538
            ],
            [
              -0.9939283003846018,
              1.4289520454125149
            ],
            [
              -0.8526960125991273,
              1.4143356887012029
            ],
            [
              -0.7020296382504119,
              1.384928716904277
            ],
            [
              -0.5438200705442973,
              1.3361919911473823
            ],
            [
              -0.38158127205588516,
              1.2627159851909626
            ],
            [
              -0.22107194931398325,
              1.1584152058049186
            ],
            [
              -0.07091224420898008,
              1.0170635931271803
            ],
            [
              0.057045833333333275,
              0.8333333333333333
            ],
            [
              0.1480028591871578,
              0.604424797568699
            ],
            [
              0.1856529578150187,
              0.33212688950393837
            ],
            [
              0.15509169253475102,
              0.02470502362217319
            ],
            [
              0.046833479241278245,
              -0.3024273776362916
            ],
            [
              -0.13941151832460863,
              -0.6282722513089013
            ],
            [
              -0.39313154047170196,
              -0.9301710165062348
            ],
            [
              -0.6948226133742057,
              -1.1887827190650664
            ],
            [
              -1.0206357660705674,
              -1.3919768003866604
            ],
            [
              -1.3477278177003225,
              -1.5361164380193728
            ],
            [
              -1.6581506125080607,
              -1.6247582205029016
            ],
            [
              -1.9403678666658868,
              -1.665973194873388
            ],
            [
              -2.18880176107019,
              -1.6696300059266782
            ],
            [
              -2.4023724012545764,
              -1.645415994402958
            ],
            [
              -2.582864890362497,
              -1.6017500982721198
            ],
            [
              -2.7335767999233065,
              -1.545393538491036
            ],
            [
              -2.8583768959435636,
              -1.4814814814814812
            ],
            [
              -2.9611329958993413,
              -1.413751313419975
            ],
            [
              -3.0454098592336694,
              -1.3448272006619035
            ],
            [
              -3.1143409086658638,
              -1.276489275397481
            ],
            [
              -3.1706009165902844,
              -1.209899175068744
            ],
            [
              -3.2164312736107563,
              -1.145776683148615
            ],
            [
              -3.253688492615481,
              -1.0845324151141311
            ],
            [
              -3.2838994832719517,
              -1.026364775589162
            ],
            [
              -3.3083151311090724,
              -0.971329456177941
            ],
            [
              -3.3279583709080254,
              -0.9193885406356536
            ],
            [
              -3.343665494317661,
              -0.8704447966419827
            ],
            [
              -3.3561207310409853,
              -0.8243653654517241
            ],
            [
              -3.365884734197401,
              -0.7809979418145406
            ],
            [
              -3.373417809881364,
              -0.7401816754755332
            ],
            [
              -3.3790987468671685,
              -0.7017543859649119
            ]
          ],
          "path_choices": {
            "color": "Red"
          }
        }
      }
    }
  ]
}
