{
  "sizing_scheme": "SquareShrink",
  "base_width": 500.0,
  "base_height": 200.0,
  "axes_range": [
    2.0
  ],
  "drawables": [
    {
      "drawable": {
        "Lines": {
          "coords": [
            [
              [
                -2.0,
                -2.0
              ],
              [
                -2.0,
                2.0
              ]
            ]
          ],
          "offsets": [
            [
              0.0,
              0.0
            ],
            [
              4.0,
              0.0
            ]
          ]
        }
      }
    },
    {
      "drawable": {
        "Lines": {
          "line_choice": "Light",
          "coords": [
            [
              [
                -2.0,
                2.0
              ],
              [
                2.0,
                -2.0
              ]
            ],
            [
              [
                2.0,
                2.0
              ],
              [
                -2.0,
                -2.0
              ]
            ]
          ],
          "offsets": [
            [
              0.0,
              0.0
            ]
          ]
        }
      }
    }
  ]
}
