{
  "sizing_scheme": "Fill",
  "axes_range": [
    -4.5,
    -2.5,
    1.5,
    2.5
  ],
  "padding": [
    0.05
  ],
  "drawables": [
    {
      "drawable": {
        "Polyline": {
          "line_closure_choice": "Closed",
          "locations": [
            [
              -4.5,
              -2.5
            ],
            [
              -4.5,
              2.5
            ],
            [
              1.5,
              2.5
            ],
            [
              1.5,
              -2.5
            ]
          ]
        }
      }
    },
    {
      "drawable": {
        "Lines": {
          "line_choice": "Light",
          "start": [
            [
              -4.5,
              0.0
            ]
          ],
          "end": [
            [
              1.5,
              0.0
            ]
          ],
          "offsets": [
            [
              0.0,
              0.0
            ],
            [
              -0.0,
              -1.0
            ],
            [
              -0.0,
              -2.0
            ],
            [
              0.0,
              1.0
            ],
            [
              0.0,
              2.0
            ]
          ]
        }
      }
    },
    {
      "drawable": {
        "Lines": {
          "line_choice": "Light",
          "start": [
            [
              0.0,
              -2.5
            ]
          ],
          "end": [
            [
              0.0,
              2.5
            ]
          ],
          "offsets": [
            [
              0.0,
              0.0
            ],
            [
              -1.0,
              -0.0
            ],
            [
              -2.0,
              -0.0
            ],
            [
              -3.0,
              -0.0
            ],
            [
              -4.0,
              -0.0
            ],
            [
              1.0,
              0.0
            ]
          ]
        }
      }
    },
    {
      "drawable": {
        "Text": {
          "size_choice": "Small",
          "offset_choice": "Diagram",
          "anchor_choice": {
            "ThreeByThree": [
              "Center",
              "Top"
            ]
          },
          "texts": [
            {
              "content": "-4.0",
              "location": [
                -4.0,
                -2.5
              ]
            },
            {
              "content": "0.0",
              "location": [
                0.0,
                -2.5
              ]
            },
            {
              "content": "1.0",
              "location": [
                1.0,
                -2.5
              ]
            }
          ]
        }
      }
    },
    {
      "drawable": {
        "Text": {
          "size_choice": "Small",
          "offset_choice": "Diagram",
          "anchor_choice": {
            "ThreeByThree": [
              "Right",
              "Middle"
            ]
          },
          "texts": [
            {
              "content": "-2.0",
              "location": [
                -4.5,
                -2.0
              ]
            },
            {
              "content": "0.0",
              "location": [
                -4.5,
                0.0
              ]
            },
            {
              "content": "2.0",
              "location": [
                -4.5,
                2.0
              ]
            }
          ]
        }
      }
    },
    {
      "layer": 20,
      "drawable": {
        "Points": {
          "color_choice": "Blue",
          "centers": [
            [
              -2.061559595959596,
              1.2121212121212122
            ],
            [
              -1.5773659010600705,
              1.3780918727915195
            ],
            [
              -0.8105530791788855,
              1.407624633431085
            ],
            [
              0.057045833333333434,
              0.8333333333333331
            ],
            [
              -0.13941151832460752,
              -0.6282722513089009
            ],
            [
              -1.4783725563909778,
              -1.5789473684210527
            ],
            [
              -2.466069387755102,
              -1.6326530612244896
            ],
            [
              -2.9462236033519553,
              -1.4245810055865922
            ],
            [
              -3.1706009165902844,
              -1.2098991750687442
            ],
            [
              -3.2799649425287356,
              -1.0344827586206897
            ],
            [
              -3.3355416160672586,
              -0.8967772069126576
            ],
            [
              -3.364358700284091,
              -0.7883522727272727
            ],
            [
              -3.379098746867168,
              -0.7017543859649122
            ]
          ]
        }
      }
    },
    {
      "layer": 30,
      "drawable": {
        "Polyline": {
          "color_choice": "Red",
          "locations": [
            [
              -2.061559595959596,
              1.2121212121212122
            ],
            [
              -1.9659545902373485,
              1.2539184952978057
            ],
            [
              -1.8585054309915296,
              1.2954658694569008
            ],
            [
              -1.73761346688926,
              1.335559265442404
            ],
            [
              -1.6016154709918902,
              1.372426699937617
            ],
            [
              -1.4489228070175435,
              1.4035087719298245
            ],
            [
              -1.2782799683293744,
              1.4251781472684086
            ],
            [
              -1.0892098478066246,
              1.4324082363473587
            ],
            [
              -0.882729888551165,
              1.4184397163120568
            ],
            [
              -0.6624153493699884,
              1.3745704467353952
            ],
            [
              -0.435806451612903,
              1.290322580645161
            ],
            [
              -0.21592871572871553,
              1.1544011544011543
            ],
            [
              -0.02225582137161071,
              0.956937799043062
            ],
            [
              0.12010849220103995,
              0.6932409012131714
            ],
            [
              0.1844058931860037,
              0.3683241252302023
            ],
            [
              0.1495904761904761,
              -3.172065784643304e-16
            ],
            [
              0.008624091778202506,
              -0.382409177820268
            ],
            [
              -0.22707895716946022,
              -0.7448789571694603
            ],
            [
              -0.5305474426807764,
              -1.0582010582010584
            ],
            [
              -0.8680694942903757,
              -1.3050570962479613
            ],
            [
              -1.208681481481482,
              -1.4814814814814816
            ],
            [
              -1.5299078353253655,
              -1.5936254980079683
            ],
            [
              -1.8189001180637547,
              -1.652892561983471
            ],
            [
              -2.0706618599791016,
              -1.671891327063741
            ],
            [
              -2.285379132040628,
              -1.6620498614958448
            ],
            [
              -2.4660693877551023,
              -1.6326530612244896
            ],
            [
              -2.61694258857556,
              -1.590744757772957
            ],
            [
              -2.7424247912652535,
              -1.541425818882466
            ],
            [
              -2.846655065827133,
              -1.4882655981682884
            ],
            [
              -2.9332742447516647,
              -1.4336917562724014
            ],
            [
              -3.005374712643679,
              -1.379310344827586
            ],
            [
              -3.065529465395773,
              -1.326150020721094
            ],
            [
              -3.115853918260218,
              -1.274840644919385
            ],
            [
              -3.1580760640108956,
              -1.225740551583248
            ],
            [
              -3.193603350915297,
              -1.179025752404592
            ],
            [
              -3.223581560283688,
              -1.1347517730496453
            ],
            [
              -3.2489444704657826,
              -1.092896174863388
            ],
            [
              -3.2704547282738816,
              -1.0533875987550874
            ],
            [
              -3.288737000220897,
              -1.0161254694057875
            ],
            [
              -3.304304639280605,
              -0.9809932556713671
            ],
            [
              -3.3175810426540284,
              -0.9478672985781991
            ],
            [
              -3.3289167283624184,
              -0.9166225982725189
            ],
            [
              -3.3386029899786434,
              -0.8871365204534253
            ],
            [
              -3.3468828295227864,
              -0.8592910848549945
            ],
            [
              -3.3539597300014363,
              -0.8329742926899325
            ],
            [
              -3.360004713804714,
              -0.8080808080808081
            ],
            [
              -3.3651620397317474,
              -0.7845122105529545
            ],
            [
              -3.369553816839347,
              -0.7621769679647492
            ],
            [
              -3.3732837543505116,
              -0.740990232401482
            ],
            [
              -3.376440220502491,
              -0.720873529099968
            ],
            [
              -3.379098746867168,
              -0.7017543859649122
            ]
          ]
        }
      }
    }
  ]
}
