{
  "sizing_scheme": "Fill",
  "axes_range": [
    -4.5,
    -2.5,
    1.5,
    2.5
  ],
  "padding": [
    0.05
  ],
  "drawables": [
    {
      "drawable": {
        "SegmentSequence": {
          "completion": "Closed",
          "segments": [
            {
              "Polyline": [
                [
                  -4.5,
                  -2.5
                ],
                [
                  -4.5,
                  2.5
                ],
                [
                  1.5,
                  2.5
                ],
                [
                  1.5,
                  -2.5
                ]
              ]
            }
          ]
        }
      }
    },
    {
      "drawable": {
        "Lines": {
          "path_choices": {
            "line_choice": "Light"
          },
          "coords": [
            [
              [
                -4.5,
                0.0
              ],
              [
                1.5,
                0.0
              ]
            ]
          ],
          "offsets": [
            [
              0.0,
              0.0
            ],
            [
              -0.0,
              -1.0
            ],
            [
              -0.0,
              -2.0
            ],
            [
              0.0,
              1.0
            ],
            [
              0.0,
              2.0
            ]
          ]
        }
      }
    },
    {
      "drawable": {
        "Lines": {
          "path_choices": {
            "line_choice": "Light"
          },
          "coords": [
            [
              [
                0.0,
                -2.5
              ],
              [
                0.0,
                2.5
              ]
            ]
          ],
          "offsets": [
            [
              0.0,
              0.0
            ],
            [
              -1.0,
              -0.0
            ],
            [
              -2.0,
              -0.0
            ],
            [
              -3.0,
              -0.0
            ],
            [
              -4.0,
              -0.0
            ],
            [
              1.0,
              0.0
            ]
          ]
        }
      }
    },
    {
      "drawable": {
        "Text": {
          "size_choice": "Small",
          "offset_choice": "Diagram",
          "anchor_choice": {
            "ThreeByThree": [
              "Center",
              "Top"
            ]
          },
          "texts": [
            {
              "content": "-4.0",
              "location": [
                -4.0,
                -2.5
              ]
            },
            {
              "content": "0.0",
              "location": [
                0.0,
                -2.5
              ]
            },
            {
              "content": "1.0",
              "location": [
                1.0,
                -2.5
              ]
            }
          ]
        }
      }
    },
    {
      "drawable": {
        "Text": {
          "size_choice": "Small",
          "offset_choice": "Diagram",
          "anchor_choice": {
            "ThreeByThree": [
              "Right",
              "Middle"
            ]
          },
          "texts": [
            {
              "content": "-2.0",
              "location": [
                -4.5,
                -2.0
              ]
            },
            {
              "content": "0.0",
              "location": [
                -4.5,
                0.0
              ]
            },
            {
              "content": "2.0",
              "location": [
                -4.5,
                2.0
              ]
            }
          ]
        }
      }
    },
    {
      "layer": 20,
      "drawable": {
        "Points": {
          "color_choice": "Blue",
          "centers": [
            [
              -2.061559595959596,
              1.2121212121212122
            ],
            [
              -1.5773659010600705,
              1.3780918727915195
            ],
            [
              -0.8105530791788855,
              1.407624633431085
            ],
            [
              0.057045833333333434,
              0.8333333333333331
            ],
            [
              -0.13941151832460752,
              -0.6282722513089009
            ],
            [
              -1.4783725563909778,
              -1.5789473684210527
            ],
            [
              -2.466069387755102,
              -1.6326530612244896
            ],
            [
              -2.9462236033519553,
              -1.4245810055865922
            ],
            [
              -3.1706009165902844,
              -1.2098991750687442
            ],
            [
              -3.2799649425287356,
              -1.0344827586206897
            ],
            [
              -3.3355416160672586,
              -0.8967772069126576
            ],
            [
              -3.364358700284091,
              -0.7883522727272727
            ],
            [
              -3.379098746867168,
              -0.7017543859649122
            ]
          ]
        }
      }
    },
    {
      "layer": 30,
      "drawable": {
        "Polyline": {
          "path_choices": {
            "color": "Green"
          },
          "path": [
            [
              -2.061559595959596,
              1.2121212121212122
            ],
            [
              -1.8957343124165553,
              1.2817089452603472
            ],
            [
              -1.6940410914927768,
              1.348314606741573
            ],
            [
              -1.4489228070175435,
              1.4035087719298245
            ],
            [
              -1.1542587112171838,
              1.431980906921241
            ],
            [
              -0.8105530791788856,
              1.4076246334310851
            ],
            [
              -0.43580645161290316,
              1.2903225806451613
            ],
            [
              -0.08244034334763953,
              1.0300429184549358
            ],
            [
              0.1514561576354679,
              0.5911330049261085
            ],
            [
              0.14959047619047627,
              3.172065784643304e-16
            ],
            [
              -0.1394115183246071,
              -0.6282722513089002
            ],
            [
              -0.6409330143540668,
              -1.1483253588516744
            ],
            [
              -1.2086814814814812,
              -1.4814814814814814
            ],
            [
              -1.7265918088737198,
              -1.6382252559726962
            ],
            [
              -2.146240668523677,
              -1.6713091922005572
            ],
            [
              -2.466069387755102,
              -1.6326530612244896
            ],
            [
              -2.7031539888682747,
              -1.5584415584415585
            ],
            [
              -2.8773209800918838,
              -1.4701378254211335
            ],
            [
              -3.005374712643678,
              -1.3793103448275863
            ],
            [
              -3.1000574811625405,
              -1.2917115177610334
            ],
            [
              -3.170600916590284,
              -1.2098991750687444
            ],
            [
              -3.223581560283688,
              -1.1347517730496455
            ],
            [
              -3.2636716336295284,
              -1.0663021189336979
            ],
            [
              -3.294205260011954,
              -1.00418410041841
            ],
            [
              -3.3175810426540284,
              -0.9478672985781991
            ],
            [
              -3.335541616067259,
              -0.8967772069126577
            ],
            [
              -3.3493664026677785,
              -0.8503543142976241
            ],
            [
              -3.3600047138047135,
              -0.8080808080808082
            ],
            [
              -3.368168207897401,
              -0.7694903813702328
            ],
            [
              -3.3743956561639643,
              -0.7341694707861731
            ],
            [
              -3.379098746867168,
              -0.7017543859649124
            ]
          ]
        }
      }
    },
    {
      "layer": 30,
      "drawable": {
        "Arc": {
          "path_choices": {
            "color": "BrightBlue"
          },
          "path": {
            "angle_range": [
              -2.433730768688996,
              2.433730768688996
            ],
            "center": [
              -1.6015467065868256,
              -0.1197604790419162
            ],
            "transform": [
              1.4725591503040303,
              -0.4935070726887075,
              -1.0131630509468093,
              -1.4717346643960303
            ]
          }
        }
      }
    }
  ]
}
