{
  "sizing_scheme": "SquareCenter",
  "base_height": 350.0,
  "axes_range": [
    -4.5,
    -4.5,
    5.5,
    4.5
  ],
  "padding": [
    0.05
  ],
  "drawables": [
    {
      "drawable": {
        "Polyline": {
          "line_closure_choice": "Closes",
          "locations": [
            [
              -4.5,
              -4.5
            ],
            [
              -4.5,
              4.5
            ],
            [
              5.5,
              4.5
            ],
            [
              5.5,
              -4.5
            ]
          ]
        }
      }
    },
    {
      "drawable": {
        "Lines": {
          "line_choice": "Light",
          "coords": [
            [
              [
                -4.5,
                0.0
              ],
              [
                5.5,
                0.0
              ]
            ]
          ],
          "offsets": [
            [
              0.0,
              0.0
            ],
            [
              -0.0,
              -1.0
            ],
            [
              -0.0,
              -2.0
            ],
            [
              -0.0,
              -3.0
            ],
            [
              -0.0,
              -4.0
            ],
            [
              0.0,
              1.0
            ],
            [
              0.0,
              2.0
            ],
            [
              0.0,
              3.0
            ],
            [
              0.0,
              4.0
            ]
          ]
        }
      }
    },
    {
      "drawable": {
        "Lines": {
          "line_choice": "Light",
          "coords": [
            [
              [
                0.0,
                -4.5
              ],
              [
                0.0,
                4.5
              ]
            ]
          ],
          "offsets": [
            [
              0.0,
              0.0
            ],
            [
              -1.0,
              -0.0
            ],
            [
              -2.0,
              -0.0
            ],
            [
              -3.0,
              -0.0
            ],
            [
              -4.0,
              -0.0
            ],
            [
              1.0,
              0.0
            ],
            [
              2.0,
              0.0
            ],
            [
              3.0,
              0.0
            ],
            [
              4.0,
              0.0
            ],
            [
              5.0,
              0.0
            ]
          ]
        }
      }
    },
    {
      "layer": 10,
      "drawable": {
        "Points": {
          "color_choice": "YellowBrown",
          "centers": [
            [
              0.0,
              -4.0
            ],
            [
              -4.0,
              -4.0
            ]
          ]
        }
      }
    },
    {
      "layer": 10,
      "drawable": {
        "Points": {
          "point_choice": "Times",
          "color_choice": "YellowBrown",
          "centers": [
            [
              -2.0,
              -4.0
            ]
          ]
        }
      }
    },
    {
      "layer": 10,
      "drawable": {
        "Lines": {
          "line_choice": "Light",
          "color_choice": "YellowBrown",
          "coords": [
            [
              [
                0.0,
                -4.0
              ],
              [
                -2.0,
                -4.0
              ]
            ],
            [
              [
                -4.0,
                -4.0
              ],
              [
                -2.0,
                -4.0
              ]
            ]
          ]
        }
      }
    },
    {
      "layer": 20,
      "drawable": {
        "Points": {
          "point_choice": "Dot",
          "color_choice": "Blue",
          "centers": [
            [
              -0.2552604701997658,
              -4.0
            ],
            [
              -0.548580279504062,
              -4.0
            ],
            [
              -0.8766128169988848,
              -4.0
            ],
            [
              -1.2335625146163023,
              -4.0
            ],
            [
              -1.6113280848601452,
              -4.0
            ],
            [
              -2.0,
              -4.0
            ],
            [
              -2.3886719151398546,
              -4.0
            ],
            [
              -2.7664374853836975,
              -4.0
            ],
            [
              -3.1233871830011144,
              -4.0
            ],
            [
              -3.451419720495938,
              -4.0
            ],
            [
              -3.744739529800234,
              -4.0
            ]
          ]
        }
      }
    },
    {
      "layer": 30,
      "drawable": {
        "Cubic": {
          "color_choice": "Green",
          "x": [
            9.868649107779169e-17,
            -0.9428090415820632,
            -3.057190958417937,
            -4.0
          ],
          "y": [
            -4.0,
            -4.0,
            -4.0,
            -4.0
          ]
        }
      }
    },
    {
      "layer": 10,
      "drawable": {
        "Points": {
          "color_choice": "YellowBrown",
          "centers": [
            [
              0.0,
              -3.0
            ],
            [
              -4.0,
              -3.0
            ]
          ]
        }
      }
    },
    {
      "layer": 10,
      "drawable": {
        "Points": {
          "point_choice": "Times",
          "color_choice": "YellowBrown",
          "centers": [
            [
              -2.0,
              -2.0
            ]
          ]
        }
      }
    },
    {
      "layer": 10,
      "drawable": {
        "Lines": {
          "line_choice": "Light",
          "color_choice": "YellowBrown",
          "coords": [
            [
              [
                0.0,
                -3.0
              ],
              [
                -2.0,
                -2.0
              ]
            ],
            [
              [
                -4.0,
                -3.0
              ],
              [
                -2.0,
                -2.0
              ]
            ]
          ]
        }
      }
    },
    {
      "layer": 20,
      "drawable": {
        "Points": {
          "point_choice": "Dot",
          "color_choice": "Blue",
          "centers": [
            [
              -0.2552604701997658,
              -2.8869092609817857
            ],
            [
              -0.548580279504062,
              -2.7861856819352995
            ],
            [
              -0.8766128169988848,
              -2.7021169893756967
            ],
            [
              -1.2335625146163023,
              -2.638697904486415
            ],
            [
              -1.6113280848601452,
              -2.5992025358406092
            ],
            [
              -2.0,
              -2.585786437626905
            ],
            [
              -2.3886719151398546,
              -2.5992025358406092
            ],
            [
              -2.7664374853836975,
              -2.638697904486415
            ],
            [
              -3.1233871830011144,
              -2.7021169893756967
            ],
            [
              -3.451419720495938,
              -2.7861856819352995
            ],
            [
              -3.744739529800234,
              -2.8869092609817857
            ]
          ]
        }
      }
    },
    {
      "layer": 30,
      "drawable": {
        "Arc": {
          "color_choice": "Green",
          "angle_range": [
            -0.7853981633974483,
            0.7853981633974483
          ],
          "center": [
            -2.0,
            -4.0
          ],
          "transform": [
            0.0,
            1.4142135623730954,
            -2.8284271247461903,
            0.0
          ]
        }
      }
    },
    {
      "layer": 10,
      "drawable": {
        "Points": {
          "color_choice": "YellowBrown",
          "centers": [
            [
              0.0,
              -1.0
            ],
            [
              -4.0,
              -1.0
            ]
          ]
        }
      }
    },
    {
      "layer": 10,
      "drawable": {
        "Points": {
          "point_choice": "Times",
          "color_choice": "YellowBrown",
          "centers": [
            [
              -2.0,
              1.0
            ]
          ]
        }
      }
    },
    {
      "layer": 10,
      "drawable": {
        "Lines": {
          "line_choice": "Light",
          "color_choice": "YellowBrown",
          "coords": [
            [
              [
                0.0,
                -1.0
              ],
              [
                -2.0,
                1.0
              ]
            ],
            [
              [
                -4.0,
                -1.0
              ],
              [
                -2.0,
                1.0
              ]
            ]
          ]
        }
      }
    },
    {
      "layer": 20,
      "drawable": {
        "Points": {
          "point_choice": "Dot",
          "color_choice": "Blue",
          "centers": [
            [
              -0.2552604701997658,
              -0.7738185219635714
            ],
            [
              -0.548580279504062,
              -0.5723713638705995
            ],
            [
              -0.8766128169988848,
              -0.4042339787513938
            ],
            [
              -1.2335625146163023,
              -0.2773958089728294
            ],
            [
              -1.6113280848601452,
              -0.19840507168121865
            ],
            [
              -2.0,
              -0.1715728752538099
            ],
            [
              -2.3886719151398546,
              -0.19840507168121865
            ],
            [
              -2.7664374853836975,
              -0.2773958089728294
            ],
            [
              -3.1233871830011144,
              -0.4042339787513938
            ],
            [
              -3.451419720495938,
              -0.5723713638705995
            ],
            [
              -3.744739529800234,
              -0.7738185219635714
            ]
          ]
        }
      }
    },
    {
      "layer": 30,
      "drawable": {
        "Arc": {
          "color_choice": "Green",
          "angle_range": [
            -0.7853981633974483,
            0.7853981633974483
          ],
          "center": [
            -2.0,
            -3.000000000000001
          ],
          "transform": [
            0.0,
            2.8284271247461907,
            -2.8284271247461903,
            0.0
          ]
        }
      }
    },
    {
      "layer": 10,
      "drawable": {
        "Points": {
          "color_choice": "YellowBrown",
          "centers": [
            [
              0.0,
              1.0
            ],
            [
              -4.0,
              1.0
            ]
          ]
        }
      }
    },
    {
      "layer": 10,
      "drawable": {
        "Points": {
          "point_choice": "Times",
          "color_choice": "YellowBrown",
          "centers": [
            [
              -2.0,
              4.0
            ]
          ]
        }
      }
    },
    {
      "layer": 10,
      "drawable": {
        "Lines": {
          "line_choice": "Light",
          "color_choice": "YellowBrown",
          "coords": [
            [
              [
                0.0,
                1.0
              ],
              [
                -2.0,
                4.0
              ]
            ],
            [
              [
                -4.0,
                1.0
              ],
              [
                -2.0,
                4.0
              ]
            ]
          ]
        }
      }
    },
    {
      "layer": 20,
      "drawable": {
        "Points": {
          "point_choice": "Dot",
          "color_choice": "Blue",
          "centers": [
            [
              -0.2552604701997658,
              1.3392722170546427
            ],
            [
              -0.548580279504062,
              1.6414429541941007
            ],
            [
              -0.8766128169988848,
              1.8936490318729087
            ],
            [
              -1.2335625146163023,
              2.083906286540756
            ],
            [
              -1.6113280848601452,
              2.202392392478172
            ],
            [
              -2.0,
              2.242640687119285
            ],
            [
              -2.3886719151398546,
              2.202392392478172
            ],
            [
              -2.7664374853836975,
              2.083906286540756
            ],
            [
              -3.1233871830011144,
              1.8936490318729087
            ],
            [
              -3.451419720495938,
              1.6414429541941007
            ],
            [
              -3.744739529800234,
              1.3392722170546427
            ]
          ]
        }
      }
    },
    {
      "layer": 30,
      "drawable": {
        "Arc": {
          "color_choice": "Green",
          "angle_range": [
            -0.7853981633974483,
            0.7853981633974483
          ],
          "center": [
            -2.0,
            -2.000000000000001
          ],
          "transform": [
            0.0,
            4.2426406871192865,
            -2.8284271247461903,
            0.0
          ]
        }
      }
    },
    {
      "layer": 30,
      "drawable": {
        "Cubic": {
          "color_choice": "Green",
          "x": [
            4.0,
            3.335388444177915,
            2.664611555822085,
            2.0
          ],
          "y": [
            3.0,
            3.664611555822085,
            3.664611555822085,
            2.9999999999999996
          ]
        }
      }
    },
    {
      "layer": 30,
      "drawable": {
        "Arc": {
          "color_choice": "Green",
          "angle_range": [
            -0.7853981633974483,
            0.7853981633974483
          ],
          "center": [
            3.0,
            0.9999999999999997
          ],
          "transform": [
            2.220446049250313e-16,
            1.4142135623730958,
            -1.4142135623730954,
            -2.0934566115783667e-16
          ]
        }
      }
    },
    {
      "layer": 30,
      "drawable": {
        "Arc": {
          "color_choice": "Green",
          "angle_range": [
            -1.1780972450961724,
            1.1780972450961724
          ],
          "center": [
            3.0,
            0.8284271247461901
          ],
          "transform": [
            2.220446049250313e-16,
            0.4483415291679653,
            -1.0823922002923936,
            0.0
          ]
        }
      }
    },
    {
      "layer": 30,
      "drawable": {
        "Arc": {
          "color_choice": "Green",
          "angle_range": [
            -1.9634954084936207,
            1.9634954084936207
          ],
          "center": [
            2.9999999999999996,
            -0.1715728752538098
          ],
          "transform": [
            -4.440892098500626e-16,
            -0.448341529167965,
            -1.0823922002923945,
            0.0
          ]
        }
      }
    },
    {
      "layer": 30,
      "drawable": {
        "Arc": {
          "color_choice": "Green",
          "angle_range": [
            -2.356194490192345,
            2.356194490192345
          ],
          "center": [
            3.0,
            -2.0
          ],
          "transform": [
            6.661338147750939e-16,
            -1.414213562373095,
            -1.4142135623730958,
            0.0
          ]
        }
      }
    }
  ]
}
