{
  "sizing_scheme": "SquareCenter",
  "base_width": 600.0,
  "base_height": 350.0,
  "axes_range": [
    -4.5,
    -3.5,
    7.5,
    4.5
  ],
  "padding": [
    0.05
  ],
  "drawables": [
    {
      "drawable": {
        "SegmentSequence": {
          "completion": "Closed",
          "segments": [
            {
              "Polyline": [
                [
                  -4.5,
                  -3.5
                ],
                [
                  -4.5,
                  4.5
                ],
                [
                  7.5,
                  4.5
                ],
                [
                  7.5,
                  -3.5
                ]
              ]
            }
          ]
        }
      }
    },
    {
      "drawable": {
        "Lines": {
          "path": {
            "coords": [
              [
                [
                  -4.5,
                  0.0
                ],
                [
                  7.5,
                  0.0
                ]
              ]
            ],
            "offsets": [
              [
                0.0,
                0.0
              ],
              [
                -0.0,
                -1.0
              ],
              [
                -0.0,
                -2.0
              ],
              [
                -0.0,
                -3.0
              ],
              [
                0.0,
                1.0
              ],
              [
                0.0,
                2.0
              ],
              [
                0.0,
                3.0
              ],
              [
                0.0,
                4.0
              ]
            ]
          },
          "path_choices": {
            "line_choice": "Light"
          }
        }
      }
    },
    {
      "drawable": {
        "Lines": {
          "path": {
            "coords": [
              [
                [
                  0.0,
                  -3.5
                ],
                [
                  0.0,
                  4.5
                ]
              ]
            ],
            "offsets": [
              [
                0.0,
                0.0
              ],
              [
                -1.0,
                -0.0
              ],
              [
                -2.0,
                -0.0
              ],
              [
                -3.0,
                -0.0
              ],
              [
                -4.0,
                -0.0
              ],
              [
                1.0,
                0.0
              ],
              [
                2.0,
                0.0
              ],
              [
                3.0,
                0.0
              ],
              [
                4.0,
                0.0
              ],
              [
                5.0,
                0.0
              ],
              [
                6.0,
                0.0
              ],
              [
                7.0,
                0.0
              ]
            ]
          },
          "path_choices": {
            "line_choice": "Light"
          }
        }
      }
    },
    {
      "layer": 10,
      "drawable": {
        "Points": {
          "color_choice": "YellowBrown",
          "centers": [
            [
              -2.0,
              -3.0
            ],
            [
              -4.0,
              -1.0
            ]
          ]
        }
      }
    },
    {
      "layer": 10,
      "drawable": {
        "Points": {
          "point_choice": "Times",
          "color_choice": "YellowBrown",
          "centers": [
            [
              -2.0,
              -2.995
            ],
            [
              -3.995,
              -1.0
            ]
          ]
        }
      }
    },
    {
      "layer": 10,
      "drawable": {
        "Lines": {
          "path": {
            "coords": [
              [
                [
                  -2.0,
                  -3.0
                ],
                [
                  -2.0,
                  -2.995
                ]
              ],
              [
                [
                  -4.0,
                  -1.0
                ],
                [
                  -3.995,
                  -1.0
                ]
              ]
            ]
          },
          "path_choices": {
            "line_choice": "Light",
            "color": "YellowBrown"
          }
        }
      }
    },
    {
      "layer": 20,
      "drawable": {
        "Points": {
          "color_choice": "Blue",
          "centers": [
            [
              -2.0163823643847403,
              -2.9822660905535194
            ],
            [
              -2.0768122899663948,
              -2.920307249159866
            ],
            [
              -2.1995510102269895,
              -2.7959590920429043
            ],
            [
              -2.398803589232303,
              -2.5952143569292128
            ],
            [
              -2.6732873253661,
              -2.3196431577175565
            ],
            [
              -2.9962640099626405,
              -1.9962640099626403
            ],
            [
              -3.319643157717556,
              -1.6732873253661005
            ],
            [
              -3.5952143569292114,
              -1.3988035892323032
            ],
            [
              -3.795959092042903,
              -1.1995510102269895
            ],
            [
              -3.9203072491598654,
              -1.0768122899663948
            ],
            [
              -3.982266090553519,
              -1.0163823643847398
            ]
          ]
        }
      }
    },
    {
      "layer": 30,
      "drawable": {
        "Cubic": {
          "path": {
            "r": [
              -6.0,
              6.0
            ],
            "p": [
              [
                -2.0,
                -2.9999999999999996
              ],
              [
                -2.0,
                -2.9949999999999997
              ],
              [
                -3.994999999999999,
                -0.9999999999999996
              ],
              [
                -3.999999999999999,
                -0.9999999999999996
              ]
            ]
          },
          "path_choices": {
            "color": "Green"
          }
        }
      }
    },
    {
      "layer": 10,
      "drawable": {
        "Points": {
          "color_choice": "YellowBrown",
          "centers": [
            [
              -1.0,
              -2.0
            ],
            [
              -3.0,
              0.0
            ]
          ]
        }
      }
    },
    {
      "layer": 10,
      "drawable": {
        "Points": {
          "point_choice": "Times",
          "color_choice": "YellowBrown",
          "centers": [
            [
              -1.0,
              -1.5
            ],
            [
              -2.5,
              0.0
            ]
          ]
        }
      }
    },
    {
      "layer": 10,
      "drawable": {
        "Lines": {
          "path": {
            "coords": [
              [
                [
                  -1.0,
                  -2.0
                ],
                [
                  -1.0,
                  -1.5
                ]
              ],
              [
                [
                  -3.0,
                  0.0
                ],
                [
                  -2.5,
                  0.0
                ]
              ]
            ]
          },
          "path_choices": {
            "line_choice": "Light",
            "color": "YellowBrown"
          }
        }
      }
    },
    {
      "layer": 20,
      "drawable": {
        "Points": {
          "color_choice": "Blue",
          "centers": [
            [
              -1.0153550863723608,
              -1.857965451055662
            ],
            [
              -1.0672268907563025,
              -1.6806722689075628
            ],
            [
              -1.1632653061224487,
              -1.4693877551020407
            ],
            [
              -1.3076923076923077,
              -1.2307692307692306
            ],
            [
              -1.4987531172069826,
              -0.9775561097256856
            ],
            [
              -1.727272727272727,
              -0.7272727272727273
            ],
            [
              -1.9775561097256853,
              -0.4987531172069822
            ],
            [
              -2.2307692307692304,
              -0.3076923076923074
            ],
            [
              -2.4693877551020407,
              -0.16326530612244897
            ],
            [
              -2.680672268907563,
              -0.06722689075630228
            ],
            [
              -2.857965451055662,
              -0.015355086372360627
            ]
          ]
        }
      }
    },
    {
      "layer": 30,
      "drawable": {
        "Arc": {
          "path": {
            "angle_range": [
              -1.1863995522992574,
              1.1863995522992574
            ],
            "center": [
              -2.1636363636363636,
              -1.1636363636363636
            ],
            "transform": [
              0.4363636363636365,
              0.4363636363636364,
              -1.0787197799411874,
              1.0787197799411876
            ]
          },
          "path_choices": {
            "color": "Green"
          }
        }
      }
    },
    {
      "layer": 10,
      "drawable": {
        "Points": {
          "color_choice": "YellowBrown",
          "centers": [
            [
              0.0,
              -1.0
            ],
            [
              -2.0,
              1.0
            ]
          ]
        }
      }
    },
    {
      "layer": 10,
      "drawable": {
        "Points": {
          "point_choice": "Times",
          "color_choice": "YellowBrown",
          "centers": [
            [
              0.0,
              -0.05719095841793653
            ],
            [
              -1.0571909584179364,
              1.0
            ]
          ]
        }
      }
    },
    {
      "layer": 10,
      "drawable": {
        "Lines": {
          "path": {
            "coords": [
              [
                [
                  0.0,
                  -1.0
                ],
                [
                  0.0,
                  -0.05719095841793653
                ]
              ],
              [
                [
                  -2.0,
                  1.0
                ],
                [
                  -1.0571909584179364,
                  1.0
                ]
              ]
            ]
          },
          "path_choices": {
            "line_choice": "Light",
            "color": "YellowBrown"
          }
        }
      }
    },
    {
      "layer": 20,
      "drawable": {
        "Points": {
          "color_choice": "Blue",
          "centers": [
            [
              -0.014539496081668615,
              -0.7592790258819027
            ],
            [
              -0.06047582168733075,
              -0.5118955421832687
            ],
            [
              -0.14042339787513938,
              -0.26381058087625436
            ],
            [
              -0.25547916179456587,
              -0.021916647178263405
            ],
            [
              -0.4048665782706819,
              0.20646150658946344
            ],
            [
              -0.5857864376269049,
              0.4142135623730951
            ],
            [
              -0.7935384934105365,
              0.5951334217293182
            ],
            [
              -1.0219166471782635,
              0.7445208382054347
            ],
            [
              -1.2638105808762543,
              0.8595766021248608
            ],
            [
              -1.5118955421832685,
              0.9395241783126694
            ],
            [
              -1.7592790258819029,
              0.985460503918332
            ]
          ]
        }
      }
    },
    {
      "layer": 30,
      "drawable": {
        "Arc": {
          "path": {
            "angle_range": [
              -0.7853981633974481,
              0.7853981633974481
            ],
            "center": [
              -2.0000000000000013,
              -1.0000000000000004
            ],
            "transform": [
              1.4142135623730963,
              1.4142135623730954,
              -1.414213562373095,
              1.4142135623730954
            ]
          },
          "path_choices": {
            "color": "Green"
          }
        }
      }
    },
    {
      "layer": 10,
      "drawable": {
        "Points": {
          "color_choice": "YellowBrown",
          "centers": [
            [
              1.0,
              0.0
            ],
            [
              -1.0,
              2.0
            ]
          ]
        }
      }
    },
    {
      "layer": 10,
      "drawable": {
        "Points": {
          "point_choice": "Times",
          "color_choice": "YellowBrown",
          "centers": [
            [
              1.0,
              1.3333333333333333
            ],
            [
              0.33333333333333326,
              2.0
            ]
          ]
        }
      }
    },
    {
      "layer": 10,
      "drawable": {
        "Lines": {
          "path": {
            "coords": [
              [
                [
                  1.0,
                  0.0
                ],
                [
                  1.0,
                  1.3333333333333333
                ]
              ],
              [
                [
                  -1.0,
                  2.0
                ],
                [
                  0.33333333333333326,
                  2.0
                ]
              ]
            ]
          },
          "path_choices": {
            "line_choice": "Light",
            "color": "YellowBrown"
          }
        }
      }
    },
    {
      "layer": 20,
      "drawable": {
        "Points": {
          "color_choice": "Blue",
          "centers": [
            [
              0.9861111111111113,
              0.3194444444444445
            ],
            [
              0.9444444444444446,
              0.6111111111111113
            ],
            [
              0.8750000000000002,
              0.8750000000000002
            ],
            [
              0.7777777777777778,
              1.1111111111111112
            ],
            [
              0.6527777777777778,
              1.3194444444444444
            ],
            [
              0.5,
              1.5
            ],
            [
              0.31944444444444453,
              1.652777777777778
            ],
            [
              0.11111111111111127,
              1.777777777777778
            ],
            [
              -0.12499999999999989,
              1.8750000000000002
            ],
            [
              -0.38888888888888873,
              1.9444444444444446
            ],
            [
              -0.6805555555555555,
              1.9861111111111114
            ]
          ]
        }
      }
    },
    {
      "layer": 30,
      "drawable": {
        "Cubic": {
          "path": {
            "r": [
              -6.0,
              6.0
            ],
            "p": [
              [
                1.0,
                0.0
              ],
              [
                0.9999999999999999,
                1.3333333333333333
              ],
              [
                0.33333333333333337,
                2.0
              ],
              [
                -0.9999999999999997,
                2.0
              ]
            ]
          },
          "path_choices": {
            "color": "Green"
          }
        }
      }
    },
    {
      "layer": 10,
      "drawable": {
        "Points": {
          "color_choice": "YellowBrown",
          "centers": [
            [
              2.0,
              1.0
            ],
            [
              0.0,
              3.0
            ]
          ]
        }
      }
    },
    {
      "layer": 10,
      "drawable": {
        "Points": {
          "point_choice": "Times",
          "color_choice": "YellowBrown",
          "centers": [
            [
              2.0,
              4.0
            ],
            [
              3.0,
              3.0
            ]
          ]
        }
      }
    },
    {
      "layer": 10,
      "drawable": {
        "Lines": {
          "path": {
            "coords": [
              [
                [
                  2.0,
                  1.0
                ],
                [
                  2.0,
                  4.0
                ]
              ],
              [
                [
                  0.0,
                  3.0
                ],
                [
                  3.0,
                  3.0
                ]
              ]
            ]
          },
          "path_choices": {
            "line_choice": "Light",
            "color": "YellowBrown"
          }
        }
      }
    },
    {
      "layer": 20,
      "drawable": {
        "Points": {
          "color_choice": "Blue",
          "centers": [
            [
              1.9883381924198251,
              1.5889212827988337
            ],
            [
              1.958762886597938,
              1.9690721649484535
            ],
            [
              1.9148936170212765,
              2.234042553191489
            ],
            [
              1.857142857142857,
              2.4285714285714284
            ],
            [
              1.7840172786177106,
              2.576673866090713
            ],
            [
              1.6923076923076925,
              2.6923076923076925
            ],
            [
              1.576673866090713,
              2.7840172786177106
            ],
            [
              1.4285714285714284,
              2.8571428571428568
            ],
            [
              1.2340425531914894,
              2.9148936170212765
            ],
            [
              0.9690721649484536,
              2.9587628865979383
            ],
            [
              0.5889212827988338,
              2.988338192419825
            ]
          ]
        }
      }
    },
    {
      "layer": 30,
      "drawable": {
        "Hyperbolic": {
          "path": {
            "range": [
              -6.0,
              6.0
            ],
            "lambda": 0.9999714663499522,
            "mu": 0.10335932952124825,
            "offset": [
              2.8000000000000003,
              3.8000000000000003
            ],
            "minus_partial": [
              -1.0499551322958114,
              -0.05770556889182843
            ],
            "plus_partial": [
              -0.057705568891827985,
              -1.049955132295812
            ]
          },
          "path_choices": {
            "color": "Green"
          }
        }
      }
    },
    {
      "layer": 10,
      "drawable": {
        "Points": {
          "color_choice": "YellowBrown",
          "centers": [
            [
              3.0,
              -3.0
            ],
            [
              1.0,
              -1.0
            ]
          ]
        }
      }
    },
    {
      "layer": 10,
      "drawable": {
        "Points": {
          "point_choice": "Times",
          "color_choice": "YellowBrown",
          "centers": [
            [
              3.005,
              -2.995
            ],
            [
              1.005,
              -0.9950000000000001
            ]
          ]
        }
      }
    },
    {
      "layer": 10,
      "drawable": {
        "Lines": {
          "path": {
            "coords": [
              [
                [
                  3.0,
                  -3.0
                ],
                [
                  3.005,
                  -2.995
                ]
              ],
              [
                [
                  1.0,
                  -1.0
                ],
                [
                  1.005,
                  -0.9950000000000001
                ]
              ]
            ]
          },
          "path_choices": {
            "line_choice": "Light",
            "color": "YellowBrown"
          }
        }
      }
    },
    {
      "layer": 20,
      "drawable": {
        "Points": {
          "color_choice": "Blue",
          "centers": [
            [
              2.9849590163934425,
              -2.9822540983606554
            ],
            [
              2.925961538461539,
              -2.9201923076923073
            ],
            [
              2.8045,
              -2.7954999999999997
            ],
            [
              2.6060000000000003,
              -2.594
            ],
            [
              2.3314189189189185,
              -2.3172297297297293
            ],
            [
              2.0074999999999994,
              -1.9925
            ],
            [
              1.6827702702702698,
              -1.6685810810810802
            ],
            [
              1.405999999999999,
              -1.3939999999999988
            ],
            [
              1.2044999999999992,
              -1.1954999999999993
            ],
            [
              1.0798076923076916,
              -1.074038461538461
            ],
            [
              1.0177459016393438,
              -1.015040983606557
            ]
          ]
        }
      }
    },
    {
      "layer": 30,
      "drawable": {
        "Cubic": {
          "path": {
            "r": [
              -6.0,
              6.0
            ],
            "p": [
              [
                3.0000000000000004,
                -2.9999999999999996
              ],
              [
                3.005,
                -2.994999999999999
              ],
              [
                1.0049999999999992,
                -0.9949999999999998
              ],
              [
                0.9999999999999994,
                -0.9999999999999997
              ]
            ]
          },
          "path_choices": {
            "color": "Green"
          }
        }
      }
    },
    {
      "layer": 10,
      "drawable": {
        "Points": {
          "color_choice": "YellowBrown",
          "centers": [
            [
              4.0,
              -2.0
            ],
            [
              2.0,
              0.0
            ]
          ]
        }
      }
    },
    {
      "layer": 10,
      "drawable": {
        "Points": {
          "point_choice": "Times",
          "color_choice": "YellowBrown",
          "centers": [
            [
              4.333333333333333,
              -1.6666666666666667
            ],
            [
              2.333333333333333,
              0.33333333333333326
            ]
          ]
        }
      }
    },
    {
      "layer": 10,
      "drawable": {
        "Lines": {
          "path": {
            "coords": [
              [
                [
                  4.0,
                  -2.0
                ],
                [
                  4.333333333333333,
                  -1.6666666666666667
                ]
              ],
              [
                [
                  2.0,
                  0.0
                ],
                [
                  2.333333333333333,
                  0.33333333333333326
                ]
              ]
            ]
          },
          "path_choices": {
            "line_choice": "Light",
            "color": "YellowBrown"
          }
        }
      }
    },
    {
      "layer": 20,
      "drawable": {
        "Points": {
          "color_choice": "Blue",
          "centers": [
            [
              4.073770491803279,
              -1.8934426229508199
            ],
            [
              4.115384615384616,
              -1.730769230769231
            ],
            [
              4.1,
              -1.5000000000000002
            ],
            [
              3.999999999999999,
              -1.2
            ],
            [
              3.7972972972972965,
              -0.8513513513513512
            ],
            [
              3.499999999999999,
              -0.5000000000000001
            ],
            [
              3.1486486486486482,
              -0.2027027027027029
            ],
            [
              2.7999999999999994,
              3.996802888650565e-16
            ],
            [
              2.4999999999999996,
              0.1000000000000004
            ],
            [
              2.269230769230769,
              0.11538461538461595
            ],
            [
              2.1065573770491794,
              0.0737704918032795
            ]
          ]
        }
      }
    },
    {
      "layer": 30,
      "drawable": {
        "Arc": {
          "path": {
            "angle_range": [
              -1.5707963267948966,
              1.5707963267948966
            ],
            "center": [
              3.0,
              -1.0
            ],
            "transform": [
              0.4999999999999991,
              0.49999999999999983,
              -1.0,
              1.0
            ]
          },
          "path_choices": {
            "color": "Green"
          }
        }
      }
    },
    {
      "layer": 10,
      "drawable": {
        "Points": {
          "color_choice": "YellowBrown",
          "centers": [
            [
              5.0,
              -1.0
            ],
            [
              3.0,
              1.0
            ]
          ]
        }
      }
    },
    {
      "layer": 10,
      "drawable": {
        "Points": {
          "point_choice": "Times",
          "color_choice": "YellowBrown",
          "centers": [
            [
              5.666666666666666,
              -0.33333333333333337
            ],
            [
              3.6666666666666665,
              1.6666666666666665
            ]
          ]
        }
      }
    },
    {
      "layer": 10,
      "drawable": {
        "Lines": {
          "path": {
            "coords": [
              [
                [
                  5.0,
                  -1.0
                ],
                [
                  5.666666666666666,
                  -0.33333333333333337
                ]
              ],
              [
                [
                  3.0,
                  1.0
                ],
                [
                  3.6666666666666665,
                  1.6666666666666665
                ]
              ]
            ]
          },
          "path_choices": {
            "line_choice": "Light",
            "color": "YellowBrown"
          }
        }
      }
    },
    {
      "layer": 20,
      "drawable": {
        "Points": {
          "color_choice": "Blue",
          "centers": [
            [
              5.163934426229508,
              -0.8032786885245904
            ],
            [
              5.307692307692307,
              -0.5384615384615385
            ],
            [
              5.399999999999999,
              -0.2000000000000002
            ],
            [
              5.399999999999999,
              0.19999999999999993
            ],
            [
              5.270270270270268,
              0.6216216216216214
            ],
            [
              4.999999999999998,
              1.0
            ],
            [
              4.621621621621619,
              1.27027027027027
            ],
            [
              4.199999999999998,
              1.4
            ],
            [
              3.7999999999999985,
              1.4000000000000001
            ],
            [
              3.4615384615384595,
              1.3076923076923077
            ],
            [
              3.1967213114754096,
              1.1639344262295084
            ]
          ]
        }
      }
    },
    {
      "layer": 30,
      "drawable": {
        "Arc": {
          "path": {
            "angle_range": [
              -1.5707963267948963,
              1.5707963267948963
            ],
            "center": [
              4.0,
              -1.1102230246251565e-16
            ],
            "transform": [
              0.9999999999999991,
              1.0,
              -1.0000000000000004,
              1.0000000000000004
            ]
          },
          "path_choices": {
            "color": "Green"
          }
        }
      }
    },
    {
      "layer": 10,
      "drawable": {
        "Points": {
          "color_choice": "YellowBrown",
          "centers": [
            [
              6.0,
              0.0
            ],
            [
              4.0,
              2.0
            ]
          ]
        }
      }
    },
    {
      "layer": 10,
      "drawable": {
        "Points": {
          "point_choice": "Times",
          "color_choice": "YellowBrown",
          "centers": [
            [
              7.0,
              1.0
            ],
            [
              5.0,
              3.0
            ]
          ]
        }
      }
    },
    {
      "layer": 10,
      "drawable": {
        "Lines": {
          "path": {
            "coords": [
              [
                [
                  6.0,
                  0.0
                ],
                [
                  7.0,
                  1.0
                ]
              ],
              [
                [
                  4.0,
                  2.0
                ],
                [
                  5.0,
                  3.0
                ]
              ]
            ]
          },
          "path_choices": {
            "line_choice": "Light",
            "color": "YellowBrown"
          }
        }
      }
    },
    {
      "layer": 20,
      "drawable": {
        "Points": {
          "color_choice": "Blue",
          "centers": [
            [
              6.254098360655739,
              0.2868852459016394
            ],
            [
              6.500000000000001,
              0.6538461538461539
            ],
            [
              6.7,
              1.1
            ],
            [
              6.800000000000002,
              1.6
            ],
            [
              6.743243243243244,
              2.0945945945945947
            ],
            [
              6.5,
              2.5
            ],
            [
              6.094594594594593,
              2.743243243243243
            ],
            [
              5.600000000000001,
              2.8000000000000007
            ],
            [
              5.1,
              2.7000000000000006
            ],
            [
              4.653846153846152,
              2.4999999999999996
            ],
            [
              4.286885245901639,
              2.254098360655738
            ]
          ]
        }
      }
    },
    {
      "layer": 30,
      "drawable": {
        "Arc": {
          "path": {
            "angle_range": [
              -1.5707963267948966,
              1.5707963267948966
            ],
            "center": [
              4.999999999999999,
              1.0
            ],
            "transform": [
              1.4999999999999991,
              1.5,
              -1.0000000000000002,
              1.0
            ]
          },
          "path_choices": {
            "color": "Green"
          }
        }
      }
    }
  ]
}
