{
  "sizing_scheme": "SquareCenter",
  "axes_range": [
    2.0
  ],
  "padding": [
    0.06
  ],
  "drawables": [
    {
      "drawable": {
        "SegmentSequence": {
          "completion": "Closed",
          "segments": [
            {
              "Polyline": [
                [
                  -2.0,
                  -2.0
                ],
                [
                  -2.0,
                  2.0
                ],
                [
                  2.0,
                  2.0
                ],
                [
                  2.0,
                  -2.0
                ]
              ]
            }
          ]
        }
      }
    },
    {
      "drawable": {
        "Lines": {
          "path": {
            "coords": [
              [
                [
                  -2.0,
                  0.0
                ],
                [
                  2.0,
                  0.0
                ]
              ]
            ],
            "offsets": [
              [
                0.0,
                0.0
              ],
              [
                -0.0,
                -0.6
              ],
              [
                -0.0,
                -1.2
              ],
              [
                -0.0,
                -1.7999999999999998
              ],
              [
                0.0,
                0.6
              ],
              [
                0.0,
                1.2
              ],
              [
                0.0,
                1.7999999999999998
              ]
            ]
          },
          "path_choices": {
            "line_choice": "Light"
          }
        }
      }
    },
    {
      "drawable": {
        "Lines": {
          "path": {
            "coords": [
              [
                [
                  0.0,
                  -2.0
                ],
                [
                  0.0,
                  2.0
                ]
              ]
            ],
            "offsets": [
              [
                0.0,
                0.0
              ],
              [
                -0.4,
                -0.0
              ],
              [
                -0.8,
                -0.0
              ],
              [
                -1.2000000000000002,
                -0.0
              ],
              [
                -1.6,
                -0.0
              ],
              [
                0.4,
                0.0
              ],
              [
                0.8,
                0.0
              ],
              [
                1.2000000000000002,
                0.0
              ],
              [
                1.6,
                0.0
              ]
            ]
          },
          "path_choices": {
            "line_choice": "Light"
          }
        }
      }
    },
    {
      "drawable": {
        "Text": {
          "size_choice": "Small",
          "offset_choice": "Diagram",
          "anchor_choice": {
            "ThreeByThree": [
              "Center",
              "Top"
            ]
          },
          "texts": [
            {
              "content": "-2",
              "location": [
                -2.0,
                -2.0
              ]
            },
            {
              "content": "0",
              "location": [
                0.0,
                -2.0
              ]
            },
            {
              "content": "2",
              "location": [
                2.0,
                -2.0
              ]
            }
          ]
        }
      }
    },
    {
      "drawable": {
        "Text": {
          "size_choice": "Small",
          "offset_choice": "Diagram",
          "anchor_choice": {
            "ThreeByThree": [
              "Right",
              "Middle"
            ]
          },
          "texts": [
            {
              "content": "-1.8",
              "location": [
                -2.0,
                -1.7999999999999998
              ]
            },
            {
              "content": "0.0",
              "location": [
                -2.0,
                0.0
              ]
            },
            {
              "content": "1.8",
              "location": [
                -2.0,
                1.7999999999999998
              ]
            }
          ]
        }
      }
    },
    {
      "drawable": {
        "Lines": {
          "path": {
            "coords": [
              [
                [
                  -1.0,
                  -1.0
                ],
                [
                  -1.0,
                  1.0
                ]
              ]
            ],
            "offsets": [
              [
                0.0,
                0.0
              ],
              [
                2.0,
                0.0
              ]
            ]
          }
        }
      }
    },
    {
      "drawable": {
        "Lines": {
          "path": {
            "coords": [
              [
                [
                  -1.0,
                  1.0
                ],
                [
                  1.0,
                  -1.0
                ]
              ],
              [
                [
                  1.0,
                  1.0
                ],
                [
                  -1.0,
                  -1.0
                ]
              ]
            ],
            "offsets": [
              [
                0.0,
                0.0
              ]
            ]
          },
          "path_choices": {
            "line_choice": "Light"
          }
        }
      }
    }
  ]
}
