{
  "sizing_scheme": "SquareCenter",
  "axes_range": [
    -3.5,
    -2.5,
    3.5,
    2.5
  ],
  "padding": [
    0.05
  ],
  "drawables": [
    {
      "drawable": {
        "Polyline": {
          "line_closure_choice": "Closed",
          "locations": [
            [
              -3.5,
              -2.5
            ],
            [
              -3.5,
              2.5
            ],
            [
              3.5,
              2.5
            ],
            [
              3.5,
              -2.5
            ]
          ]
        }
      }
    },
    {
      "drawable": {
        "Lines": {
          "line_choice": "Light",
          "start": [
            [
              -3.5,
              0.0
            ]
          ],
          "end": [
            [
              3.5,
              0.0
            ]
          ],
          "offsets": [
            [
              0.0,
              0.0
            ],
            [
              -0.0,
              -1.0
            ],
            [
              -0.0,
              -2.0
            ],
            [
              0.0,
              1.0
            ],
            [
              0.0,
              2.0
            ]
          ]
        }
      }
    },
    {
      "drawable": {
        "Lines": {
          "line_choice": "Light",
          "start": [
            [
              0.0,
              -2.5
            ]
          ],
          "end": [
            [
              0.0,
              2.5
            ]
          ],
          "offsets": [
            [
              0.0,
              0.0
            ],
            [
              -1.0,
              -0.0
            ],
            [
              -2.0,
              -0.0
            ],
            [
              -3.0,
              -0.0
            ],
            [
              1.0,
              0.0
            ],
            [
              2.0,
              0.0
            ],
            [
              3.0,
              0.0
            ]
          ]
        }
      }
    },
    {
      "layer": 20,
      "drawable": {
        "Points": {
          "point_choice": "Dot",
          "color_choice": "BrightGreen",
          "centers": [
            [
              -2.9999999999999996,
              -2.0
            ],
            [
              -2.694444444444444,
              -1.6666666666666665
            ],
            [
              -2.444444444444444,
              -1.3333333333333333
            ],
            [
              -2.25,
              -0.9999999999999999
            ],
            [
              -2.1111111111111107,
              -0.6666666666666665
            ],
            [
              -2.0277777777777777,
              -0.33333333333333315
            ],
            [
              -2.0,
              2.220446049250313e-16
            ],
            [
              -2.0277777777777777,
              0.3333333333333336
            ],
            [
              -2.1111111111111116,
              0.6666666666666671
            ],
            [
              -2.2500000000000004,
              1.0000000000000007
            ],
            [
              -2.4444444444444446,
              1.333333333333334
            ],
            [
              -2.6944444444444446,
              1.6666666666666674
            ],
            [
              -3.0,
              2.000000000000001
            ]
          ]
        }
      }
    },
    {
      "layer": 30,
      "drawable": {
        "Polyline": {
          "color_choice": "Green",
          "locations": [
            [
              -2.9999999999999996,
              -2.0
            ],
            [
              -2.871111111111111,
              -1.8666666666666667
            ],
            [
              -2.751111111111111,
              -1.7333333333333334
            ],
            [
              -2.6399999999999997,
              -1.5999999999999999
            ],
            [
              -2.5377777777777775,
              -1.4666666666666666
            ],
            [
              -2.444444444444444,
              -1.3333333333333333
            ],
            [
              -2.36,
              -1.2
            ],
            [
              -2.284444444444444,
              -1.0666666666666664
            ],
            [
              -2.2177777777777776,
              -0.9333333333333331
            ],
            [
              -2.1599999999999997,
              -0.7999999999999998
            ],
            [
              -2.1111111111111107,
              -0.6666666666666665
            ],
            [
              -2.071111111111111,
              -0.5333333333333331
            ],
            [
              -2.04,
              -0.39999999999999974
            ],
            [
              -2.017777777777778,
              -0.26666666666666644
            ],
            [
              -2.0044444444444443,
              -0.13333333333333294
            ],
            [
              -2.0,
              2.220446049250313e-16
            ],
            [
              -2.0044444444444443,
              0.1333333333333337
            ],
            [
              -2.017777777777778,
              0.26666666666666716
            ],
            [
              -2.04,
              0.4000000000000003
            ],
            [
              -2.071111111111111,
              0.5333333333333338
            ],
            [
              -2.1111111111111116,
              0.6666666666666671
            ],
            [
              -2.16,
              0.8000000000000006
            ],
            [
              -2.217777777777778,
              0.9333333333333341
            ],
            [
              -2.284444444444445,
              1.0666666666666673
            ],
            [
              -2.3600000000000003,
              1.2000000000000008
            ],
            [
              -2.4444444444444446,
              1.333333333333334
            ],
            [
              -2.537777777777778,
              1.4666666666666675
            ],
            [
              -2.64,
              1.600000000000001
            ],
            [
              -2.7511111111111117,
              1.7333333333333345
            ],
            [
              -2.8711111111111114,
              1.866666666666668
            ],
            [
              -3.0,
              2.000000000000001
            ]
          ]
        }
      }
    },
    {
      "layer": 20,
      "drawable": {
        "Points": {
          "color_choice": "Blue",
          "centers": [
            [
              -3.0,
              -2.0
            ],
            [
              -2.694444444444444,
              -1.6666666666666665
            ],
            [
              -2.444444444444444,
              -1.3333333333333333
            ],
            [
              -2.25,
              -1.0
            ],
            [
              -2.111111111111111,
              -0.6666666666666666
            ],
            [
              -2.0277777777777777,
              -0.3333333333333333
            ],
            [
              -2.0,
              0.0
            ],
            [
              -2.0277777777777777,
              0.3333333333333333
            ],
            [
              -2.111111111111111,
              0.6666666666666666
            ],
            [
              -2.25,
              1.0
            ],
            [
              -2.444444444444444,
              1.3333333333333333
            ],
            [
              -2.694444444444444,
              1.6666666666666665
            ],
            [
              -3.0,
              2.0
            ]
          ]
        }
      }
    },
    {
      "layer": 20,
      "drawable": {
        "Points": {
          "point_choice": "Dot",
          "color_choice": "BrightGreen",
          "centers": [
            [
              0.0,
              -1.9999999999999993
            ],
            [
              0.14583333333333331,
              -1.5138888888888886
            ],
            [
              0.24999999999999994,
              -1.0555555555555554
            ],
            [
              0.31249999999999994,
              -0.6249999999999999
            ],
            [
              0.33333333333333326,
              -0.22222222222222204
            ],
            [
              0.31249999999999994,
              0.15277777777777787
            ],
            [
              0.24999999999999994,
              0.5
            ],
            [
              0.14583333333333331,
              0.8194444444444443
            ],
            [
              0.0,
              1.1111111111111112
            ],
            [
              -0.18749999999999994,
              1.375
            ],
            [
              -0.4166666666666666,
              1.611111111111111
            ],
            [
              -0.6874999999999999,
              1.8194444444444446
            ],
            [
              -0.9999999999999998,
              2.0
            ]
          ]
        }
      }
    },
    {
      "layer": 30,
      "drawable": {
        "Polyline": {
          "color_choice": "Green",
          "locations": [
            [
              0.0,
              -1.9999999999999993
            ],
            [
              0.06333333333333331,
              -1.802222222222222
            ],
            [
              0.12,
              -1.6088888888888886
            ],
            [
              0.16999999999999998,
              -1.4199999999999997
            ],
            [
              0.2133333333333333,
              -1.2355555555555553
            ],
            [
              0.24999999999999994,
              -1.0555555555555554
            ],
            [
              0.27999999999999997,
              -0.8799999999999997
            ],
            [
              0.3033333333333333,
              -0.7088888888888887
            ],
            [
              0.31999999999999995,
              -0.542222222222222
            ],
            [
              0.3299999999999999,
              -0.3799999999999998
            ],
            [
              0.33333333333333326,
              -0.22222222222222204
            ],
            [
              0.3299999999999999,
              -0.0688888888888887
            ],
            [
              0.31999999999999995,
              0.08000000000000018
            ],
            [
              0.3033333333333333,
              0.2244444444444446
            ],
            [
              0.2799999999999999,
              0.3644444444444446
            ],
            [
              0.24999999999999994,
              0.5
            ],
            [
              0.21333333333333326,
              0.6311111111111113
            ],
            [
              0.1699999999999999,
              0.7577777777777778
            ],
            [
              0.11999999999999994,
              0.88
            ],
            [
              0.06333333333333323,
              0.9977777777777779
            ],
            [
              0.0,
              1.1111111111111112
            ],
            [
              -0.07000000000000008,
              1.2199999999999998
            ],
            [
              -0.14666666666666678,
              1.3244444444444445
            ],
            [
              -0.22999999999999998,
              1.4244444444444444
            ],
            [
              -0.32000000000000006,
              1.5199999999999998
            ],
            [
              -0.4166666666666666,
              1.611111111111111
            ],
            [
              -0.52,
              1.6977777777777778
            ],
            [
              -0.6300000000000001,
              1.7800000000000002
            ],
            [
              -0.7466666666666668,
              1.8577777777777778
            ],
            [
              -0.8700000000000003,
              1.9311111111111114
            ],
            [
              -0.9999999999999998,
              2.0
            ]
          ]
        }
      }
    },
    {
      "layer": 20,
      "drawable": {
        "Points": {
          "color_choice": "Blue",
          "centers": [
            [
              0.0,
              -2.0
            ],
            [
              0.14583333333333331,
              -1.5138888888888888
            ],
            [
              0.25,
              -1.0555555555555556
            ],
            [
              0.3125,
              -0.625
            ],
            [
              0.3333333333333333,
              -0.2222222222222222
            ],
            [
              0.3125,
              0.15277777777777776
            ],
            [
              0.25,
              0.5
            ],
            [
              0.14583333333333331,
              0.8194444444444444
            ],
            [
              0.0,
              1.1111111111111112
            ],
            [
              -0.1875,
              1.375
            ],
            [
              -0.41666666666666663,
              1.611111111111111
            ],
            [
              -0.6875,
              1.8194444444444444
            ],
            [
              -1.0,
              2.0
            ]
          ]
        }
      }
    },
    {
      "layer": 20,
      "drawable": {
        "Points": {
          "point_choice": "Dot",
          "color_choice": "BrightGreen",
          "centers": [
            [
              3.0000000000000004,
              -2.0
            ],
            [
              2.986111111111111,
              -1.3611111111111112
            ],
            [
              2.9444444444444446,
              -0.7777777777777779
            ],
            [
              2.875,
              -0.2500000000000001
            ],
            [
              2.7777777777777777,
              0.2222222222222221
            ],
            [
              2.6527777777777777,
              0.6388888888888887
            ],
            [
              2.5,
              0.9999999999999998
            ],
            [
              2.319444444444444,
              1.3055555555555556
            ],
            [
              2.1111111111111107,
              1.5555555555555554
            ],
            [
              1.8749999999999998,
              1.7499999999999998
            ],
            [
              1.6111111111111107,
              1.8888888888888886
            ],
            [
              1.3194444444444442,
              1.9722222222222219
            ],
            [
              0.9999999999999996,
              1.9999999999999996
            ]
          ]
        }
      }
    },
    {
      "layer": 30,
      "drawable": {
        "Polyline": {
          "color_choice": "Green",
          "locations": [
            [
              3.0000000000000004,
              -2.0
            ],
            [
              2.997777777777778,
              -1.737777777777778
            ],
            [
              2.9911111111111115,
              -1.4844444444444445
            ],
            [
              2.9800000000000004,
              -1.2400000000000002
            ],
            [
              2.9644444444444447,
              -1.0044444444444445
            ],
            [
              2.9444444444444446,
              -0.7777777777777778
            ],
            [
              2.9200000000000004,
              -0.56
            ],
            [
              2.8911111111111114,
              -0.35111111111111115
            ],
            [
              2.8577777777777778,
              -0.1511111111111111
            ],
            [
              2.8200000000000003,
              0.03999999999999986
            ],
            [
              2.7777777777777777,
              0.2222222222222221
            ],
            [
              2.7311111111111113,
              0.39555555555555555
            ],
            [
              2.68,
              0.56
            ],
            [
              2.6244444444444444,
              0.7155555555555555
            ],
            [
              2.5644444444444443,
              0.8622222222222223
            ],
            [
              2.5,
              0.9999999999999998
            ],
            [
              2.431111111111111,
              1.128888888888889
            ],
            [
              2.3577777777777778,
              1.2488888888888892
            ],
            [
              2.28,
              1.3599999999999999
            ],
            [
              2.1977777777777776,
              1.462222222222222
            ],
            [
              2.1111111111111107,
              1.5555555555555554
            ],
            [
              2.0199999999999996,
              1.64
            ],
            [
              1.924444444444444,
              1.7155555555555555
            ],
            [
              1.824444444444444,
              1.782222222222222
            ],
            [
              1.7199999999999995,
              1.8399999999999996
            ],
            [
              1.6111111111111107,
              1.8888888888888886
            ],
            [
              1.4977777777777774,
              1.9288888888888887
            ],
            [
              1.3799999999999994,
              1.9599999999999997
            ],
            [
              1.2577777777777772,
              1.9822222222222219
            ],
            [
              1.1311111111111103,
              1.995555555555555
            ],
            [
              0.9999999999999996,
              1.9999999999999996
            ]
          ]
        }
      }
    },
    {
      "layer": 20,
      "drawable": {
        "Points": {
          "color_choice": "Blue",
          "centers": [
            [
              3.0,
              -2.0
            ],
            [
              2.986111111111111,
              -1.361111111111111
            ],
            [
              2.944444444444444,
              -0.7777777777777777
            ],
            [
              2.875,
              -0.25
            ],
            [
              2.7777777777777777,
              0.2222222222222222
            ],
            [
              2.6527777777777777,
              0.6388888888888888
            ],
            [
              2.5,
              1.0
            ],
            [
              2.319444444444444,
              1.3055555555555556
            ],
            [
              2.111111111111111,
              1.5555555555555554
            ],
            [
              1.875,
              1.75
            ],
            [
              1.611111111111111,
              1.8888888888888888
            ],
            [
              1.3194444444444444,
              1.972222222222222
            ],
            [
              1.0,
              2.0
            ]
          ]
        }
      }
    }
  ]
}
