{
  "sizing_scheme": "SquareCenter",
  "axes_range": [
    5.0
  ],
  "padding": [
    0.05
  ],
  "drawables": [
    {
      "drawable": {
        "Polyline": {
          "line_closure_choice": "Closed",
          "locations": [
            [
              -5.0,
              -5.0
            ],
            [
              -5.0,
              5.0
            ],
            [
              5.0,
              5.0
            ],
            [
              5.0,
              -5.0
            ]
          ]
        }
      }
    },
    {
      "drawable": {
        "Lines": {
          "line_choice": "Light",
          "start": [
            [
              -5.0,
              0.0
            ]
          ],
          "end": [
            [
              5.0,
              0.0
            ]
          ],
          "offsets": [
            [
              0.0,
              0.0
            ],
            [
              -0.0,
              -1.0
            ],
            [
              -0.0,
              -2.0
            ],
            [
              -0.0,
              -3.0
            ],
            [
              -0.0,
              -4.0
            ],
            [
              0.0,
              1.0
            ],
            [
              0.0,
              2.0
            ],
            [
              0.0,
              3.0
            ],
            [
              0.0,
              4.0
            ]
          ]
        }
      }
    },
    {
      "drawable": {
        "Lines": {
          "line_choice": "Light",
          "start": [
            [
              0.0,
              -5.0
            ]
          ],
          "end": [
            [
              0.0,
              5.0
            ]
          ],
          "offsets": [
            [
              0.0,
              0.0
            ],
            [
              -1.0,
              -0.0
            ],
            [
              -2.0,
              -0.0
            ],
            [
              -3.0,
              -0.0
            ],
            [
              -4.0,
              -0.0
            ],
            [
              1.0,
              0.0
            ],
            [
              2.0,
              0.0
            ],
            [
              3.0,
              0.0
            ],
            [
              4.0,
              0.0
            ]
          ]
        }
      }
    },
    {
      "drawable": {
        "Text": {
          "size_choice": "Small",
          "offset_choice": "Diagram",
          "anchor_choice": {
            "ThreeByThree": [
              "Center",
              "Top"
            ]
          },
          "texts": [
            {
              "content": "-5.0",
              "location": [
                -5.0,
                -5.0
              ]
            },
            {
              "content": "0.0",
              "location": [
                0.0,
                -5.0
              ]
            },
            {
              "content": "5.0",
              "location": [
                5.0,
                -5.0
              ]
            }
          ]
        }
      }
    },
    {
      "drawable": {
        "Text": {
          "size_choice": "Small",
          "offset_choice": "Diagram",
          "anchor_choice": {
            "ThreeByThree": [
              "Right",
              "Middle"
            ]
          },
          "texts": [
            {
              "content": "-5.0",
              "location": [
                -5.0,
                -5.0
              ]
            },
            {
              "content": "0.0",
              "location": [
                -5.0,
                0.0
              ]
            },
            {
              "content": "5.0",
              "location": [
                -5.0,
                5.0
              ]
            }
          ]
        }
      }
    },
    {
      "drawable": {
        "Polyline": {
          "color_choice": "Red",
          "locations": [
            [
              -3.0,
              2.0
            ],
            [
              -2.0,
              3.0
            ],
            [
              -1.0,
              1.0
            ],
            [
              0.0,
              3.0
            ],
            [
              1.0,
              1.0
            ],
            [
              2.0,
              3.0
            ],
            [
              3.0,
              2.0
            ]
          ]
        }
      }
    },
    {
      "drawable": {
        "Polyline": {
          "line_closure_choice": "Closed",
          "color_choice": "Green",
          "locations": [
            [
              -3.0,
              -2.0
            ],
            [
              -2.0,
              -3.0
            ],
            [
              -1.0,
              -1.0
            ],
            [
              0.0,
              -3.0
            ],
            [
              1.0,
              -1.0
            ],
            [
              2.0,
              -3.0
            ],
            [
              3.0,
              -2.0
            ]
          ]
        }
      }
    }
  ]
}
