{
  "drawables": [
    {
      "drawable": {
        "Lines": {
          "path": {
            "coords": [
              [
                [
                  -2.0,
                  -2.0
                ],
                [
                  -2.0,
                  2.0
                ]
              ]
            ],
            "offsets": [
              [
                0.0,
                0.0
              ],
              [
                4.0,
                0.0
              ]
            ]
          }
        }
      }
    },
    {
      "drawable": {
        "Lines": {
          "path": {
            "coords": [
              [
                [
                  -2.0,
                  2.0
                ],
                [
                  2.0,
                  -2.0
                ]
              ],
              [
                [
                  2.0,
                  2.0
                ],
                [
                  -2.0,
                  -2.0
                ]
              ]
            ],
            "offsets": [
              [
                0.0,
                0.0
              ]
            ]
          },
          "path_choices": {
            "line_choice": "Light"
          }
        }
      }
    }
  ]
}
