{
  "sizing_scheme": "SquareCenter",
  "base_width": 500.0,
  "base_height": 500.0,
  "axes_range": [
    5.0
  ],
  "padding": [
    0.05
  ],
  "drawables": [
    {
      "drawable": {
        "Lines": {
          "path": {
            "coords": [
              [
                [
                  0.0,
                  0.0
                ],
                [
                  5.0,
                  5.0
                ]
              ],
              [
                [
                  0.0,
                  0.0
                ],
                [
                  0.0,
                  5.0
                ]
              ],
              [
                [
                  0.0,
                  0.0
                ],
                [
                  -2.5,
                  5.0
                ]
              ]
            ]
          }
        }
      }
    },
    {
      "drawable": {
        "Lines": {
          "path": {
            "coords": [
              [
                [
                  0.0,
                  0.0
                ],
                [
                  5.0,
                  -5.0
                ]
              ],
              [
                [
                  0.0,
                  0.0
                ],
                [
                  0.0,
                  -5.0
                ]
              ],
              [
                [
                  0.0,
                  0.0
                ],
                [
                  -2.5,
                  -5.0
                ]
              ]
            ]
          },
          "path_choices": {
            "line_choice": "Light"
          }
        }
      }
    },
    {
      "drawable": {
        "Points": {
          "centers": [
            [
              1.0,
              1.0
            ],
            [
              0.0,
              1.0
            ],
            [
              -0.5,
              1.0
            ],
            [
              1.0,
              -1.0
            ],
            [
              0.0,
              -1.0
            ],
            [
              -0.5,
              -1.0
            ]
          ]
        }
      }
    },
    {
      "drawable": {
        "Points": {
          "point_choice": "Times",
          "centers": [
            [
              2.0,
              2.0
            ],
            [
              0.0,
              2.0
            ],
            [
              -1.0,
              2.0
            ],
            [
              2.0,
              -2.0
            ],
            [
              0.0,
              -2.0
            ],
            [
              -1.0,
              -2.0
            ]
          ]
        }
      }
    },
    {
      "drawable": {
        "Points": {
          "point_choice": "Plus",
          "centers": [
            [
              3.0,
              3.0
            ],
            [
              0.0,
              3.0
            ],
            [
              -1.5,
              3.0
            ],
            [
              3.0,
              -3.0
            ],
            [
              0.0,
              -3.0
            ],
            [
              -1.5,
              -3.0
            ]
          ]
        }
      }
    },
    {
      "drawable": {
        "Points": {
          "point_choice": "Dot",
          "centers": [
            [
              4.0,
              4.0
            ],
            [
              0.0,
              4.0
            ],
            [
              -2.0,
              4.0
            ],
            [
              4.0,
              -4.0
            ],
            [
              0.0,
              -4.0
            ],
            [
              -2.0,
              -4.0
            ]
          ]
        }
      }
    }
  ]
}
