{
  "drawables": [
    {
      "drawable": {
        "SegmentSequence": {
          "completion": "Closed",
          "segments": [
            {
              "Polyline": [
                [
                  -5.0,
                  -5.0
                ],
                [
                  -5.0,
                  5.0
                ],
                [
                  5.0,
                  5.0
                ],
                [
                  5.0,
                  -5.0
                ]
              ]
            }
          ]
        }
      }
    },
    {
      "drawable": {
        "Lines": {
          "path": {
            "coords": [
              [
                [
                  -5.0,
                  0.0
                ],
                [
                  5.0,
                  0.0
                ]
              ]
            ],
            "offsets": [
              [
                0.0,
                0.0
              ],
              [
                -0.0,
                -1.0
              ],
              [
                -0.0,
                -2.0
              ],
              [
                -0.0,
                -3.0
              ],
              [
                -0.0,
                -4.0
              ],
              [
                0.0,
                1.0
              ],
              [
                0.0,
                2.0
              ],
              [
                0.0,
                3.0
              ],
              [
                0.0,
                4.0
              ]
            ]
          },
          "path_choices": {
            "line_choice": "Light"
          }
        }
      }
    },
    {
      "drawable": {
        "Lines": {
          "path": {
            "coords": [
              [
                [
                  0.0,
                  -5.0
                ],
                [
                  0.0,
                  5.0
                ]
              ]
            ],
            "offsets": [
              [
                0.0,
                0.0
              ],
              [
                -1.0,
                -0.0
              ],
              [
                -2.0,
                -0.0
              ],
              [
                -3.0,
                -0.0
              ],
              [
                -4.0,
                -0.0
              ],
              [
                1.0,
                0.0
              ],
              [
                2.0,
                0.0
              ],
              [
                3.0,
                0.0
              ],
              [
                4.0,
                0.0
              ]
            ]
          },
          "path_choices": {
            "line_choice": "Light"
          }
        }
      }
    },
    {
      "drawable": {
        "Text": {
          "size_choice": "Small",
          "offset_choice": "Diagram",
          "anchor_choice": {
            "ThreeByThree": [
              "Center",
              "Top"
            ]
          },
          "texts": [
            {
              "content": "-5.0",
              "location": [
                -5.0,
                -5.0
              ]
            },
            {
              "content": "0.0",
              "location": [
                0.0,
                -5.0
              ]
            },
            {
              "content": "5.0",
              "location": [
                5.0,
                -5.0
              ]
            }
          ]
        }
      }
    },
    {
      "drawable": {
        "Text": {
          "size_choice": "Small",
          "offset_choice": "Diagram",
          "anchor_choice": {
            "ThreeByThree": [
              "Right",
              "Middle"
            ]
          },
          "texts": [
            {
              "content": "-5.0",
              "location": [
                -5.0,
                -5.0
              ]
            },
            {
              "content": "0.0",
              "location": [
                -5.0,
                0.0
              ]
            },
            {
              "content": "5.0",
              "location": [
                -5.0,
                5.0
              ]
            }
          ]
        }
      }
    },
    {
      "layer": 15,
      "drawable": {
        "Circles": {
          "path": {
            "radius": 1.2,
            "centers": [
              [
                -1.5,
                3.0
              ],
              [
                1.5,
                3.0
              ]
            ]
          },
          "path_choices": {
            "color": "BrightRed"
          }
        }
      }
    },
    {
      "layer": 10,
      "drawable": {
        "Circles": {
          "path": {
            "radius": 1.2,
            "centers": [
              [
                -3.0,
                3.0
              ],
              [
                0.0,
                3.0
              ],
              [
                3.0,
                3.0
              ]
            ]
          },
          "path_choices": {
            "color": "Blue"
          }
        }
      }
    }
  ]
}
