{
  "sizing_scheme": "Fill",
  "axes_range": [
    -1.5,
    -2.5,
    4.5,
    2.5
  ],
  "padding": [
    0.05
  ],
  "drawables": [
    {
      "drawable": {
        "Polyline": {
          "segment_choices": {
            "closure": "Closes"
          },
          "locations": [
            [
              -1.5,
              -2.5
            ],
            [
              -1.5,
              2.5
            ],
            [
              4.5,
              2.5
            ],
            [
              4.5,
              -2.5
            ]
          ]
        }
      }
    },
    {
      "drawable": {
        "Lines": {
          "line_choice": "Light",
          "coords": [
            [
              [
                -1.5,
                0.0
              ],
              [
                4.5,
                0.0
              ]
            ]
          ],
          "offsets": [
            [
              0.0,
              0.0
            ],
            [
              -0.0,
              -1.0
            ],
            [
              -0.0,
              -2.0
            ],
            [
              0.0,
              1.0
            ],
            [
              0.0,
              2.0
            ]
          ]
        }
      }
    },
    {
      "drawable": {
        "Lines": {
          "line_choice": "Light",
          "coords": [
            [
              [
                0.0,
                -2.5
              ],
              [
                0.0,
                2.5
              ]
            ]
          ],
          "offsets": [
            [
              0.0,
              0.0
            ],
            [
              -1.0,
              -0.0
            ],
            [
              1.0,
              0.0
            ],
            [
              2.0,
              0.0
            ],
            [
              3.0,
              0.0
            ],
            [
              4.0,
              0.0
            ]
          ]
        }
      }
    },
    {
      "layer": 10,
      "drawable": {
        "Points": {
          "color_choice": "YellowBrown",
          "centers": [
            [
              0.0,
              -1.5
            ],
            [
              -1.0,
              2.0
            ]
          ]
        }
      }
    },
    {
      "layer": 10,
      "drawable": {
        "Points": {
          "point_choice": "Times",
          "color_choice": "YellowBrown",
          "centers": [
            [
              -0.5,
              -2.0
            ],
            [
              0.5,
              1.5
            ]
          ]
        }
      }
    },
    {
      "layer": 10,
      "drawable": {
        "Lines": {
          "line_choice": "Light",
          "color_choice": "YellowBrown",
          "coords": [
            [
              [
                0.0,
                -1.5
              ],
              [
                -0.5,
                -2.0
              ]
            ],
            [
              [
                -1.0,
                2.0
              ],
              [
                0.5,
                1.5
              ]
            ]
          ]
        }
      }
    },
    {
      "layer": 30,
      "drawable": {
        "Cubic": {
          "segment_choices": {
            "color": "Green"
          },
          "c": [
            [
              0.0,
              -1.5
            ],
            [
              -0.5,
              -2.0
            ],
            [
              0.5,
              1.5
            ],
            [
              -1.0,
              2.0
            ]
          ]
        }
      }
    },
    {
      "layer": 20,
      "drawable": {
        "Points": {
          "point_choice": "Dot",
          "color_choice": "Blue",
          "centers": [
            [
              2.0,
              -1.5
            ],
            [
              1.8458454810495624,
              -1.339285714285714
            ],
            [
              1.859375,
              -0.744140625
            ],
            [
              1.8749999999999998,
              -0.12499999999999999
            ],
            [
              1.8560000000000005,
              0.4080000000000001
            ],
            [
              1.8013711495116456,
              0.8370586025544704
            ],
            [
              1.71875,
              1.171875
            ],
            [
              1.6164656349567594,
              1.4284820209376425
            ],
            [
              1.5014577259475217,
              1.6224489795918364
            ],
            [
              1.379,
              1.767
            ],
            [
              1.2529296875,
              1.872802734375
            ],
            [
              1.1259668227152453,
              1.948274984734378
            ],
            [
              0.9999999999999999,
              1.9999999999999998
            ]
          ]
        }
      }
    },
    {
      "layer": 30,
      "drawable": {
        "Cubic": {
          "segment_choices": {
            "color": "BrightBlue"
          },
          "c": [
            [
              2.0,
              -1.5
            ],
            [
              1.5,
              -2.0
            ],
            [
              2.5,
              1.5
            ],
            [
              1.0,
              2.0
            ]
          ]
        }
      }
    },
    {
      "layer": 10,
      "drawable": {
        "Points": {
          "color_choice": "YellowBrown",
          "centers": [
            [
              1.880689576695494,
              -1.5240669094219392
            ],
            [
              1.7630167666639267,
              1.015276978712912
            ]
          ]
        }
      }
    },
    {
      "layer": 10,
      "drawable": {
        "Points": {
          "point_choice": "Times",
          "color_choice": "YellowBrown",
          "centers": [
            [
              1.7560136351942375,
              -1.3254759454592233
            ],
            [
              2.0076886723862146,
              0.030045804856768776
            ]
          ]
        }
      }
    },
    {
      "layer": 10,
      "drawable": {
        "Lines": {
          "line_choice": "Light",
          "color_choice": "YellowBrown",
          "coords": [
            [
              [
                1.880689576695494,
                -1.5240669094219392
              ],
              [
                1.7560136351942375,
                -1.3254759454592233
              ]
            ],
            [
              [
                1.7630167666639267,
                1.015276978712912
              ],
              [
                2.0076886723862146,
                0.030045804856768776
              ]
            ]
          ]
        }
      }
    },
    {
      "layer": 20,
      "drawable": {
        "Points": {
          "color_choice": "Green",
          "centers": [
            [
              1.8470000000000002,
              -1.0590000000000002
            ],
            [
              1.870623855078364,
              -0.42720842662324465
            ],
            [
              1.8702616999562618,
              0.15445035719492614
            ],
            [
              1.8327259475218656,
              0.6352040816326529
            ]
          ]
        }
      }
    },
    {
      "layer": 30,
      "drawable": {
        "Cubic": {
          "segment_choices": {
            "color": "Green"
          },
          "c": [
            [
              1.880689576695494,
              -1.5240669094219392
            ],
            [
              1.7560136351942375,
              -1.3254759454592233
            ],
            [
              2.0076886723862146,
              0.030045804856768776
            ],
            [
              1.7630167666639267,
              1.015276978712912
            ]
          ]
        }
      }
    },
    {
      "layer": 20,
      "drawable": {
        "Points": {
          "point_choice": "Dot",
          "color_choice": "Blue",
          "centers": [
            [
              3.9999999999999996,
              -1.5
            ],
            [
              3.8458454810495617,
              -1.339285714285714
            ],
            [
              3.859375,
              -0.744140625
            ],
            [
              3.8749999999999996,
              -0.12499999999999999
            ],
            [
              3.856,
              0.408
            ],
            [
              3.801371149511646,
              0.8370586025544704
            ],
            [
              3.7187499999999996,
              1.171875
            ],
            [
              3.6164656349567585,
              1.428482020937642
            ],
            [
              3.501457725947521,
              1.6224489795918364
            ],
            [
              3.379,
              1.7670000000000001
            ],
            [
              3.2529296875,
              1.872802734375
            ],
            [
              3.1259668227152453,
              1.9482749847343783
            ],
            [
              3.0,
              1.9999999999999998
            ]
          ]
        }
      }
    },
    {
      "layer": 30,
      "drawable": {
        "Cubic": {
          "segment_choices": {
            "color": "BrightBlue"
          },
          "c": [
            [
              4.0,
              -1.5
            ],
            [
              3.5,
              -2.0
            ],
            [
              4.5,
              1.5
            ],
            [
              3.0,
              2.0
            ]
          ]
        }
      }
    },
    {
      "layer": 10,
      "drawable": {
        "Points": {
          "color_choice": "YellowBrown",
          "centers": [
            [
              3.856,
              0.408
            ],
            [
              3.2529296875,
              1.872802734375
            ]
          ]
        }
      }
    },
    {
      "layer": 10,
      "drawable": {
        "Points": {
          "point_choice": "Times",
          "color_choice": "YellowBrown",
          "centers": [
            [
              3.80875,
              1.00875
            ],
            [
              3.658984375,
              1.58671875
            ]
          ]
        }
      }
    },
    {
      "layer": 10,
      "drawable": {
        "Lines": {
          "line_choice": "Light",
          "color_choice": "YellowBrown",
          "coords": [
            [
              [
                3.856,
                0.408
              ],
              [
                3.80875,
                1.00875
              ]
            ],
            [
              [
                3.2529296875,
                1.872802734375
              ],
              [
                3.658984375,
                1.58671875
              ]
            ]
          ]
        }
      }
    },
    {
      "layer": 20,
      "drawable": {
        "Points": {
          "color_choice": "Green",
          "centers": [
            [
              3.8013711495116453,
              0.8370586025544705
            ],
            [
              3.71875,
              1.171875
            ],
            [
              3.61646563495676,
              1.4284820209376425
            ],
            [
              3.501457725947523,
              1.6224489795918369
            ],
            [
              3.379,
              1.7669999999999997
            ]
          ]
        }
      }
    },
    {
      "layer": 30,
      "drawable": {
        "Cubic": {
          "segment_choices": {
            "color": "Green"
          },
          "c": [
            [
              3.856,
              0.408
            ],
            [
              3.80875,
              1.00875
            ],
            [
              3.658984375,
              1.58671875
            ],
            [
              3.2529296875,
              1.872802734375
            ]
          ]
        }
      }
    }
  ]
}
