
      {
    "top-level": {
        "entry": "value",
		"nested": {	"GlossSeeAlso": ["GML", "XML"]
                          },
        "another": 8
            }
      }

