{
  "drawables": [
    {
      "layer": -10,
      "drawable": {
        "SegmentSequence": {
          "completion": "Closed",
          "path_choices": {
            "fill_choices": {
              "color": "ZvxBackground",
              "opacity": 1.0
            }
          },
          "segments": [
            {
              "Polyline": [
                [
                  -4.374857142857143,
                  -4.374857142857143
                ],
                [
                  -4.374857142857143,
                  4.374857142857143
                ],
                [
                  4.374857142857143,
                  4.374857142857143
                ],
                [
                  4.374857142857143,
                  -4.374857142857143
                ]
              ]
            }
          ]
        }
      }
    },
    {
      "drawable": {
        "SegmentSequence": {
          "completion": "Closed",
          "segments": [
            {
              "Polyline": [
                [
                  -4.0,
                  -4.0
                ],
                [
                  -4.0,
                  4.0
                ],
                [
                  4.0,
                  4.0
                ],
                [
                  4.0,
                  -4.0
                ]
              ]
            }
          ]
        }
      }
    },
    {
      "drawable": {
        "Lines": {
          "path": {
            "coords": [
              [
                [
                  -4.0,
                  0.0
                ],
                [
                  4.0,
                  0.0
                ]
              ]
            ],
            "offsets": [
              [
                0.0,
                0.0
              ],
              [
                -0.0,
                -1.0
              ],
              [
                -0.0,
                -2.0
              ],
              [
                -0.0,
                -3.0
              ],
              [
                0.0,
                1.0
              ],
              [
                0.0,
                2.0
              ],
              [
                0.0,
                3.0
              ]
            ]
          },
          "path_choices": {
            "line_choice": "Light"
          }
        }
      }
    },
    {
      "drawable": {
        "Lines": {
          "path": {
            "coords": [
              [
                [
                  0.0,
                  -4.0
                ],
                [
                  0.0,
                  4.0
                ]
              ]
            ],
            "offsets": [
              [
                0.0,
                0.0
              ],
              [
                -1.0,
                -0.0
              ],
              [
                -2.0,
                -0.0
              ],
              [
                -3.0,
                -0.0
              ],
              [
                1.0,
                0.0
              ],
              [
                2.0,
                0.0
              ],
              [
                3.0,
                0.0
              ]
            ]
          },
          "path_choices": {
            "line_choice": "Light"
          }
        }
      }
    },
    {
      "layer": 10,
      "drawable": {
        "Points": {
          "color_choice": "RedRedGreen",
          "centers": [
            [
              -2.25,
              -3.0
            ],
            [
              2.25,
              -3.0
            ]
          ]
        }
      }
    },
    {
      "layer": 10,
      "drawable": {
        "Points": {
          "point_choice": "Times",
          "color_choice": "RedRedGreen",
          "centers": [
            [
              -1.575,
              -1.875
            ],
            [
              2.25,
              -0.75
            ]
          ]
        }
      }
    },
    {
      "layer": 10,
      "drawable": {
        "Lines": {
          "path": {
            "coords": [
              [
                [
                  -2.25,
                  -3.0
                ],
                [
                  -1.575,
                  -1.875
                ]
              ],
              [
                [
                  2.25,
                  -3.0
                ],
                [
                  2.25,
                  -0.75
                ]
              ]
            ]
          },
          "path_choices": {
            "line_choice": "Light",
            "color": "RedRedGreen"
          }
        }
      }
    },
    {
      "layer": 20,
      "drawable": {
        "Points": {
          "point_choice": "Dot",
          "color_choice": "Blue",
          "centers": [
            [
              -2.0196614583333337,
              -2.7207031250000004
            ],
            [
              -1.6822916666666672,
              -2.4531250000000004
            ],
            [
              -1.2621093750000003,
              -2.2089843750000004
            ],
            [
              -0.7833333333333331,
              -2.0
            ],
            [
              -0.2701822916666665,
              -1.8378906250000002
            ],
            [
              0.25312500000000004,
              -1.7343750000000004
            ],
            [
              0.7623697916666672,
              -1.7011718750000004
            ],
            [
              1.233333333333334,
              -1.7500000000000007
            ],
            [
              1.6417968750000005,
              -1.8925781250000004
            ],
            [
              1.9635416666666672,
              -2.1406250000000004
            ],
            [
              2.1743489583333346,
              -2.505859375000001
            ]
          ]
        }
      }
    },
    {
      "layer": 30,
      "drawable": {
        "Cubic": {
          "path": {
            "r": [
              -6.0,
              14.0
            ],
            "p": [
              [
                -2.25,
                -3.0
              ],
              [
                -1.575,
                -1.875
              ],
              [
                2.25,
                -0.75
              ],
              [
                2.25,
                -3.0
              ]
            ]
          },
          "path_choices": {
            "color": "Green"
          }
        }
      }
    },
    {
      "layer": 10,
      "drawable": {
        "Points": {
          "color_choice": "RedRedGreen",
          "centers": [
            [
              3.15,
              -3.0
            ],
            [
              3.15,
              3.75
            ]
          ]
        }
      }
    },
    {
      "layer": 10,
      "drawable": {
        "Points": {
          "point_choice": "Times",
          "color_choice": "RedRedGreen",
          "centers": [
            [
              3.15,
              -0.75
            ],
            [
              3.15,
              1.5
            ]
          ]
        }
      }
    },
    {
      "layer": 10,
      "drawable": {
        "Lines": {
          "path": {
            "coords": [
              [
                [
                  3.15,
                  -3.0
                ],
                [
                  3.15,
                  -0.75
                ]
              ],
              [
                [
                  3.15,
                  3.75
                ],
                [
                  3.15,
                  1.5
                ]
              ]
            ]
          },
          "path_choices": {
            "line_choice": "Light",
            "color": "RedRedGreen"
          }
        }
      }
    },
    {
      "layer": 20,
      "drawable": {
        "Points": {
          "point_choice": "Dot",
          "color_choice": "Blue",
          "centers": [
            [
              3.1500000000000004,
              -2.4375000000000004
            ],
            [
              3.1500000000000012,
              -1.8750000000000007
            ],
            [
              3.150000000000001,
              -1.3125000000000002
            ],
            [
              3.1500000000000004,
              -0.7499999999999999
            ],
            [
              3.1500000000000012,
              -0.18749999999999975
            ],
            [
              3.150000000000001,
              0.3750000000000001
            ],
            [
              3.150000000000001,
              0.9375000000000007
            ],
            [
              3.1500000000000012,
              1.5000000000000009
            ],
            [
              3.150000000000001,
              2.0625000000000004
            ],
            [
              3.150000000000001,
              2.6250000000000004
            ],
            [
              3.1500000000000012,
              3.1875000000000018
            ]
          ]
        }
      }
    },
    {
      "layer": 30,
      "drawable": {
        "Cubic": {
          "path": {
            "r": [
              -6.0,
              14.0
            ],
            "p": [
              [
                3.15,
                -3.0
              ],
              [
                3.15,
                -0.75
              ],
              [
                3.15,
                1.5
              ],
              [
                3.15,
                3.75
              ]
            ]
          },
          "path_choices": {
            "color": "Green"
          }
        }
      }
    },
    {
      "layer": 10,
      "drawable": {
        "Points": {
          "color_choice": "RedRedGreen",
          "centers": [
            [
              -3.0217436331412895,
              -2.536953820115226
            ],
            [
              -0.9967436331412891,
              0.838046179884774
            ]
          ]
        }
      }
    },
    {
      "layer": 10,
      "drawable": {
        "Points": {
          "point_choice": "Times",
          "color_choice": "RedRedGreen",
          "centers": [
            [
              -2.3467436331412896,
              -1.411953820115226
            ],
            [
              -1.6717436331412894,
              -0.28695382011522597
            ]
          ]
        }
      }
    },
    {
      "layer": 10,
      "drawable": {
        "Lines": {
          "path": {
            "coords": [
              [
                [
                  -3.0217436331412895,
                  -2.536953820115226
                ],
                [
                  -2.3467436331412896,
                  -1.411953820115226
                ]
              ],
              [
                [
                  -0.9967436331412891,
                  0.838046179884774
                ],
                [
                  -1.6717436331412894,
                  -0.28695382011522597
                ]
              ]
            ]
          },
          "path_choices": {
            "line_choice": "Light",
            "color": "RedRedGreen"
          }
        }
      }
    },
    {
      "layer": 20,
      "drawable": {
        "Points": {
          "point_choice": "Dot",
          "color_choice": "Blue",
          "centers": [
            [
              -2.8529936331412897,
              -2.2557038201152264
            ],
            [
              -2.684243633141291,
              -1.9744538201152269
            ],
            [
              -2.51549363314129,
              -1.6932038201152262
            ],
            [
              -2.3467436331412896,
              -1.4119538201152262
            ],
            [
              -2.1779936331412895,
              -1.1307038201152262
            ],
            [
              -2.00924363314129,
              -0.8494538201152262
            ],
            [
              -1.8404936331412898,
              -0.568203820115226
            ],
            [
              -1.67174363314129,
              -0.2869538201152259
            ],
            [
              -1.5029936331412896,
              -0.0057038201152259955
            ],
            [
              -1.3342436331412895,
              0.27554617988477426
            ],
            [
              -1.1654936331412897,
              0.5567961798847745
            ]
          ]
        }
      }
    },
    {
      "layer": 30,
      "drawable": {
        "Cubic": {
          "path": {
            "r": [
              -6.0,
              14.0
            ],
            "p": [
              [
                -3.0217436331412895,
                -2.536953820115226
              ],
              [
                -2.3467436331412896,
                -1.411953820115226
              ],
              [
                -1.6717436331412894,
                -0.28695382011522597
              ],
              [
                -0.9967436331412891,
                0.838046179884774
              ]
            ]
          },
          "path_choices": {
            "color": "Green"
          }
        }
      }
    },
    {
      "layer": 10,
      "drawable": {
        "Points": {
          "color_choice": "RedRedGreen",
          "centers": [
            [
              -3.002667896001395,
              -1.1652575695896767
            ],
            [
              3.2410821039986053,
              -0.32150756958967674
            ]
          ]
        }
      }
    },
    {
      "layer": 10,
      "drawable": {
        "Points": {
          "point_choice": "Times",
          "color_choice": "RedRedGreen",
          "centers": [
            [
              -0.9214178960013952,
              -0.8840075695896767
            ],
            [
              1.159832103998605,
              -0.6027575695896767
            ]
          ]
        }
      }
    },
    {
      "layer": 10,
      "drawable": {
        "Lines": {
          "path": {
            "coords": [
              [
                [
                  -3.002667896001395,
                  -1.1652575695896767
                ],
                [
                  -0.9214178960013952,
                  -0.8840075695896767
                ]
              ],
              [
                [
                  3.2410821039986053,
                  -0.32150756958967674
                ],
                [
                  1.159832103998605,
                  -0.6027575695896767
                ]
              ]
            ]
          },
          "path_choices": {
            "line_choice": "Light",
            "color": "RedRedGreen"
          }
        }
      }
    },
    {
      "layer": 20,
      "drawable": {
        "Points": {
          "point_choice": "Dot",
          "color_choice": "Blue",
          "centers": [
            [
              -2.4823553960013958,
              -1.094945069589677
            ],
            [
              -1.9620428960013958,
              -1.0246325695896772
            ],
            [
              -1.4417303960013952,
              -0.954320069589677
            ],
            [
              -0.9214178960013949,
              -0.8840075695896767
            ],
            [
              -0.4011053960013949,
              -0.813695069589677
            ],
            [
              0.11920710399860505,
              -0.7433825695896769
            ],
            [
              0.6395196039986055,
              -0.673070069589677
            ],
            [
              1.1598321039986057,
              -0.602757569589677
            ],
            [
              1.6801446039986052,
              -0.532445069589677
            ],
            [
              2.2004571039986063,
              -0.46213256958967686
            ],
            [
              2.7207696039986065,
              -0.3918200695896769
            ]
          ]
        }
      }
    },
    {
      "layer": 30,
      "drawable": {
        "Cubic": {
          "path": {
            "r": [
              -6.0,
              14.0
            ],
            "p": [
              [
                -3.002667896001395,
                -1.1652575695896767
              ],
              [
                -0.9214178960013952,
                -0.8840075695896767
              ],
              [
                1.159832103998605,
                -0.6027575695896767
              ],
              [
                3.2410821039986053,
                -0.32150756958967674
              ]
            ]
          },
          "path_choices": {
            "color": "Green"
          }
        }
      }
    }
  ]
}
