{
  "drawables": [
    {
      "layer": -10,
      "drawable": {
        "SegmentSequence": {
          "completion": "Closed",
          "path_choices": {
            "fill_choices": {
              "color": "ZvxBackground",
              "opacity": 1.0
            }
          },
          "segments": [
            {
              "Polyline": [
                [
                  -4.374857142857143,
                  -4.374857142857143
                ],
                [
                  -4.374857142857143,
                  4.374857142857143
                ],
                [
                  4.374857142857143,
                  4.374857142857143
                ],
                [
                  4.374857142857143,
                  -4.374857142857143
                ]
              ]
            }
          ]
        }
      }
    },
    {
      "drawable": {
        "SegmentSequence": {
          "completion": "Closed",
          "segments": [
            {
              "Polyline": [
                [
                  -4.0,
                  -4.0
                ],
                [
                  -4.0,
                  4.0
                ],
                [
                  4.0,
                  4.0
                ],
                [
                  4.0,
                  -4.0
                ]
              ]
            }
          ]
        }
      }
    },
    {
      "drawable": {
        "Lines": {
          "path": {
            "coords": [
              [
                [
                  -4.0,
                  0.0
                ],
                [
                  4.0,
                  0.0
                ]
              ]
            ],
            "offsets": [
              [
                0.0,
                0.0
              ],
              [
                -0.0,
                -1.0
              ],
              [
                -0.0,
                -2.0
              ],
              [
                -0.0,
                -3.0
              ],
              [
                0.0,
                1.0
              ],
              [
                0.0,
                2.0
              ],
              [
                0.0,
                3.0
              ]
            ]
          },
          "path_choices": {
            "line_choice": "Light"
          }
        }
      }
    },
    {
      "drawable": {
        "Lines": {
          "path": {
            "coords": [
              [
                [
                  0.0,
                  -4.0
                ],
                [
                  0.0,
                  4.0
                ]
              ]
            ],
            "offsets": [
              [
                0.0,
                0.0
              ],
              [
                -1.0,
                -0.0
              ],
              [
                -2.0,
                -0.0
              ],
              [
                -3.0,
                -0.0
              ],
              [
                1.0,
                0.0
              ],
              [
                2.0,
                0.0
              ],
              [
                3.0,
                0.0
              ]
            ]
          },
          "path_choices": {
            "line_choice": "Light"
          }
        }
      }
    },
    {
      "layer": 10,
      "drawable": {
        "Points": {
          "color_choice": "RedRedGreen",
          "centers": [
            [
              -3.0,
              -1.15
            ],
            [
              3.0,
              -1.15
            ]
          ]
        }
      }
    },
    {
      "layer": 10,
      "drawable": {
        "Points": {
          "point_choice": "Times",
          "color_choice": "RedRedGreen",
          "centers": [
            [
              -2.1,
              0.3500000000000001
            ],
            [
              3.0,
              1.85
            ]
          ]
        }
      }
    },
    {
      "layer": 10,
      "drawable": {
        "Lines": {
          "path": {
            "coords": [
              [
                [
                  -3.0,
                  -1.15
                ],
                [
                  -2.1,
                  0.3500000000000001
                ]
              ],
              [
                [
                  3.0,
                  -1.15
                ],
                [
                  3.0,
                  1.85
                ]
              ]
            ]
          },
          "path_choices": {
            "line_choice": "Light",
            "color": "RedRedGreen"
          }
        }
      }
    },
    {
      "layer": 30,
      "drawable": {
        "Cubic": {
          "path": {
            "r": [
              -6.0,
              14.0
            ],
            "p": [
              [
                -3.0,
                -1.15
              ],
              [
                -2.1,
                0.3500000000000001
              ],
              [
                3.0,
                1.85
              ],
              [
                3.0,
                -1.15
              ]
            ]
          },
          "path_choices": {
            "color": "Green"
          }
        }
      }
    },
    {
      "layer": 30,
      "drawable": {
        "Text": {
          "offset_choice": "Diagram",
          "anchor_choice": {
            "ThreeByThree": [
              "Center",
              "Middle"
            ]
          },
          "color_choice": "BlueBlueRed",
          "texts": [
            {
              "content": "Intermediate control points",
              "location": [
                0.5,
                1.5
              ]
            }
          ]
        }
      }
    },
    {
      "layer": 30,
      "drawable": {
        "Text": {
          "offset_choice": "Diagram",
          "anchor_choice": {
            "ThreeByThree": [
              "Center",
              "Middle"
            ]
          },
          "color_choice": "BlueBlueRed",
          "texts": [
            {
              "content": "p<sub>1</sub>",
              "location": [
                -2.1,
                0.8500000000000001
              ]
            }
          ]
        }
      }
    },
    {
      "layer": 30,
      "drawable": {
        "Text": {
          "offset_choice": "Diagram",
          "anchor_choice": {
            "ThreeByThree": [
              "Center",
              "Middle"
            ]
          },
          "color_choice": "BlueBlueRed",
          "texts": [
            {
              "content": "p<sub>2</sub>",
              "location": [
                3.0,
                2.35
              ]
            }
          ]
        }
      }
    },
    {
      "layer": 30,
      "drawable": {
        "Text": {
          "offset_choice": "Diagram",
          "anchor_choice": {
            "ThreeByThree": [
              "Center",
              "Middle"
            ]
          },
          "color_choice": "RedRedBlue",
          "texts": [
            {
              "content": "End control points",
              "location": [
                0.0,
                -2.0
              ]
            }
          ]
        }
      }
    },
    {
      "layer": 30,
      "drawable": {
        "Text": {
          "offset_choice": "Diagram",
          "anchor_choice": {
            "ThreeByThree": [
              "Center",
              "Middle"
            ]
          },
          "color_choice": "RedRedBlue",
          "texts": [
            {
              "content": "p<sub>0</sub>",
              "location": [
                -3.0,
                -1.65
              ]
            }
          ]
        }
      }
    },
    {
      "layer": 30,
      "drawable": {
        "Text": {
          "offset_choice": "Diagram",
          "anchor_choice": {
            "ThreeByThree": [
              "Center",
              "Middle"
            ]
          },
          "color_choice": "RedRedBlue",
          "texts": [
            {
              "content": "p<sub>3</sub>",
              "location": [
                3.0,
                -1.65
              ]
            }
          ]
        }
      }
    }
  ]
}
