{
    "top-level": {
        "entry": "value",
	    "nested": {    "array": ["Tutti", "Frutty"]
                    }
            }
}
