{
  "sizing_scheme": "Fill",
  "axes_range": [
    -0.5,
    -0.5,
    1.5,
    3.5
  ]
}
