{
  "sizing_scheme": "SquareCenter",
  "axes_range": [
    2.0
  ],
  "padding": [
    0.06
  ],
  "drawables": [
    {
      "drawable": {
        "Lines": {
          "start": [
            [
              -2.0,
              -2.0
            ],
            [
              2.0,
              -2.0
            ],
            [
              -2.0,
              -2.0
            ],
            [
              -2.0,
              2.0
            ]
          ],
          "end": [
            [
              -2.0,
              2.0
            ],
            [
              2.0,
              2.0
            ],
            [
              2.0,
              -2.0
            ],
            [
              2.0,
              2.0
            ]
          ],
          "offsets": [
            [
              0.0,
              0.0
            ]
          ]
        }
      }
    },
    {
      "drawable": {
        "Lines": {
          "line_choice": "Light",
          "start": [
            [
              -2.0,
              0.0
            ]
          ],
          "end": [
            [
              2.0,
              0.0
            ]
          ],
          "offsets": [
            [
              0.0,
              0.0
            ],
            [
              -0.0,
              -0.6
            ],
            [
              -0.0,
              -1.2
            ],
            [
              -0.0,
              -1.7999999999999998
            ],
            [
              0.0,
              0.6
            ],
            [
              0.0,
              1.2
            ],
            [
              0.0,
              1.7999999999999998
            ]
          ]
        }
      }
    },
    {
      "drawable": {
        "Lines": {
          "line_choice": "Light",
          "start": [
            [
              0.0,
              -2.0
            ]
          ],
          "end": [
            [
              0.0,
              2.0
            ]
          ],
          "offsets": [
            [
              0.0,
              0.0
            ],
            [
              -0.4,
              -0.0
            ],
            [
              -0.8,
              -0.0
            ],
            [
              -1.2000000000000002,
              -0.0
            ],
            [
              -1.6,
              -0.0
            ],
            [
              0.4,
              0.0
            ],
            [
              0.8,
              0.0
            ],
            [
              1.2000000000000002,
              0.0
            ],
            [
              1.6,
              0.0
            ]
          ]
        }
      }
    },
    {
      "drawable": {
        "Text": {
          "size_choice": "Small",
          "offset_choice": "Both",
          "anchor_vertical": "Top",
          "texts": [
            {
              "content": "-2",
              "location": [
                -2.0,
                -2.0
              ]
            },
            {
              "content": "0",
              "location": [
                0.0,
                -2.0
              ]
            },
            {
              "content": "2",
              "location": [
                2.0,
                -2.0
              ]
            }
          ]
        }
      }
    },
    {
      "drawable": {
        "Text": {
          "size_choice": "Small",
          "offset_choice": "Both",
          "anchor_horizontal": "Right",
          "texts": [
            {
              "content": "-1.8",
              "location": [
                -2.0,
                -1.7999999999999998
              ]
            },
            {
              "content": "0.0",
              "location": [
                -2.0,
                0.0
              ]
            },
            {
              "content": "1.8",
              "location": [
                -2.0,
                1.7999999999999998
              ]
            }
          ]
        }
      }
    },
    {
      "drawable": {
        "Lines": {
          "start": [
            [
              -1.0,
              -1.0
            ]
          ],
          "end": [
            [
              -1.0,
              1.0
            ]
          ],
          "offsets": [
            [
              0.0,
              0.0
            ],
            [
              2.0,
              0.0
            ]
          ]
        }
      }
    },
    {
      "drawable": {
        "Lines": {
          "line_choice": "Light",
          "start": [
            [
              -1.0,
              1.0
            ],
            [
              1.0,
              1.0
            ]
          ],
          "end": [
            [
              1.0,
              -1.0
            ],
            [
              -1.0,
              -1.0
            ]
          ],
          "offsets": [
            [
              0.0,
              0.0
            ]
          ]
        }
      }
    }
  ]
}
