{
  "sizing_scheme": "Fill",
  "axes_range": [
    -4.5,
    -2.5,
    1.5,
    2.5
  ],
  "padding": [
    0.05
  ],
  "drawables": [
    {
      "drawable": {
        "Polyline": {
          "line_closure_choice": "Closed",
          "locations": [
            [
              -4.5,
              -2.5
            ],
            [
              -4.5,
              2.5
            ],
            [
              1.5,
              2.5
            ],
            [
              1.5,
              -2.5
            ]
          ]
        }
      }
    },
    {
      "drawable": {
        "Lines": {
          "line_choice": "Light",
          "start": [
            [
              -4.5,
              0.0
            ]
          ],
          "end": [
            [
              1.5,
              0.0
            ]
          ],
          "offsets": [
            [
              0.0,
              0.0
            ],
            [
              -0.0,
              -1.0
            ],
            [
              -0.0,
              -2.0
            ],
            [
              0.0,
              1.0
            ],
            [
              0.0,
              2.0
            ]
          ]
        }
      }
    },
    {
      "drawable": {
        "Lines": {
          "line_choice": "Light",
          "start": [
            [
              0.0,
              -2.5
            ]
          ],
          "end": [
            [
              0.0,
              2.5
            ]
          ],
          "offsets": [
            [
              0.0,
              0.0
            ],
            [
              -1.0,
              -0.0
            ],
            [
              -2.0,
              -0.0
            ],
            [
              -3.0,
              -0.0
            ],
            [
              -4.0,
              -0.0
            ],
            [
              1.0,
              0.0
            ]
          ]
        }
      }
    },
    {
      "drawable": {
        "Text": {
          "size_choice": "Small",
          "offset_choice": "Both",
          "anchor_vertical": "Top",
          "texts": [
            {
              "content": "-4.0",
              "location": [
                -4.0,
                -2.5
              ]
            },
            {
              "content": "0.0",
              "location": [
                0.0,
                -2.5
              ]
            },
            {
              "content": "1.0",
              "location": [
                1.0,
                -2.5
              ]
            }
          ]
        }
      }
    },
    {
      "drawable": {
        "Text": {
          "size_choice": "Small",
          "offset_choice": "Both",
          "anchor_horizontal": "Right",
          "texts": [
            {
              "content": "-2.0",
              "location": [
                -4.5,
                -2.0
              ]
            },
            {
              "content": "0.0",
              "location": [
                -4.5,
                0.0
              ]
            },
            {
              "content": "2.0",
              "location": [
                -4.5,
                2.0
              ]
            }
          ]
        }
      }
    },
    {
      "layer": 20,
      "drawable": {
        "Points": {
          "color_choice": "Blue",
          "centers": [
            [
              -2.061559595959596,
              1.2121212121212122
            ],
            [
              -1.5773659010600707,
              1.3780918727915197
            ],
            [
              -0.8105530791788851,
              1.4076246334310851
            ],
            [
              0.05704583333333361,
              0.8333333333333333
            ],
            [
              -0.13941151832460694,
              -0.6282722513089009
            ],
            [
              -1.4783725563909775,
              -1.5789473684210527
            ],
            [
              -2.4660693877551023,
              -1.63265306122449
            ],
            [
              -2.9462236033519553,
              -1.424581005586592
            ],
            [
              -3.1706009165902844,
              -1.2098991750687442
            ],
            [
              -3.2799649425287356,
              -1.0344827586206897
            ],
            [
              -3.3355416160672586,
              -0.8967772069126576
            ],
            [
              -3.364358700284091,
              -0.7883522727272727
            ],
            [
              -3.379098746867168,
              -0.7017543859649122
            ]
          ]
        }
      }
    },
    {
      "layer": 30,
      "drawable": {
        "Polyline": {
          "color_choice": "Red",
          "locations": [
            [
              -2.061559595959596,
              1.2121212121212122
            ],
            [
              -1.9659545902373485,
              1.2539184952978057
            ],
            [
              -1.8585054309915292,
              1.295465869456901
            ],
            [
              -1.7376134668892598,
              1.335559265442404
            ],
            [
              -1.60161547099189,
              1.372426699937617
            ],
            [
              -1.4489228070175435,
              1.4035087719298245
            ],
            [
              -1.2782799683293742,
              1.4251781472684086
            ],
            [
              -1.0892098478066248,
              1.432408236347359
            ],
            [
              -0.8827298885511649,
              1.4184397163120568
            ],
            [
              -0.6624153493699878,
              1.374570446735395
            ],
            [
              -0.43580645161290293,
              1.2903225806451613
            ],
            [
              -0.21592871572871514,
              1.1544011544011543
            ],
            [
              -0.022255821371610043,
              0.9569377990430619
            ],
            [
              0.12010849220104024,
              0.6932409012131715
            ],
            [
              0.18440589318600412,
              0.3683241252302021
            ],
            [
              0.1495904761904764,
              -4.2294210461910723e-16
            ],
            [
              0.008624091778202767,
              -0.382409177820268
            ],
            [
              -0.22707895716946053,
              -0.7448789571694604
            ],
            [
              -0.530547442680776,
              -1.0582010582010584
            ],
            [
              -0.8680694942903754,
              -1.3050570962479613
            ],
            [
              -1.2086814814814821,
              -1.4814814814814816
            ],
            [
              -1.5299078353253657,
              -1.5936254980079683
            ],
            [
              -1.818900118063755,
              -1.6528925619834711
            ],
            [
              -2.0706618599791016,
              -1.671891327063741
            ],
            [
              -2.285379132040628,
              -1.6620498614958448
            ],
            [
              -2.4660693877551023,
              -1.63265306122449
            ],
            [
              -2.6169425885755606,
              -1.5907447577729574
            ],
            [
              -2.7424247912652544,
              -1.5414258188824663
            ],
            [
              -2.8466550658271323,
              -1.4882655981682884
            ],
            [
              -2.933274244751664,
              -1.4336917562724014
            ],
            [
              -3.0053747126436785,
              -1.379310344827586
            ],
            [
              -3.0655294653957728,
              -1.326150020721094
            ],
            [
              -3.1158539182602176,
              -1.274840644919385
            ],
            [
              -3.1580760640108956,
              -1.225740551583248
            ],
            [
              -3.1936033509152963,
              -1.179025752404592
            ],
            [
              -3.223581560283688,
              -1.1347517730496455
            ],
            [
              -3.2489444704657826,
              -1.092896174863388
            ],
            [
              -3.2704547282738807,
              -1.0533875987550874
            ],
            [
              -3.288737000220897,
              -1.0161254694057875
            ],
            [
              -3.3043046392806046,
              -0.9809932556713672
            ],
            [
              -3.3175810426540284,
              -0.9478672985781991
            ],
            [
              -3.3289167283624184,
              -0.9166225982725187
            ],
            [
              -3.3386029899786434,
              -0.8871365204534253
            ],
            [
              -3.3468828295227864,
              -0.8592910848549945
            ],
            [
              -3.3539597300014363,
              -0.8329742926899325
            ],
            [
              -3.360004713804714,
              -0.8080808080808081
            ],
            [
              -3.3651620397317474,
              -0.7845122105529545
            ],
            [
              -3.369553816839347,
              -0.7621769679647492
            ],
            [
              -3.373283754350511,
              -0.7409902324014819
            ],
            [
              -3.376440220502491,
              -0.720873529099968
            ],
            [
              -3.379098746867168,
              -0.7017543859649122
            ]
          ]
        }
      }
    }
  ]
}
