{
  "sizing_scheme": "SquareCenter",
  "base_height": 350.0,
  "axes_range": [
    -4.5,
    -3.5,
    1.5,
    2.5
  ],
  "padding": [
    0.05
  ],
  "drawables": [
    {
      "drawable": {
        "Polyline": {
          "line_closure_choice": "Closed",
          "locations": [
            [
              -4.5,
              -3.5
            ],
            [
              -4.5,
              2.5
            ],
            [
              1.5,
              2.5
            ],
            [
              1.5,
              -3.5
            ]
          ]
        }
      }
    },
    {
      "drawable": {
        "Lines": {
          "line_choice": "Light",
          "start": [
            [
              -4.5,
              0.0
            ]
          ],
          "end": [
            [
              1.5,
              0.0
            ]
          ],
          "offsets": [
            [
              0.0,
              0.0
            ],
            [
              -0.0,
              -1.0
            ],
            [
              -0.0,
              -2.0
            ],
            [
              -0.0,
              -3.0
            ],
            [
              0.0,
              1.0
            ],
            [
              0.0,
              2.0
            ]
          ]
        }
      }
    },
    {
      "drawable": {
        "Lines": {
          "line_choice": "Light",
          "start": [
            [
              0.0,
              -3.5
            ]
          ],
          "end": [
            [
              0.0,
              2.5
            ]
          ],
          "offsets": [
            [
              0.0,
              0.0
            ],
            [
              -1.0,
              -0.0
            ],
            [
              -2.0,
              -0.0
            ],
            [
              -3.0,
              -0.0
            ],
            [
              -4.0,
              -0.0
            ],
            [
              1.0,
              0.0
            ]
          ]
        }
      }
    },
    {
      "layer": 10,
      "drawable": {
        "Points": {
          "color_choice": "YellowBrown",
          "centers": [
            [
              1.0,
              0.0
            ],
            [
              -1.0,
              2.0
            ]
          ]
        }
      }
    },
    {
      "layer": 10,
      "drawable": {
        "Points": {
          "point_choice": "Times",
          "color_choice": "YellowBrown",
          "centers": [
            [
              1.0,
              0.5
            ],
            [
              -0.5,
              2.0
            ]
          ]
        }
      }
    },
    {
      "layer": 10,
      "drawable": {
        "Lines": {
          "line_choice": "Light",
          "color_choice": "YellowBrown",
          "start": [
            [
              1.0,
              0.0
            ],
            [
              -1.0,
              2.0
            ]
          ],
          "end": [
            [
              1.0,
              0.5
            ],
            [
              -0.5,
              2.0
            ]
          ]
        }
      }
    },
    {
      "layer": 20,
      "drawable": {
        "Points": {
          "color_choice": "Blue",
          "centers": [
            [
              0.9846449136276391,
              0.14203454894433773
            ],
            [
              0.9327731092436973,
              0.31932773109243695
            ],
            [
              0.8367346938775508,
              0.5306122448979591
            ],
            [
              0.6923076923076922,
              0.769230769230769
            ],
            [
              0.5012468827930173,
              1.022443890274314
            ],
            [
              0.27272727272727254,
              1.2727272727272725
            ],
            [
              0.022443890274314003,
              1.5012468827930172
            ],
            [
              -0.23076923076923098,
              1.692307692307692
            ],
            [
              -0.469387755102041,
              1.8367346938775506
            ],
            [
              -0.6806722689075633,
              1.9327731092436973
            ],
            [
              -0.8579654510556624,
              1.984644913627639
            ]
          ]
        }
      }
    },
    {
      "layer": 30,
      "drawable": {
        "Arc": {
          "color_choice": "Green",
          "angle_range": [
            -1.1863995522992574,
            1.1863995522992574
          ],
          "center": [
            -0.16363636363636377,
            0.8363636363636362
          ],
          "transform": [
            0.4363636363636363,
            0.4363636363636363,
            -1.0787197799411874,
            1.0787197799411874
          ]
        }
      }
    },
    {
      "layer": 10,
      "drawable": {
        "Points": {
          "color_choice": "YellowBrown",
          "centers": [
            [
              0.0,
              -1.0
            ],
            [
              -2.0,
              1.0
            ]
          ]
        }
      }
    },
    {
      "layer": 10,
      "drawable": {
        "Points": {
          "point_choice": "Times",
          "color_choice": "YellowBrown",
          "centers": [
            [
              0.0,
              -0.05719095841793653
            ],
            [
              -1.0571909584179364,
              1.0
            ]
          ]
        }
      }
    },
    {
      "layer": 10,
      "drawable": {
        "Lines": {
          "line_choice": "Light",
          "color_choice": "YellowBrown",
          "start": [
            [
              0.0,
              -1.0
            ],
            [
              -2.0,
              1.0
            ]
          ],
          "end": [
            [
              0.0,
              -0.05719095841793653
            ],
            [
              -1.0571909584179364,
              1.0
            ]
          ]
        }
      }
    },
    {
      "layer": 20,
      "drawable": {
        "Points": {
          "color_choice": "Blue",
          "centers": [
            [
              -0.014539496081668655,
              -0.7592790258819029
            ],
            [
              -0.06047582168733081,
              -0.5118955421832686
            ],
            [
              -0.14042339787513938,
              -0.26381058087625436
            ],
            [
              -0.2554791617945659,
              -0.021916647178263315
            ],
            [
              -0.40486657827068195,
              0.20646150658946344
            ],
            [
              -0.5857864376269049,
              0.4142135623730952
            ],
            [
              -0.7935384934105366,
              0.5951334217293182
            ],
            [
              -1.0219166471782632,
              0.7445208382054342
            ],
            [
              -1.2638105808762543,
              0.8595766021248609
            ],
            [
              -1.5118955421832687,
              0.9395241783126693
            ],
            [
              -1.7592790258819024,
              0.9854605039183315
            ]
          ]
        }
      }
    },
    {
      "layer": 30,
      "drawable": {
        "Arc": {
          "color_choice": "Green",
          "angle_range": [
            -0.7853981633974481,
            0.7853981633974481
          ],
          "center": [
            -2.0000000000000013,
            -1.0000000000000002
          ],
          "transform": [
            1.4142135623730963,
            1.4142135623730956,
            -1.4142135623730954,
            1.4142135623730954
          ]
        }
      }
    },
    {
      "layer": 10,
      "drawable": {
        "Points": {
          "color_choice": "YellowBrown",
          "centers": [
            [
              -1.0,
              -2.0
            ],
            [
              -3.0,
              0.0
            ]
          ]
        }
      }
    },
    {
      "layer": 10,
      "drawable": {
        "Points": {
          "point_choice": "Times",
          "color_choice": "YellowBrown",
          "centers": [
            [
              -1.0,
              -0.6666666666666667
            ],
            [
              -1.6666666666666667,
              0.0
            ]
          ]
        }
      }
    },
    {
      "layer": 10,
      "drawable": {
        "Lines": {
          "line_choice": "Light",
          "color_choice": "YellowBrown",
          "start": [
            [
              -1.0,
              -2.0
            ],
            [
              -3.0,
              0.0
            ]
          ],
          "end": [
            [
              -1.0,
              -0.6666666666666667
            ],
            [
              -1.6666666666666667,
              0.0
            ]
          ]
        }
      }
    },
    {
      "layer": 20,
      "drawable": {
        "Points": {
          "color_choice": "Blue",
          "centers": [
            [
              -1.0138888888888888,
              -1.6805555555555554
            ],
            [
              -1.0555555555555556,
              -1.3888888888888888
            ],
            [
              -1.125,
              -1.1249999999999998
            ],
            [
              -1.2222222222222223,
              -0.8888888888888888
            ],
            [
              -1.3472222222222223,
              -0.6805555555555556
            ],
            [
              -1.5,
              -0.5
            ],
            [
              -1.6805555555555556,
              -0.34722222222222227
            ],
            [
              -1.8888888888888888,
              -0.22222222222222232
            ],
            [
              -2.125,
              -0.1250000000000001
            ],
            [
              -2.388888888888889,
              -0.05555555555555569
            ],
            [
              -2.6805555555555554,
              -0.01388888888888909
            ]
          ]
        }
      }
    },
    {
      "layer": 30,
      "drawable": {
        "Cubic": {
          "color_choice": "Green",
          "x": [
            -1.0,
            -1.0,
            -1.6666666666666667,
            -3.0
          ],
          "y": [
            -1.9999999999999998,
            -0.6666666666666665,
            -8.326672684688674e-17,
            -2.7755575615628914e-16
          ]
        }
      }
    },
    {
      "layer": 10,
      "drawable": {
        "Points": {
          "color_choice": "YellowBrown",
          "centers": [
            [
              -2.0,
              -3.0
            ],
            [
              -4.0,
              -1.0
            ]
          ]
        }
      }
    },
    {
      "layer": 10,
      "drawable": {
        "Points": {
          "point_choice": "Times",
          "color_choice": "YellowBrown",
          "centers": [
            [
              -2.0,
              0.0
            ],
            [
              -1.0,
              -1.0
            ]
          ]
        }
      }
    },
    {
      "layer": 10,
      "drawable": {
        "Lines": {
          "line_choice": "Light",
          "color_choice": "YellowBrown",
          "start": [
            [
              -2.0,
              -3.0
            ],
            [
              -4.0,
              -1.0
            ]
          ],
          "end": [
            [
              -2.0,
              0.0
            ],
            [
              -1.0,
              -1.0
            ]
          ]
        }
      }
    },
    {
      "layer": 20,
      "drawable": {
        "Points": {
          "color_choice": "Blue",
          "centers": [
            [
              -2.011661807580175,
              -2.4110787172011663
            ],
            [
              -2.0412371134020617,
              -2.0309278350515463
            ],
            [
              -2.0851063829787235,
              -1.7659574468085106
            ],
            [
              -2.142857142857143,
              -1.5714285714285714
            ],
            [
              -2.2159827213822894,
              -1.4233261339092873
            ],
            [
              -2.307692307692308,
              -1.307692307692308
            ],
            [
              -2.4233261339092875,
              -1.2159827213822896
            ],
            [
              -2.571428571428571,
              -1.1428571428571428
            ],
            [
              -2.7659574468085104,
              -1.0851063829787233
            ],
            [
              -3.0309278350515463,
              -1.041237113402062
            ],
            [
              -3.4110787172011663,
              -1.0116618075801749
            ]
          ]
        }
      }
    },
    {
      "layer": 30,
      "drawable": {
        "Polyline": {
          "color_choice": "Green",
          "locations": [
            [
              -2.0,
              -3.0
            ],
            [
              -2.000762631077216,
              -2.8310772163965683
            ],
            [
              -2.002919708029197,
              -2.681751824817518
            ],
            [
              -2.0063102541630147,
              -2.5488168273444347
            ],
            [
              -2.0108108108108107,
              -2.4297297297297296
            ],
            [
              -2.016326530612245,
              -2.3224489795918366
            ],
            [
              -2.022784810126582,
              -2.2253164556962024
            ],
            [
              -2.030130668716372,
              -2.1369715603382016
            ],
            [
              -2.038323353293413,
              -2.0562874251497005
            ],
            [
              -2.0473338203067932,
              -1.9823228634039443
            ],
            [
              -2.0571428571428574,
              -1.9142857142857144
            ],
            [
              -2.0677396780965713,
              -1.8515045486354096
            ],
            [
              -2.0791208791208793,
              -1.7934065934065937
            ],
            [
              -2.0912896691424714,
              -1.7395003376097231
            ],
            [
              -2.104255319148936,
              -1.6893617021276595
            ],
            [
              -2.118032786885246,
              -1.6426229508196724
            ],
            [
              -2.1326424870466325,
              -1.5989637305699484
            ],
            [
              -2.148110185778347,
              -1.5581037796284434
            ],
            [
              -2.1644670050761423,
              -1.5197969543147207
            ],
            [
              -2.1817495280050347,
              -1.483826305852738
            ],
            [
              -2.2,
              -1.45
            ],
            [
              -2.219266625233064,
              -1.4181479179614669
            ],
            [
              -2.23960396039604,
              -1.3881188118811882
            ],
            [
              -2.2610734114743987,
              -1.3597779148673659
            ],
            [
              -2.2837438423645318,
              -1.3330049261083745
            ],
            [
              -2.307692307692308,
              -1.307692307692308
            ],
            [
              -2.3330049261083743,
              -1.2837438423645322
            ],
            [
              -2.3597779148673657,
              -1.2610734114743984
            ],
            [
              -2.388118811881188,
              -1.2396039603960396
            ],
            [
              -2.418147917961467,
              -1.2192666252330642
            ],
            [
              -2.45,
              -1.2000000000000002
            ],
            [
              -2.483826305852738,
              -1.1817495280050347
            ],
            [
              -2.5197969543147205,
              -1.164467005076142
            ],
            [
              -2.558103779628443,
              -1.1481101857783471
            ],
            [
              -2.598963730569948,
              -1.132642487046632
            ],
            [
              -2.642622950819672,
              -1.118032786885246
            ],
            [
              -2.6893617021276595,
              -1.1042553191489362
            ],
            [
              -2.7395003376097233,
              -1.0912896691424714
            ],
            [
              -2.793406593406593,
              -1.079120879120879
            ],
            [
              -2.8515045486354094,
              -1.0677396780965709
            ],
            [
              -2.914285714285714,
              -1.0571428571428572
            ],
            [
              -2.9823228634039443,
              -1.0473338203067932
            ],
            [
              -3.0562874251497005,
              -1.038323353293413
            ],
            [
              -3.136971560338201,
              -1.030130668716372
            ],
            [
              -3.2253164556962024,
              -1.0227848101265822
            ],
            [
              -3.322448979591837,
              -1.0163265306122449
            ],
            [
              -3.42972972972973,
              -1.010810810810811
            ],
            [
              -3.5488168273444343,
              -1.006310254163015
            ],
            [
              -3.681751824817518,
              -1.0029197080291972
            ],
            [
              -3.8310772163965683,
              -1.0007626310772164
            ]
          ]
        }
      }
    }
  ]
}
