{
  "sizing_scheme": "SquareCenter",
  "base_line_width": 4.0,
  "axes_range": [
    5.0
  ],
  "padding": [
    0.05
  ],
  "drawables": [
    {
      "drawable": {
        "Polyline": {
          "line_closure_choice": "Closed",
          "locations": [
            [
              -5.0,
              -5.0
            ],
            [
              -5.0,
              5.0
            ],
            [
              5.0,
              5.0
            ],
            [
              5.0,
              -5.0
            ]
          ]
        }
      }
    },
    {
      "drawable": {
        "Lines": {
          "line_choice": "Light",
          "start": [
            [
              -5.0,
              0.0
            ]
          ],
          "end": [
            [
              5.0,
              0.0
            ]
          ],
          "offsets": [
            [
              0.0,
              0.0
            ],
            [
              -0.0,
              -1.0
            ],
            [
              -0.0,
              -2.0
            ],
            [
              -0.0,
              -3.0
            ],
            [
              -0.0,
              -4.0
            ],
            [
              0.0,
              1.0
            ],
            [
              0.0,
              2.0
            ],
            [
              0.0,
              3.0
            ],
            [
              0.0,
              4.0
            ]
          ]
        }
      }
    },
    {
      "drawable": {
        "Lines": {
          "line_choice": "Light",
          "start": [
            [
              0.0,
              -5.0
            ]
          ],
          "end": [
            [
              0.0,
              5.0
            ]
          ],
          "offsets": [
            [
              0.0,
              0.0
            ],
            [
              -1.0,
              -0.0
            ],
            [
              -2.0,
              -0.0
            ],
            [
              -3.0,
              -0.0
            ],
            [
              -4.0,
              -0.0
            ],
            [
              1.0,
              0.0
            ],
            [
              2.0,
              0.0
            ],
            [
              3.0,
              0.0
            ],
            [
              4.0,
              0.0
            ]
          ]
        }
      }
    },
    {
      "drawable": {
        "Text": {
          "size_choice": "Small",
          "offset_choice": "Both",
          "anchor_vertical": "Top",
          "texts": [
            {
              "content": "-5.0",
              "location": [
                -5.0,
                -5.0
              ]
            },
            {
              "content": "0.0",
              "location": [
                0.0,
                -5.0
              ]
            },
            {
              "content": "5.0",
              "location": [
                5.0,
                -5.0
              ]
            }
          ]
        }
      }
    },
    {
      "drawable": {
        "Text": {
          "size_choice": "Small",
          "offset_choice": "Both",
          "anchor_horizontal": "Right",
          "texts": [
            {
              "content": "-5.0",
              "location": [
                -5.0,
                -5.0
              ]
            },
            {
              "content": "0.0",
              "location": [
                -5.0,
                0.0
              ]
            },
            {
              "content": "5.0",
              "location": [
                -5.0,
                5.0
              ]
            }
          ]
        }
      }
    },
    {
      "layer": 15,
      "drawable": {
        "Circles": {
          "color_choice": "BrightRed",
          "radius": 1.2,
          "centers": [
            [
              -1.5,
              3.0
            ],
            [
              1.5,
              3.0
            ]
          ]
        }
      }
    },
    {
      "layer": 10,
      "drawable": {
        "Circles": {
          "color_choice": "Blue",
          "radius": 1.2,
          "centers": [
            [
              -3.0,
              3.0
            ],
            [
              0.0,
              3.0
            ],
            [
              3.0,
              3.0
            ]
          ]
        }
      }
    }
  ]
}
