{
  "sizing_scheme": "Fill",
  "axes_range": [
    2.0
  ],
  "padding": [
    0.1,
    0.2,
    0.15,
    0.05
  ]
}
