{
  "sizing_scheme": "SquareCenter",
  "base_width": 300.0,
  "base_height": 450.0,
  "axes_range": [
    -2.0,
    -1.5,
    2.0,
    1.5
  ],
  "drawables": [
    {
      "layer": 0,
      "drawable": {
        "Lines": {
          "start": [
            [
              -2.0,
              -1.5
            ]
          ],
          "end": [
            [
              -2.0,
              1.5
            ]
          ],
          "offsets": [
            [
              0.0,
              0.0
            ],
            [
              4.0,
              0.0
            ]
          ]
        }
      }
    },
    {
      "layer": 0,
      "drawable": {
        "Lines": {
          "line_choice": "Light",
          "start": [
            [
              -2.0,
              1.5
            ],
            [
              2.0,
              1.5
            ]
          ],
          "end": [
            [
              2.0,
              -1.5
            ],
            [
              -2.0,
              -1.5
            ]
          ],
          "offsets": [
            [
              0.0,
              0.0
            ]
          ]
        }
      }
    }
  ]
}
