{
  "sizing_scheme": "SquareShrink",
  "base_width": 500.0,
  "base_height": 200.0,
  "axes_range": [
    2.0
  ]
}
