{
  "sizing_scheme": "Fill",
  "axes_range": [
    2.0
  ],
  "padding": [
    0.03,
    0.08
  ],
  "drawables": [
    {
      "layer": 0,
      "drawable": {
        "Lines": {
          "start": [
            [
              0.0,
              -2.0
            ],
            [
              -2.0,
              0.0
            ]
          ],
          "end": [
            [
              0.0,
              2.0
            ],
            [
              2.0,
              0.0
            ]
          ],
          "offsets": [
            [
              0.0,
              0.0
            ]
          ]
        }
      }
    },
    {
      "layer": 0,
      "drawable": {
        "Lines": {
          "line_choice": "Light",
          "start": [
            [
              -2.0,
              0.0
            ]
          ],
          "end": [
            [
              2.0,
              0.0
            ]
          ],
          "offsets": [
            [
              -0.0,
              -0.75
            ],
            [
              -0.0,
              -1.5
            ],
            [
              0.0,
              0.75
            ],
            [
              0.0,
              1.5
            ]
          ]
        }
      }
    },
    {
      "layer": 0,
      "drawable": {
        "Lines": {
          "line_choice": "Light",
          "start": [
            [
              0.0,
              -2.0
            ]
          ],
          "end": [
            [
              0.0,
              2.0
            ]
          ],
          "offsets": [
            [
              -0.4,
              -0.0
            ],
            [
              -0.8,
              -0.0
            ],
            [
              -1.2000000000000002,
              -0.0
            ],
            [
              -1.6,
              -0.0
            ],
            [
              -2.0,
              -0.0
            ],
            [
              0.4,
              0.0
            ],
            [
              0.8,
              0.0
            ],
            [
              1.2000000000000002,
              0.0
            ],
            [
              1.6,
              0.0
            ],
            [
              2.0,
              0.0
            ]
          ]
        }
      }
    }
  ]
}
