{
  "sizing_scheme": "Fill",
  "axes_range": [
    -4.5,
    -2.5,
    1.5,
    2.5
  ],
  "padding": [
    0.05
  ],
  "drawables": [
    {
      "drawable": {
        "Polyline": {
          "line_closure_choice": "Closed",
          "locations": [
            [
              -4.5,
              -2.5
            ],
            [
              -4.5,
              2.5
            ],
            [
              1.5,
              2.5
            ],
            [
              1.5,
              -2.5
            ]
          ]
        }
      }
    },
    {
      "drawable": {
        "Lines": {
          "line_choice": "Light",
          "start": [
            [
              -4.5,
              0.0
            ]
          ],
          "end": [
            [
              1.5,
              0.0
            ]
          ],
          "offsets": [
            [
              0.0,
              0.0
            ],
            [
              -0.0,
              -1.0
            ],
            [
              -0.0,
              -2.0
            ],
            [
              0.0,
              1.0
            ],
            [
              0.0,
              2.0
            ]
          ]
        }
      }
    },
    {
      "drawable": {
        "Lines": {
          "line_choice": "Light",
          "start": [
            [
              0.0,
              -2.5
            ]
          ],
          "end": [
            [
              0.0,
              2.5
            ]
          ],
          "offsets": [
            [
              0.0,
              0.0
            ],
            [
              -1.0,
              -0.0
            ],
            [
              -2.0,
              -0.0
            ],
            [
              -3.0,
              -0.0
            ],
            [
              -4.0,
              -0.0
            ],
            [
              1.0,
              0.0
            ]
          ]
        }
      }
    },
    {
      "drawable": {
        "Text": {
          "size_choice": "Small",
          "offset_choice": "Both",
          "anchor_vertical": "Top",
          "texts": [
            {
              "content": "-4.0",
              "location": [
                -4.0,
                -2.5
              ]
            },
            {
              "content": "0.0",
              "location": [
                0.0,
                -2.5
              ]
            },
            {
              "content": "1.0",
              "location": [
                1.0,
                -2.5
              ]
            }
          ]
        }
      }
    },
    {
      "drawable": {
        "Text": {
          "size_choice": "Small",
          "offset_choice": "Both",
          "anchor_horizontal": "Right",
          "texts": [
            {
              "content": "-2.0",
              "location": [
                -4.5,
                -2.0
              ]
            },
            {
              "content": "0.0",
              "location": [
                -4.5,
                0.0
              ]
            },
            {
              "content": "2.0",
              "location": [
                -4.5,
                2.0
              ]
            }
          ]
        }
      }
    },
    {
      "layer": 20,
      "drawable": {
        "Points": {
          "color_choice": "Blue",
          "centers": [
            [
              -2.0615595959595963,
              1.2121212121212126
            ],
            [
              -1.8384928511434813,
              1.3025845312087545
            ],
            [
              -1.520490232174749,
              1.3903008655035036
            ],
            [
              -1.0607287773128777,
              1.431892143189215
            ],
            [
              -0.435806451612903,
              1.290322580645162
            ],
            [
              0.13610287656268966,
              0.6457094307561598
            ],
            [
              -0.13941151832460813,
              -0.6282722513089006
            ],
            [
              -1.4010149921790405,
              -1.554566237516544
            ],
            [
              -2.4660693877551023,
              -1.6326530612244892
            ],
            [
              -3.005374712643678,
              -1.3793103448275856
            ],
            [
              -3.2421215616922865,
              -1.104611617467011
            ],
            [
              -3.341290276224691,
              -0.8783992767243226
            ],
            [
              -3.3790987468671676,
              -0.7017543859649124
            ]
          ]
        }
      }
    },
    {
      "layer": 30,
      "drawable": {
        "Polyline": {
          "color_choice": "Red",
          "locations": [
            [
              -2.0615595959595963,
              1.2121212121212126
            ],
            [
              -2.0146597038408247,
              1.2332044631124819
            ],
            [
              -1.9638853845111426,
              1.2547722185617696
            ],
            [
              -1.9088126259627252,
              1.2767164529098292
            ],
            [
              -1.8489673184357542,
              1.298882681564246
            ],
            [
              -1.7838216058286178,
              1.3210547727356783
            ],
            [
              -1.7127917035092124,
              1.342934919010754
            ],
            [
              -1.6352384882209174,
              1.3641172662211318
            ],
            [
              -1.5504729237665407,
              1.3840532989469165
            ],
            [
              -1.4577695280550766,
              1.4020066551748094
            ],
            [
              -1.3563927761055798,
              1.4169946746932165
            ],
            [
              -1.2456437673540597,
              1.4277138748183178
            ],
            [
              -1.1249378549466449,
              1.4324470971242547
            ],
            [
              -0.993928300384602,
              1.4289520454125153
            ],
            [
              -0.8526960125991272,
              1.414335688701203
            ],
            [
              -0.7020296382504119,
              1.3849287169042774
            ],
            [
              -0.5438200705442974,
              1.336191991147383
            ],
            [
              -0.38158127205588505,
              1.2627159851909628
            ],
            [
              -0.2210719493139834,
              1.158415205804919
            ],
            [
              -0.0709122442089799,
              1.0170635931271805
            ],
            [
              0.057045833333333434,
              0.8333333333333333
            ],
            [
              0.1480028591871577,
              0.6044247975686992
            ],
            [
              0.18565295781501845,
              0.33212688950393854
            ],
            [
              0.15509169253475102,
              0.02470502362217338
            ],
            [
              0.04683347924127802,
              -0.30242737763629157
            ],
            [
              -0.13941151832460819,
              -0.6282722513089007
            ],
            [
              -0.3931315404717023,
              -0.9301710165062356
            ],
            [
              -0.6948226133742057,
              -1.1887827190650668
            ],
            [
              -1.0206357660705667,
              -1.3919768003866602
            ],
            [
              -1.3477278177003216,
              -1.536116438019373
            ],
            [
              -1.65815061250806,
              -1.6247582205029008
            ],
            [
              -1.9403678666658863,
              -1.6659731948733874
            ],
            [
              -2.1888017610701893,
              -1.6696300059266784
            ],
            [
              -2.402372401254575,
              -1.6454159944029578
            ],
            [
              -2.5828648903624964,
              -1.6017500982721196
            ],
            [
              -2.7335767999233056,
              -1.5453935384910358
            ],
            [
              -2.8583768959435623,
              -1.4814814814814812
            ],
            [
              -2.96113299589934,
              -1.4137513134199748
            ],
            [
              -3.045409859233668,
              -1.3448272006619033
            ],
            [
              -3.114340908665863,
              -1.276489275397481
            ],
            [
              -3.170600916590284,
              -1.209899175068744
            ],
            [
              -3.2164312736107554,
              -1.1457766831486145
            ],
            [
              -3.2536884926154808,
              -1.0845324151141311
            ],
            [
              -3.28389948327195,
              -1.0263647755891618
            ],
            [
              -3.3083151311090706,
              -0.9713294561779409
            ],
            [
              -3.327958370908024,
              -0.9193885406356535
            ],
            [
              -3.3436654943176594,
              -0.8704447966419828
            ],
            [
              -3.356120731040984,
              -0.8243653654517242
            ],
            [
              -3.3658847341973996,
              -0.7809979418145407
            ],
            [
              -3.3734178098813623,
              -0.7401816754755334
            ],
            [
              -3.3790987468671685,
              -0.7017543859649124
            ]
          ]
        }
      }
    }
  ]
}
