{
  "sizing_scheme": "Fill",
  "axes_range": [
    -4.5,
    -2.5,
    1.5,
    2.5
  ],
  "padding": [
    0.05
  ],
  "drawables": [
    {
      "drawable": {
        "Polyline": {
          "line_closure_choice": "Closed",
          "locations": [
            [
              -4.5,
              -2.5
            ],
            [
              -4.5,
              2.5
            ],
            [
              1.5,
              2.5
            ],
            [
              1.5,
              -2.5
            ]
          ]
        }
      }
    },
    {
      "drawable": {
        "Lines": {
          "line_choice": "Light",
          "start": [
            [
              -4.5,
              0.0
            ]
          ],
          "end": [
            [
              1.5,
              0.0
            ]
          ],
          "offsets": [
            [
              0.0,
              0.0
            ],
            [
              -0.0,
              -1.0
            ],
            [
              -0.0,
              -2.0
            ],
            [
              0.0,
              1.0
            ],
            [
              0.0,
              2.0
            ]
          ]
        }
      }
    },
    {
      "drawable": {
        "Lines": {
          "line_choice": "Light",
          "start": [
            [
              0.0,
              -2.5
            ]
          ],
          "end": [
            [
              0.0,
              2.5
            ]
          ],
          "offsets": [
            [
              0.0,
              0.0
            ],
            [
              -1.0,
              -0.0
            ],
            [
              -2.0,
              -0.0
            ],
            [
              -3.0,
              -0.0
            ],
            [
              -4.0,
              -0.0
            ],
            [
              1.0,
              0.0
            ]
          ]
        }
      }
    },
    {
      "drawable": {
        "Text": {
          "size_choice": "Small",
          "offset_choice": "Both",
          "anchor_vertical": "Top",
          "texts": [
            {
              "content": "-4.0",
              "location": [
                -4.0,
                -2.5
              ]
            },
            {
              "content": "0.0",
              "location": [
                0.0,
                -2.5
              ]
            },
            {
              "content": "1.0",
              "location": [
                1.0,
                -2.5
              ]
            }
          ]
        }
      }
    },
    {
      "drawable": {
        "Text": {
          "size_choice": "Small",
          "offset_choice": "Both",
          "anchor_horizontal": "Right",
          "texts": [
            {
              "content": "-2.0",
              "location": [
                -4.5,
                -2.0
              ]
            },
            {
              "content": "0.0",
              "location": [
                -4.5,
                0.0
              ]
            },
            {
              "content": "2.0",
              "location": [
                -4.5,
                2.0
              ]
            }
          ]
        }
      }
    },
    {
      "layer": 20,
      "drawable": {
        "Points": {
          "color_choice": "Blue",
          "centers": [
            [
              -2.061559595959595,
              1.2121212121212124
            ],
            [
              -1.8394031106189503,
              1.3022649201555454
            ],
            [
              -1.5228769472012995,
              1.3898189568831392
            ],
            [
              -1.0653527891330772,
              1.4320055052027014
            ],
            [
              -0.4426222847799628,
              1.2935624476900918
            ],
            [
              0.1325795678599232,
              0.6568490418741028
            ],
            [
              -0.1289875562827957,
              -0.6132675517306241
            ],
            [
              -1.3863995418754707,
              -1.549641027223734
            ],
            [
              -2.4582512442631494,
              -1.6343680640471012
            ],
            [
              -3.0023844537427946,
              -1.3817534886480642
            ],
            [
              -3.241176393198164,
              -1.1062065901626397
            ],
            [
              -3.3410802159694,
              -0.879092018008374
            ],
            [
              -3.3790987468671676,
              -0.7017543859649124
            ]
          ]
        }
      }
    },
    {
      "layer": 30,
      "drawable": {
        "Polyline": {
          "color_choice": "Red",
          "locations": [
            [
              -2.061559595959595,
              1.2121212121212124
            ],
            [
              -2.0148397104835056,
              1.2331256901326197
            ],
            [
              -1.964267514810802,
              1.2546147177062594
            ],
            [
              -1.909421910482175,
              1.2764818310395536
            ],
            [
              -1.8498320177589553,
              1.2985747271727421
            ],
            [
              -1.784973501410738,
              1.3206802890197975
            ],
            [
              -1.7142663162540495,
              1.3425048404216158
            ],
            [
              -1.6370751477864987,
              1.3636481495794417
            ],
            [
              -1.552714564833535,
              1.3835693045417286
            ],
            [
              -1.4604620189421254,
              1.4015421588441173
            ],
            [
              -1.3595834800972635,
              1.4165976725490257
            ],
            [
              -1.2493788861801445,
              1.4274503442906266
            ],
            [
              -1.1292578969968983,
              1.4324064336472884
            ],
            [
              -0.9988607545723469,
              1.4292535515678608
            ],
            [
              -0.8582440263106057,
              1.4151357623647332
            ],
            [
              -0.7081553055403877,
              1.386427726913234
            ],
            [
              -0.550421099597412,
              1.3386386590207118
            ],
            [
              -0.38846084281555887,
              1.2664052522183828
            ],
            [
              -0.2279043420968302,
              1.1636731531181623
            ],
            [
              -0.0772122963698228,
              1.0242108476332314
            ],
            [
              0.051933018711090476,
              0.8426188754953512
            ],
            [
              0.1448670069972717,
              0.6159293378587533
            ],
            [
              0.1853131422193176,
              0.34565297424948244
            ],
            [
              0.15821519943330734,
              0.03969711189480066
            ],
            [
              0.05372020992274937,
              -0.28687287711678955
            ],
            [
              -0.1289875562827958,
              -0.6132675517306242
            ],
            [
              -0.3799273048506896,
              -0.9167952563674375
            ],
            [
              -0.6799520627314014,
              -1.1778362487394476
            ],
            [
              -1.0052942702941348,
              -1.3838398246099033
            ],
            [
              -1.332941071418675,
              -1.5307551215643718
            ],
            [
              -1.6446350662023768,
              -1.6218393957984598
            ],
            [
              -1.928512096846939,
              -1.6650128543221878
            ],
            [
              -2.1787259479769587,
              -1.6701173001987606
            ],
            [
              -2.394014827808515,
              -1.6468902121922016
            ],
            [
              -2.5760615122244195,
              -1.60383462805651
            ],
            [
              -2.7281201039042435,
              -1.5478010843661234
            ],
            [
              -2.854053263542163,
              -1.4840043466340607
            ],
            [
              -2.957743241049319,
              -1.4162462484221825
            ],
            [
              -3.0427784916652527,
              -1.3472000547430694
            ],
            [
              -3.112318663077912,
              -1.2786817484465292
            ],
            [
              -3.1690636860233425,
              -1.2118783078089364
            ],
            [
              -3.2152773973295647,
              -1.1475269367713907
            ],
            [
              -3.2528355110706713,
              -1.086049902262858
            ],
            [
              -3.2832809405129657,
              -1.0276531593470755
            ],
            [
              -3.3078776910864605,
              -0.972397089455224
            ],
            [
              -3.327659340648782,
              -0.9202465033240226
            ],
            [
              -3.343470757959572,
              -0.8711055705678742
            ],
            [
              -3.356003057832975,
              -0.824841956309779
            ],
            [
              -3.3658224087163613,
              -0.781303310973415
            ],
            [
              -3.3733935310637047,
              -0.7403283845368621
            ],
            [
              -3.379098746867168,
              -0.7017543859649124
            ]
          ]
        }
      }
    }
  ]
}
