<!DOCTYPE html>
<html xmlns="http://www.w3.org/1999/xhtml" lang="" xml:lang="">
<head>
  <meta charset="utf-8" />
  <meta name="generator" content="salient" />
  <link href="https://fonts.googleapis.com/css?family=Gentium+Basic:400,400i,700|IBM+Plex+Mono:400,400i,600,600i|IBM+Plex:400,400i,600,600i&display=swap&subset=latin-ext" rel="stylesheet">
<link rel="stylesheet" href="salient-basic.css">
  <title>Test of headings</title>
  <style>
  </style>
</head>
<body>
<header>
<h1 class="title">Test of headings</h1>
</header>
<nav class='toc'><div class='text-narrowing'><span class='sidepiece'>
<ul>
   <li><a target='_self' href='#Section_heading'>Section heading</a>
   <ul>
      <li><a target='_self' href='#Subsection_heading'>Subsection heading</a></li>
      <li><a target='_self' href='#explicit_subsection_anchor'>Subsection heading , another , that is absurdly long and so which gets split across lines</a></li>
   </ul>
   <li><a target='_self' href='#Section_heading__another'>Section heading , another</a>
   <ul>
      <li><a target='_self' href='#Subsection_heading__text_before'>Subsection heading , text before</a>
      <ul>
         <li><a target='_self' href='#Subsubsection_heading'>Subsubsection heading</a>
         <ul>
            <li><a target='_self' href='#Level_4_heading'>Level 4 heading</a></li>
         </ul></li>
      </ul></li>
   </ul>
   <li><a target='_self' href='#Section_heading_11'>Section heading</a>
   <ul>
      <li><a target='_self' href='#'>Heading missing at this level</a>
      <ul>
         <li><a target='_self' href='#Skipped_subsection'>Skipped subsection</a></li>
      </ul>
      <li><a target='_self' href='#Confused_subsection'>Confused subsection</a></li>
   </ul></li>
</ul>
</span></div></nav>
<section id='Section_heading' class='level1'>
<H1>Section heading</H1>
<section id='Subsection_heading' class='level2'>
<H2>Subsection heading</H2>
<p>
Normal text paragraph
</p>
</section>
<section id='explicit_subsection_anchor' class='level2'>
<H2>Subsection heading , another , that is absurdly long and so which gets split across lines</H2>
<p>
Normal text paragraph
</p>
</section>
</section>
<section id='Section_heading__another' class='level1'>
<H1>Section heading , another</H1>
<p>
Text just after a section heading Text just after a section heading Text justafter a section heading Text just after a section heading
</p>
<section id='Subsection_heading__text_before' class='level2'>
<H2>Subsection heading , text before</H2>
<section id='Subsubsection_heading' class='level3'>
<H3>Subsubsection heading</H3>
<section id='Level_4_heading' class='level4'>
<H4>Level 4 heading</H4>
<section id='Level_5_heading' class='level5'>
<H5>Level 5 heading</H5>
<section id='Level_6_heading' class='level6'>
<H6>Level 6 heading</H6>
<p>
Text that should be just a little smaller
</p>
</section>
</section>
</section>
</section>
</section>
</section>
<section id='Section_heading_11' class='level1'>
<H1>Section heading</H1>
<p>
Repetition of heading should be handled with uniquification of anchor
</p>
<section id='Skipped_subsection' class='level3'>
<H3>Skipped subsection</H3>
</section>
<section id='Confused_subsection' class='level2'>
<H2>Confused subsection</H2>
classCoord|funCharacterizer()->result_val:int|result_val:=42
<p>
 This is a single line comment
</p>
|  
|  
<p>
The building blocks for Patinons graphs aretransitively irreducible stplanargraphs and the source and sink nodes can be extrapolated Let us unpack thatinitially just briefly
</p>
<p>

<ul class='detached-list list-compact bullet-unnumbered'><li class='item-simple'>   Planar graphsassumed to be DAGs are graphs that can be drawing without    edge crossings
</li><li class='item-simple'>   Every stplanar graph has one source node and one sink node All nodes can    be reached from the source and are able to reach the sink In other words    there is only one graph and the source node is the only one without parents    and the sink node is the only one without children EXTRA CHARACTERS
</li><li class='item-simple'>   Often either a source or sink node is not needed This is the case for    trees which have a rootthe source but no sink Patinon can extrapolate a    source andor sink node The graph must be laid out so that all nodes that    are without a parent can be connected to the source and all nodes without a    child can be connected to the sink
</li>
</ul>
</p>
</section>
</section>
</section>
</body>
</html>
