<!DOCTYPE html>
<html xmlns="http://www.w3.org/1999/xhtml" lang="" xml:lang="">
<head>
  <meta charset="utf-8" />
  <meta name="generator" content="salient" />
  <link href="https://fonts.googleapis.com/css?family=Gentium+Basic:400,400i,700|IBM+Plex+Mono:400,400i,600,600i|IBM+Plex:400,400i,600,600i&display=swap&subset=latin-ext" rel="stylesheet">
<link rel="stylesheet" href="salient-basic.css">
  <title>MISSING TITLE</title>
  <style>
  </style>
</head>
<body>
<header>
<h1 class="title">MISSING TITLE</h1>
</header>
<p>

<ul class='detached-list list-compact bullet-unnumbered'><li class='item-simple'>
<ul class='detached-list list-spacious bullet-unnumbered'><li class='item-simple'>  At top of file a doublynested list Lorem ipsum dolor sit ametconsectetur adipiscing elit sed do eiusmod tempor incididunt ut labore et dolore magna aliqua Ut enim ad minim veniam quisnostrud exercitation ullamco laboris nisi ut aliquip ex ea commodo consequat Duis aute irure dolor in reprehenderit in voluptate velit esse cillum dolore eufugiat nulla pariatur Excepteursint occaecat cupidatat non proident sunt in culpa qui officiadeserunt mollit anim id est laborum
</li><li class='item-spacious'><p>
 A 2nd item in the nested list
</p>
<p>
 A continuation paragraph
</p>

</li><li class='item-compact'><p>
 A 3rd item in the nested list
</p>
<p>
 A continuation paragraph
</p>

</li>
</ul>
</li><li class='item-simple'> No blank line preceding but nonetheless a valid toplevel item  Lorem ipsum dolor sit ametconsectetur adipiscing elit sed do eiusmod tempor incididunt ut labore et dolore magna aliqua
</li>
</ul>
</p>
<p>
New list follows
</p>
<p>

<ul class='detached-list list-compact bullet-unnumbered'><li class='item-simple'> Lorem ipsum dolor sit ametconsectetur adipiscing elit sed do eiusmod tempor incididunt ut labore et dolore magna aliqua Ut enim ad minim veniam quisnostrud exercitation ullamco laboris nisi ut aliquip ex ea commodo consequat Duis aute irure dolor in reprehenderit in voluptate velit esse cillum dolore eufugiat nulla pariatur Excepteursint occaecat cupidatat non proident sunt in culpa qui officiadeserunt mollit anim id est laborum
</li><li class='item-compact'><p>
 Lorem ipsum dolor sit ametconsectetur adipiscing elit sed do eiusmod tempor incididunt ut labore et dolore magna aliqua Ut enim ad minim veniam quisnostrud exercitation ullamco laboris nisi ut aliquip ex ea commodo consequat Duis aute irure dolor in reprehenderit in voluptate velit esse cillum dolore eufugiat nulla pariatur Excepteursint occaecat cupidatat non proident sunt in culpa qui officiadeserunt mollit anim id est laborum
</p>
<p>
 Lorem ipsum dolor sit ametconsectetur adipiscing elit sed do eiusmod tempor incididunt ut labore et dolore magna aliqua Ut enim ad minim veniam quisnostrud exercitation ullamco laboris nisi ut aliquip ex ea commodo consequat Duis aute irure dolor in reprehenderit in voluptate velit esse cillum dolore eufugiat nulla pariatur Excepteursint occaecat cupidatat non proident sunt in culpa qui officiadeserunt mollit anim id est laborum
</p>

</li><li class='item-spacious'><p>
 Lorem ipsum dolor sit ametconsectetur adipiscing elit sed do eiusmod tempor incididunt ut labore et dolore magna aliqua Ut enim ad minim veniam quisnostrud exercitation ullamco laboris nisi ut aliquip ex ea commodo consequat Duis aute irure dolor in reprehenderit in voluptate velit esse cillum dolore eufugiat nulla pariatur Excepteursint occaecat cupidatat non proident sunt in culpa qui officiadeserunt mollit anim id est laborum
</p>
<p>
 Lorem ipsum dolor sit ametconsectetur adipiscing elit sed do eiusmod tempor incididunt ut labore et dolore magna aliqua Ut enim ad minim veniam quisnostrud exercitation ullamco laboris nisi ut aliquip ex ea commodo consequat Duis aute irure dolor in reprehenderit in voluptate velit esse cillum dolore eufugiat nulla pariatur Excepteursint occaecat cupidatat non proident sunt in culpa qui officiadeserunt mollit anim id est laborum
</p>

</li><li class='item-simple'> Lorem ipsum dolor sit ametconsectetur adipiscing elit sed do eiusmod tempor incididunt ut labore et dolore magna aliqua Ut enim ad minim veniam quisnostrud exercitation ullamco laboris nisi ut aliquip ex ea commodo consequat Duis aute irure dolor in reprehenderit in voluptate velit esse cillum dolore eufugiat nulla pariatur Excepteursint occaecat cupidatat non proident sunt in culpa qui officiadeserunt mollit anim id est laborum
</li>
</ul>
</p>
<p>
New list follows
</p>
<p>

<ul class='detached-list list-spacious bullet-unnumbered'><li class='item-simple'> Lorem ipsum dolor sit ametconsectetur adipiscing elit sed do eiusmod tempor incididunt ut labore et dolore magna aliqua Ut enim ad minim veniam quisnostrud exercitation ullamco laboris nisi ut aliquip ex ea commodo consequat Duis aute irure dolor in reprehenderit in voluptate velit esse cillum dolore eufugiat nulla pariatur Excepteursint occaecat cupidatat non proident sunt in culpa qui officiadeserunt mollit anim id est laborum
</li><li class='item-simple'> Lorem ipsum dolor sit ametconsectetur adipiscing elit sed do eiusmod tempor incididunt ut labore et dolore magna aliqua Ut enim ad minim veniam quisnostrud exercitation ullamco laboris nisi ut aliquip ex ea commodo consequat Duis aute irure dolor in reprehenderit in voluptate velit esse cillum dolore eufugiat nulla pariatur Excepteursint occaecat cupidatat non proident sunt in culpa qui officiadeserunt mollit anim id est laborum
</li>
</ul>
</p>
</section>
</body>
</html>
