<!DOCTYPE html>
<html xmlns="http://www.w3.org/1999/xhtml" lang="" xml:lang="">
<head>
  <meta charset="utf-8" />
  <meta name="generator" content="salient" />
  <link href="https://fonts.googleapis.com/css?family=Gentium+Basic:400,400i,700|IBM+Plex+Mono:400,400i,600,600i|IBM+Plex:400,400i,600,600i&display=swap&subset=latin-ext" rel="stylesheet">
<link rel="stylesheet" href="salient-basic.css">
  <title>MISSING TITLE</title>
  <style>
  </style>
</head>
<body>
<header>
<h1 class="title">MISSING TITLE</h1>
</header>
<p>
Detached lists
</p>
<p>
A simple list
</p>
<p>

<ul class='detached-list list-compact bullet-unnumbered'><li class='item-simple'> Item 1
</li><li class='item-simple'> Item 2
</li><li class='item-simple'> Item 3
</li>
</ul>
</p>
<p>
Longer list
</p>
<p>

<ul class='detached-list list-compact bullet-unnumbered'><li class='item-simple'>   Planar graphsassumed to be DAGs are graphs that can be drawing without    edge crossings
</li><li class='item-simple'>   Every stplanar graph has one source node and one sink node All nodes can    be reached from the source and are able to reach the sink In other words    there is only one graph and the source node is the only one without parents    and the sink node is the only one without children EXTRA CHARACTERS
</li><li class='item-simple'>   Often either a source or sink node is not needed This is the case for    trees which have a rootthe source but no sink Patinon can extrapolate a    source andor sink node The graph must be laid out so that all nodes that    are without a parent can be connected to the source and all nodes without a    child can be connected to the sink
</li>
</ul>
</p>
<p>
A paragraph list
</p>
<p>

<ul class='detached-list list-spacious bullet-unnumbered'><li class='item-simple'> Item 1
</li><li class='item-simple'> Item 2
</li><li class='item-simple'> Item 3
</li>
</ul>
</p>
<p>
List paragraph items in compact form
</p>
<p>

<ul class='detached-list list-compact bullet-unnumbered'><li class='item-compact'><p>
 Item 1 paragraph 1
</p>
<p>
 Item 1 paragraph 2
</p>

</li><li class='item-simple'> Item 2
</li><li class='item-compact'><p>
 Item 3 paragraph 1
</p>
<p>
 Item 3 paragraph 2
</p>

</li>
</ul>
</p>
<p>
List paragraph items with blank lines
</p>
<p>

<ul class='detached-list list-compact bullet-unnumbered'><li class='item-spacious'><p>
 Item 1 paragraph 1
</p>
<p>
 Item 1 paragraph 2
</p>

</li><li class='item-simple'> Item 2
</li><li class='item-spacious'><p>
 Item 3 paragraph 1
</p>
<p>
 Item 3 paragraph 2
</p>

</li>
</ul>
</p>
<p>
Paragraph list paragraph items in compact form
</p>
<p>

<ul class='detached-list list-spacious bullet-unnumbered'><li class='item-compact'><p>
 Item 1 paragraph 1
</p>
<p>
 Item 1 paragraph 2
</p>

</li><li class='item-simple'> Item 2
</li><li class='item-compact'><p>
 Item 3 paragraph 1
</p>
<p>
 Item 3 paragraph 2
</p>

</li>
</ul>
</p>
<p>
Paragraph list paragraph items with blank lines
</p>
<p>

<ul class='detached-list list-spacious bullet-unnumbered'><li class='item-spacious'><p>
 Item 1 paragraph 1
</p>
<p>
 Item 1 paragraph 2
</p>

</li><li class='item-simple'> Item 2
</li><li class='item-spacious'><p>
 Item 3 paragraph 1
</p>
<p>
 Item 3 paragraph 2
</p>

</li>
</ul>
</p>
<p>
Double list
</p>
<p>

<ul class='detached-list list-compact bullet-unnumbered'><li class='item-simple'>
<ul class='detached-list list-compact bullet-unnumbered'><li class='item-simple'>  Item 1A
</li><li class='item-simple'>  Item 1B
</li><li class='item-simple'>  Item 1C
</li>
</ul>
</li><li class='item-simple'>  Item 2
</li><li class='item-simple'>
<ul class='detached-list list-compact bullet-unnumbered'><li class='item-simple'>  Item 3A
</li><li class='item-simple'>  Item 3B
</li>
</ul>
</li>
</ul>
</p>
<p>
Double list paragraph items
</p>
<p>

<ul class='detached-list list-compact bullet-unnumbered'><li class='item-simple'>
<ul class='detached-list list-compact bullet-unnumbered'><li class='item-simple'>  Item 1A
</li><li class='item-compact'><p>
  Item 1B paragraph 1
</p>
<p>
  Item 1B paragraph 2
</p>

</li><li class='item-simple'>  Item 1C
</li>
</ul>
</li><li class='item-compact'><p>
  Item 2 paragraph 1
</p>
<p>
  Item 2 paragraph 2
</p>

</li><li class='item-simple'>
<ul class='detached-list list-compact bullet-unnumbered'><li class='item-simple'>  Item 3A
</li><li class='item-simple'>  Item 3B
</li>
</ul>
</li>
</ul>
</p>
<p>
Attached lists
</p>
<p>
A simple list
<ul class='attached-list list-compact bullet-unnumbered'><li class='item-simple'> Item 1
</li><li class='item-simple'> Item 2
</li><li class='item-simple'> Item 3
</li>
</ul>
</p>
<p>
Longer list
<ul class='attached-list list-compact bullet-unnumbered'><li class='item-simple'>   Planar graphsassumed to be DAGs are graphs that can be drawing without    edge crossings
</li><li class='item-simple'>   Every stplanar graph has one source node and one sink node All nodes can    be reached from the source and are able to reach the sink In other words    there is only one graph and the source node is the only one without parents    and the sink node is the only one without children EXTRA CHARACTERS
</li><li class='item-simple'>   Often either a source or sink node is not needed This is the case for    trees which have a rootthe source but no sink Patinon can extrapolate a    source andor sink node The graph must be laid out so that all nodes that    are without a parent can be connected to the source and all nodes without a    child can be connected to the sink
</li>
</ul>
</p>
<p>
A paragraph list
<ul class='attached-list list-spacious bullet-unnumbered'><li class='item-simple'> Item 1
</li><li class='item-simple'> Item 2
</li><li class='item-simple'> Item 3
</li>
</ul>
</p>
<p>
List paragraph items in compact form
<ul class='attached-list list-compact bullet-unnumbered'><li class='item-compact'><p>
 Item 1 paragraph 1
</p>
<p>
 Item 1 paragraph 2
</p>

</li><li class='item-simple'> Item 2
</li><li class='item-compact'><p>
 Item 3 paragraph 1
</p>
<p>
 Item 3 paragraph 2
</p>

</li>
</ul>
</p>
</section>
</body>
</html>
