<!DOCTYPE html>
<html xmlns="http://www.w3.org/1999/xhtml" lang="" xml:lang="">
<head>
  <meta charset="utf-8" />
  <meta name="generator" content="salient" />
  <link href="https://fonts.googleapis.com/css?family=Gentium+Basic:400,400i,700|IBM+Plex+Mono:400,400i,600,600i|IBM+Plex:400,400i,600,600i&display=swap&subset=latin-ext" rel="stylesheet">
<link rel="stylesheet" href="salient-basic.css">
  <title>Test of text styling</title>
  <style>
  </style>
</head>
<body>
<header>
<h1 class="title">Test of text styling</h1>
</header>
<nav class='toc'><div class='text-narrowing'><span class='sidepiece'>
<ul>
   <li><a target='_self' href='#Simple_inline_styles'>Simple inline styles</a>
   <ul>
      <li><a target='_self' href='#Unnested'>Unnested</a></li>
      <li><a target='_self' href='#Text_**_bold_**_style'>Text ** bold ** style</a></li>
      <li><a target='_self' href='#Text_//_italic_//_style'>Text // italic // style</a></li>
   </ul></li>
</ul>
</span></div></nav>
<section id='Simple_inline_styles' class='level1'>
<H1>Simple inline styles</H1>
<section id='Unnested' class='level2'>
<H2>Unnested</H2>
</section>
<section id='Text_**_bold_**_style' class='level2'>
<H2>Text ** bold ** style</H2>
<b></b><p>
Lorem ipsum<b>dolor sit</b> ametconsectetur<b>adipiscing elit</b> sed do<b>eiusmod</b>tempor incididunt<b> ut labore et dolore</b> magna aliqua Ut enim ad minim veniam quisnostrud exercitation ullamco laboris nisi ut aliquip ex ea commodo consequat Duis aute irure dolor in reprehenderit in voluptate velit esse cillum dolore eufugiat nulla pariatur Excepteursint occaecat cupidatat non proident sunt in culpa qui officiadeserunt mollit anim id est laborum
</p>
</section>
<section id='Text_//_italic_//_style' class='level2'>
<H2>Text // italic // style</H2>
<em></em><p>
Lorem ipsum<em>dolor sit ametconsectetur adipiscing elit sed do eiusmod tempor incididunt ut labore et dolore magna aliqua Ut enim ad minim veniam quisnostrud exercitation ullamco</em> laboris nisi ut aliquip ex ea commodo consequat Duis aute irure dolor in reprehenderit in voluptate velit esse cillum dolore eufugiat nulla pariatur Excepteursint occaecat cupidatat non proident sunt in culpa qui officiadeserunt mollit anim id est laborum
</p>
</section>
</section>
</section>
</body>
</html>
