<!DOCTYPE html>
<html xmlns="http://www.w3.org/1999/xhtml" lang="" xml:lang="">
<head>
  <meta charset="utf-8" />
  <meta name="generator" content="salient" />
  <link href="https://fonts.googleapis.com/css?family=Gentium+Basic:400,400i,700|IBM+Plex+Mono:400,400i,600,600i|IBM+Plex:400,400i,600,600i&display=swap&subset=latin-ext" rel="stylesheet">
<link rel="stylesheet" href="salient-basic.css">
  <title>MISSING TITLE</title>
  <style>
  </style>
</head>
<body>
<header>
<h1 class="title">MISSING TITLE</h1>
</header>
<p>
Unordered list
</p>
<p>

<ul class='detached-list list-compact bullet-unnumbered'><li class='item-simple'> List item 1
</li><li class='item-simple'> List item 2
</li><li class='item-simple'> List item 3
</li><li class='item-simple'> List item 1
</li><li class='item-simple'> List item 2
</li><li class='item-simple'> List item 3
</li>
</ul>
</p>
<p>
List break by text
</p>
<p>

<ol class='detached-list list-compact lower-alpha-numbered'><li class='item-simple'> List item 1
</li><li class='item-simple'> List item 2
</li><li class='item-simple'> List item 3
</li>
</ol>
</p>
<p>
Put LIST BREAK token here
</p>
<p>

<ol class='detached-list list-compact upper-alpha-numbered'><li class='item-simple'> List item 1
</li><li class='item-simple'> List item 2
</li><li class='item-simple'> List item 3
</li>
</ol>
</p>
<p>
List break
</p>
<p>

<ol class='detached-list list-compact lower-roman-numbered'><li class='item-simple'> List item 1
</li><li class='item-simple'> List item 2
</li><li class='item-simple'> List item 3
</li>
</ol>
</p>
<p>
List break
</p>
<p>

<ol class='detached-list list-compact upper-roman-numbered'><li class='item-simple'> List item 1
</li><li class='item-simple'> List item 2
</li><li class='item-simple'> List item 3
</li>
</ol>
</p>
<p>
Nested list check
</p>
<p>

<ul class='detached-list list-compact bullet-unnumbered'><li class='item-simple'>  List item
<ul class='attached-list list-compact bullet-unnumbered'><li class='item-simple'> List item 1
</li><li class='item-simple'> List item 2
</li><li class='item-simple'> List item 3
</li>
</ul>
</li><li class='item-simple'>  List item
<ul class='attached-list list-compact bullet-unnumbered'><li class='item-simple'> List item 1
</li><li class='item-simple'> List item 2
</li><li class='item-simple'> List item 3
</li>
</ul>
</li>
</ul>
</p>
<p>
List content pattern
</p>
<p>

<ul class='detached-list list-compact bullet-unnumbered'><li class='item-spacious'><p>
  List item
<ol class='attached-list list-compact arabic-numbered'><li class='item-simple'> List item 1
</li><li class='item-simple'> List item 2
</li><li class='item-simple'> List item 3
</li>
</ol>
</p>
<p>
  Text after list
</p>

</li>
</ul>
</p>
</section>
</body>
</html>
